###############################################################################
#
# IAR ELF Linker V9.40.1.364/W64 for ARM                  15/Jan/2026  19:13:15
# Copyright 2007-2023 IAR Systems AB.
#
#    Output file  =
#        D:\fenkuandianlu\ADS\code\kaiyuan_code\a\project\iar\project_config\Debug_m7_0\Exe\cyt4bb7_cm_7_0.out
#    Map file     =
#        D:\fenkuandianlu\ADS\code\kaiyuan_code\a\project\iar\Debug_m7_0\List\cyt4bb7_cm_7_0.map
#    Command line =
#        -f
#        D:\fenkuandianlu\ADS\code\kaiyuan_code\a\project\iar\project_config\Debug_m7_0\Exe\cyt4bb7_cm_7_0.out.rsp
#        (D:\fenkuandianlu\ADS\code\kaiyuan_code\a\project\iar\Debug_m7_0\Obj\user_8514941877209965082.dir\cm7_0_isr.o
#        D:\fenkuandianlu\ADS\code\kaiyuan_code\a\project\iar\Debug_m7_0\Obj\adc_11722776235721520015.dir\cy_adc.o
#        D:\fenkuandianlu\ADS\code\kaiyuan_code\a\project\iar\Debug_m7_0\Obj\button_4990804375159372270.dir\cy_button.o
#        D:\fenkuandianlu\ADS\code\kaiyuan_code\a\project\iar\Debug_m7_0\Obj\canfd_1800690984773873875.dir\cy_canfd.o
#        D:\fenkuandianlu\ADS\code\kaiyuan_code\a\project\iar\Debug_m7_0\Obj\cpu_15938736945165268644.dir\cy_cpu.o
#        D:\fenkuandianlu\ADS\code\kaiyuan_code\a\project\iar\Debug_m7_0\Obj\crypto_1190170608956581615.dir\cy_crypto_config.o
#        D:\fenkuandianlu\ADS\code\kaiyuan_code\a\project\iar\Debug_m7_0\Obj\eth_phy_18133017486186456677.dir\cy_dp83867.o
#        D:\fenkuandianlu\ADS\code\kaiyuan_code\a\project\iar\Debug_m7_0\Obj\ethernet_6029839089178797009.dir\cy_ethif.o
#        D:\fenkuandianlu\ADS\code\kaiyuan_code\a\project\iar\Debug_m7_0\Obj\evtgen_3404189088603873129.dir\cy_evtgen.o
#        D:\fenkuandianlu\ADS\code\kaiyuan_code\a\project\iar\Debug_m7_0\Obj\flash_8529866181315662935.dir\cy_flash.o
#        D:\fenkuandianlu\ADS\code\kaiyuan_code\a\project\iar\Debug_m7_0\Obj\gpio_3999404635324069351.dir\cy_gpio.o
#        D:\fenkuandianlu\ADS\code\kaiyuan_code\a\project\iar\Debug_m7_0\Obj\audioss_1346650047966882938.dir\cy_i2s.o
#        D:\fenkuandianlu\ADS\code\kaiyuan_code\a\project\iar\Debug_m7_0\Obj\rev_b_6162237342861132223.dir\cy_interrupt_map.o
#        D:\fenkuandianlu\ADS\code\kaiyuan_code\a\project\iar\Debug_m7_0\Obj\ipc_10145506163450686023.dir\cy_ipc_drv.o
#        D:\fenkuandianlu\ADS\code\kaiyuan_code\a\project\iar\Debug_m7_0\Obj\ipc_10145506163450686023.dir\cy_ipc_pipe.o
#        D:\fenkuandianlu\ADS\code\kaiyuan_code\a\project\iar\Debug_m7_0\Obj\ipc_10145506163450686023.dir\cy_ipc_sema.o
#        D:\fenkuandianlu\ADS\code\kaiyuan_code\a\project\iar\Debug_m7_0\Obj\lin_18429031207028094880.dir\cy_lin.o
#        D:\fenkuandianlu\ADS\code\kaiyuan_code\a\project\iar\Debug_m7_0\Obj\lvd_6353935867039560245.dir\cy_lvd.o
#        D:\fenkuandianlu\ADS\code\kaiyuan_code\a\project\iar\Debug_m7_0\Obj\mcwdt_4052485907822033969.dir\cy_mcwdt.o
#        D:\fenkuandianlu\ADS\code\kaiyuan_code\a\project\iar\Debug_m7_0\Obj\dma_12106025507578611576.dir\cy_mdma.o
#        D:\fenkuandianlu\ADS\code\kaiyuan_code\a\project\iar\Debug_m7_0\Obj\mpu_5663187252346826382.dir\cy_mpu.o
#        D:\fenkuandianlu\ADS\code\kaiyuan_code\a\project\iar\Debug_m7_0\Obj\flash_864493325053435817.dir\cy_mw_flash.o
#        D:\fenkuandianlu\ADS\code\kaiyuan_code\a\project\iar\Debug_m7_0\Obj\dma_12106025507578611576.dir\cy_pdma.o
#        D:\fenkuandianlu\ADS\code\kaiyuan_code\a\project\iar\Debug_m7_0\Obj\power_14453085144426420577.dir\cy_power.o
#        D:\fenkuandianlu\ADS\code\kaiyuan_code\a\project\iar\Debug_m7_0\Obj\prot_10722960861768657883.dir\cy_prot.o
#        D:\fenkuandianlu\ADS\code\kaiyuan_code\a\project\iar\Debug_m7_0\Obj\scb_15490842639181808494.dir\cy_scb_common.o
#        D:\fenkuandianlu\ADS\code\kaiyuan_code\a\project\iar\Debug_m7_0\Obj\scb_15490842639181808494.dir\cy_scb_ezi2c.o
#        D:\fenkuandianlu\ADS\code\kaiyuan_code\a\project\iar\Debug_m7_0\Obj\scb_15490842639181808494.dir\cy_scb_i2c.o
#        D:\fenkuandianlu\ADS\code\kaiyuan_code\a\project\iar\Debug_m7_0\Obj\scb_15490842639181808494.dir\cy_scb_spi.o
#        D:\fenkuandianlu\ADS\code\kaiyuan_code\a\project\iar\Debug_m7_0\Obj\scb_15490842639181808494.dir\cy_scb_uart.o
#        D:\fenkuandianlu\ADS\code\kaiyuan_code\a\project\iar\Debug_m7_0\Obj\sd_host_2982766354293506895.dir\cy_sd_host.o
#        D:\fenkuandianlu\ADS\code\kaiyuan_code\a\project\iar\Debug_m7_0\Obj\semihosting_143864889731838620.dir\cy_semihosting.o
#        D:\fenkuandianlu\ADS\code\kaiyuan_code\a\project\iar\Debug_m7_0\Obj\smartio_5451710003740070188.dir\cy_smartio.o
#        D:\fenkuandianlu\ADS\code\kaiyuan_code\a\project\iar\Debug_m7_0\Obj\smif_427648126384146252.dir\cy_smif.o
#        D:\fenkuandianlu\ADS\code\kaiyuan_code\a\project\iar\Debug_m7_0\Obj\smif_mem_6470536964353725183.dir\cy_smif_device_common.o
#        D:\fenkuandianlu\ADS\code\kaiyuan_code\a\project\iar\Debug_m7_0\Obj\smif_mem_6470536964353725183.dir\cy_smif_hb_flash.o
#        D:\fenkuandianlu\ADS\code\kaiyuan_code\a\project\iar\Debug_m7_0\Obj\smif_427648126384146252.dir\cy_smif_memslot.o
#        D:\fenkuandianlu\ADS\code\kaiyuan_code\a\project\iar\Debug_m7_0\Obj\smif_mem_6470536964353725183.dir\cy_smif_s25fl.o
#        D:\fenkuandianlu\ADS\code\kaiyuan_code\a\project\iar\Debug_m7_0\Obj\smif_mem_6470536964353725183.dir\cy_smif_s25fs.o
#        D:\fenkuandianlu\ADS\code\kaiyuan_code\a\project\iar\Debug_m7_0\Obj\smif_mem_6470536964353725183.dir\cy_smif_semp.o
#        D:\fenkuandianlu\ADS\code\kaiyuan_code\a\project\iar\Debug_m7_0\Obj\smif_427648126384146252.dir\cy_smif_ver_specific.o
#        D:\fenkuandianlu\ADS\code\kaiyuan_code\a\project\iar\Debug_m7_0\Obj\srom_13018798572330080582.dir\cy_srom.o
#        D:\fenkuandianlu\ADS\code\kaiyuan_code\a\project\iar\Debug_m7_0\Obj\sw_timer_4215635015939382130.dir\cy_sw_tmr.o
#        D:\fenkuandianlu\ADS\code\kaiyuan_code\a\project\iar\Debug_m7_0\Obj\sysclk_16149231235676103872.dir\cy_sysclk.o
#        D:\fenkuandianlu\ADS\code\kaiyuan_code\a\project\iar\Debug_m7_0\Obj\sysflt_12293435975120599261.dir\cy_sysflt.o
#        D:\fenkuandianlu\ADS\code\kaiyuan_code\a\project\iar\Debug_m7_0\Obj\sysint_7435970359207984181.dir\cy_sysint.o
#        D:\fenkuandianlu\ADS\code\kaiyuan_code\a\project\iar\Debug_m7_0\Obj\syslib_16330585751512546975.dir\cy_syslib.o
#        D:\fenkuandianlu\ADS\code\kaiyuan_code\a\project\iar\Debug_m7_0\Obj\syslib_16330585751512546975.dir\cy_syslib_iar.o
#        D:\fenkuandianlu\ADS\code\kaiyuan_code\a\project\iar\Debug_m7_0\Obj\syspm_10887939769544754770.dir\cy_syspm.o
#        D:\fenkuandianlu\ADS\code\kaiyuan_code\a\project\iar\Debug_m7_0\Obj\sysreghc_17676636058511625587.dir\cy_sysreghc.o
#        D:\fenkuandianlu\ADS\code\kaiyuan_code\a\project\iar\Debug_m7_0\Obj\sysreset_14586141425677365288.dir\cy_sysreset.o
#        D:\fenkuandianlu\ADS\code\kaiyuan_code\a\project\iar\Debug_m7_0\Obj\sysrtc_10747768817563771611.dir\cy_sysrtc.o
#        D:\fenkuandianlu\ADS\code\kaiyuan_code\a\project\iar\Debug_m7_0\Obj\systick_16016591671695740695.dir\cy_systick.o
#        D:\fenkuandianlu\ADS\code\kaiyuan_code\a\project\iar\Debug_m7_0\Obj\syswdt_9118657615806274156.dir\cy_syswdt.o
#        D:\fenkuandianlu\ADS\code\kaiyuan_code\a\project\iar\Debug_m7_0\Obj\tcpwm_422923530147891246.dir\cy_tcpwm.o
#        D:\fenkuandianlu\ADS\code\kaiyuan_code\a\project\iar\Debug_m7_0\Obj\tcpwm_422923530147891246.dir\cy_tcpwm_counter.o
#        D:\fenkuandianlu\ADS\code\kaiyuan_code\a\project\iar\Debug_m7_0\Obj\tcpwm_422923530147891246.dir\cy_tcpwm_pwm.o
#        D:\fenkuandianlu\ADS\code\kaiyuan_code\a\project\iar\Debug_m7_0\Obj\tcpwm_422923530147891246.dir\cy_tcpwm_quaddec.o
#        D:\fenkuandianlu\ADS\code\kaiyuan_code\a\project\iar\Debug_m7_0\Obj\tcpwm_422923530147891246.dir\cy_tcpwm_sr.o
#        D:\fenkuandianlu\ADS\code\kaiyuan_code\a\project\iar\Debug_m7_0\Obj\trigmux_9729677290734583340.dir\cy_trigmux.o
#        D:\fenkuandianlu\ADS\code\kaiyuan_code\a\project\iar\Debug_m7_0\Obj\ethernet_6029839089178797009.dir\edd.o
#        D:\fenkuandianlu\ADS\code\kaiyuan_code\a\project\iar\Debug_m7_0\Obj\ethernet_6029839089178797009.dir\edd_rx.o
#        D:\fenkuandianlu\ADS\code\kaiyuan_code\a\project\iar\Debug_m7_0\Obj\ethernet_6029839089178797009.dir\edd_tx.o
#        D:\fenkuandianlu\ADS\code\kaiyuan_code\a\project\iar\Debug_m7_0\Obj\code_17896468042025673432.dir\Encoder.o
#        D:\fenkuandianlu\ADS\code\kaiyuan_code\a\project\iar\Debug_m7_0\Obj\code_17896468042025673432.dir\gyroscope.o
#        D:\fenkuandianlu\ADS\code\kaiyuan_code\a\project\iar\Debug_m7_0\Obj\code_17896468042025673432.dir\Image_processing.o
#        D:\fenkuandianlu\ADS\code\kaiyuan_code\a\project\iar\Debug_m7_0\Obj\code_17896468042025673432.dir\key.o
#        D:\fenkuandianlu\ADS\code\kaiyuan_code\a\project\iar\Debug_m7_0\Obj\user_8514941877209965082.dir\main_cm7_0.o
#        D:\fenkuandianlu\ADS\code\kaiyuan_code\a\project\iar\Debug_m7_0\Obj\code_17896468042025673432.dir\menu.o
#        D:\fenkuandianlu\ADS\code\kaiyuan_code\a\project\iar\Debug_m7_0\Obj\code_17896468042025673432.dir\Motor.o
#        D:\fenkuandianlu\ADS\code\kaiyuan_code\a\project\iar\Debug_m7_0\Obj\code_17896468042025673432.dir\params_save.o
#        D:\fenkuandianlu\ADS\code\kaiyuan_code\a\project\iar\Debug_m7_0\Obj\code_17896468042025673432.dir\quaternion.o
#        D:\fenkuandianlu\ADS\code\kaiyuan_code\a\project\iar\Debug_m7_0\Obj\zf_components_14936052685886095442.dir\seekfree_assistant.o
#        D:\fenkuandianlu\ADS\code\kaiyuan_code\a\project\iar\Debug_m7_0\Obj\zf_components_14936052685886095442.dir\seekfree_assistant_interface.o
#        D:\fenkuandianlu\ADS\code\kaiyuan_code\a\project\iar\Debug_m7_0\Obj\code_17896468042025673432.dir\small_driver_uart_control.o
#        D:\fenkuandianlu\ADS\code\kaiyuan_code\a\project\iar\Debug_m7_0\Obj\startup_479057977785470282.dir\startup.o
#        D:\fenkuandianlu\ADS\code\kaiyuan_code\a\project\iar\Debug_m7_0\Obj\startup_479057977785470282.dir\startup_cm7.o
#        D:\fenkuandianlu\ADS\code\kaiyuan_code\a\project\iar\Debug_m7_0\Obj\rev_b_4986922561640112550.dir\system_tviibh4m_cm7.o
#        D:\fenkuandianlu\ADS\code\kaiyuan_code\a\project\iar\Debug_m7_0\Obj\code_17896468042025673432.dir\trajectory.o
#        D:\fenkuandianlu\ADS\code\kaiyuan_code\a\project\iar\Debug_m7_0\Obj\zf_common_1201165462030747823.dir\zf_common_clock.o
#        D:\fenkuandianlu\ADS\code\kaiyuan_code\a\project\iar\Debug_m7_0\Obj\zf_common_1201165462030747823.dir\zf_common_debug.o
#        D:\fenkuandianlu\ADS\code\kaiyuan_code\a\project\iar\Debug_m7_0\Obj\zf_common_1201165462030747823.dir\zf_common_fifo.o
#        D:\fenkuandianlu\ADS\code\kaiyuan_code\a\project\iar\Debug_m7_0\Obj\zf_common_1201165462030747823.dir\zf_common_font.o
#        D:\fenkuandianlu\ADS\code\kaiyuan_code\a\project\iar\Debug_m7_0\Obj\zf_common_1201165462030747823.dir\zf_common_function.o
#        D:\fenkuandianlu\ADS\code\kaiyuan_code\a\project\iar\Debug_m7_0\Obj\zf_common_1201165462030747823.dir\zf_common_interrupt.o
#        D:\fenkuandianlu\ADS\code\kaiyuan_code\a\project\iar\Debug_m7_0\Obj\zf_device_6570275422786408770.dir\zf_device_ble6a20.o
#        D:\fenkuandianlu\ADS\code\kaiyuan_code\a\project\iar\Debug_m7_0\Obj\zf_device_6570275422786408770.dir\zf_device_dl1a.o
#        D:\fenkuandianlu\ADS\code\kaiyuan_code\a\project\iar\Debug_m7_0\Obj\zf_device_6570275422786408770.dir\zf_device_dl1b.o
#        D:\fenkuandianlu\ADS\code\kaiyuan_code\a\project\iar\Debug_m7_0\Obj\zf_device_6570275422786408770.dir\zf_device_gnss.o
#        D:\fenkuandianlu\ADS\code\kaiyuan_code\a\project\iar\Debug_m7_0\Obj\zf_device_6570275422786408770.dir\zf_device_icm20602.o
#        D:\fenkuandianlu\ADS\code\kaiyuan_code\a\project\iar\Debug_m7_0\Obj\zf_device_6570275422786408770.dir\zf_device_imu660ra.o
#        D:\fenkuandianlu\ADS\code\kaiyuan_code\a\project\iar\Debug_m7_0\Obj\zf_device_6570275422786408770.dir\zf_device_imu963ra.o
#        D:\fenkuandianlu\ADS\code\kaiyuan_code\a\project\iar\Debug_m7_0\Obj\zf_device_6570275422786408770.dir\zf_device_ips114.o
#        D:\fenkuandianlu\ADS\code\kaiyuan_code\a\project\iar\Debug_m7_0\Obj\zf_device_6570275422786408770.dir\zf_device_ips200.o
#        D:\fenkuandianlu\ADS\code\kaiyuan_code\a\project\iar\Debug_m7_0\Obj\zf_device_6570275422786408770.dir\zf_device_ips200pro.o
#        D:\fenkuandianlu\ADS\code\kaiyuan_code\a\project\iar\Debug_m7_0\Obj\zf_device_6570275422786408770.dir\zf_device_key.o
#        D:\fenkuandianlu\ADS\code\kaiyuan_code\a\project\iar\Debug_m7_0\Obj\zf_device_6570275422786408770.dir\zf_device_menc15a.o
#        D:\fenkuandianlu\ADS\code\kaiyuan_code\a\project\iar\Debug_m7_0\Obj\zf_device_6570275422786408770.dir\zf_device_mt9v03x.o
#        D:\fenkuandianlu\ADS\code\kaiyuan_code\a\project\iar\Debug_m7_0\Obj\zf_device_6570275422786408770.dir\zf_device_oled.o
#        D:\fenkuandianlu\ADS\code\kaiyuan_code\a\project\iar\Debug_m7_0\Obj\zf_device_6570275422786408770.dir\zf_device_tft180.o
#        D:\fenkuandianlu\ADS\code\kaiyuan_code\a\project\iar\Debug_m7_0\Obj\zf_device_6570275422786408770.dir\zf_device_tsl1401.o
#        D:\fenkuandianlu\ADS\code\kaiyuan_code\a\project\iar\Debug_m7_0\Obj\zf_device_6570275422786408770.dir\zf_device_type.o
#        D:\fenkuandianlu\ADS\code\kaiyuan_code\a\project\iar\Debug_m7_0\Obj\zf_device_6570275422786408770.dir\zf_device_uart_receiver.o
#        D:\fenkuandianlu\ADS\code\kaiyuan_code\a\project\iar\Debug_m7_0\Obj\zf_device_6570275422786408770.dir\zf_device_wifi_spi.o
#        D:\fenkuandianlu\ADS\code\kaiyuan_code\a\project\iar\Debug_m7_0\Obj\zf_device_6570275422786408770.dir\zf_device_wifi_uart.o
#        D:\fenkuandianlu\ADS\code\kaiyuan_code\a\project\iar\Debug_m7_0\Obj\zf_device_6570275422786408770.dir\zf_device_wireless_uart.o
#        D:\fenkuandianlu\ADS\code\kaiyuan_code\a\project\iar\Debug_m7_0\Obj\zf_driver_11922370083829174090.dir\zf_driver_adc.o
#        D:\fenkuandianlu\ADS\code\kaiyuan_code\a\project\iar\Debug_m7_0\Obj\zf_driver_11922370083829174090.dir\zf_driver_delay.o
#        D:\fenkuandianlu\ADS\code\kaiyuan_code\a\project\iar\Debug_m7_0\Obj\zf_driver_11922370083829174090.dir\zf_driver_dma.o
#        D:\fenkuandianlu\ADS\code\kaiyuan_code\a\project\iar\Debug_m7_0\Obj\zf_driver_11922370083829174090.dir\zf_driver_encoder.o
#        D:\fenkuandianlu\ADS\code\kaiyuan_code\a\project\iar\Debug_m7_0\Obj\zf_driver_11922370083829174090.dir\zf_driver_exti.o
#        D:\fenkuandianlu\ADS\code\kaiyuan_code\a\project\iar\Debug_m7_0\Obj\zf_driver_11922370083829174090.dir\zf_driver_flash.o
#        D:\fenkuandianlu\ADS\code\kaiyuan_code\a\project\iar\Debug_m7_0\Obj\zf_driver_11922370083829174090.dir\zf_driver_gpio.o
#        D:\fenkuandianlu\ADS\code\kaiyuan_code\a\project\iar\Debug_m7_0\Obj\zf_driver_11922370083829174090.dir\zf_driver_ipc.o
#        D:\fenkuandianlu\ADS\code\kaiyuan_code\a\project\iar\Debug_m7_0\Obj\zf_driver_11922370083829174090.dir\zf_driver_pit.o
#        D:\fenkuandianlu\ADS\code\kaiyuan_code\a\project\iar\Debug_m7_0\Obj\zf_driver_11922370083829174090.dir\zf_driver_pwm.o
#        D:\fenkuandianlu\ADS\code\kaiyuan_code\a\project\iar\Debug_m7_0\Obj\zf_driver_11922370083829174090.dir\zf_driver_soft_iic.o
#        D:\fenkuandianlu\ADS\code\kaiyuan_code\a\project\iar\Debug_m7_0\Obj\zf_driver_11922370083829174090.dir\zf_driver_soft_spi.o
#        D:\fenkuandianlu\ADS\code\kaiyuan_code\a\project\iar\Debug_m7_0\Obj\zf_driver_11922370083829174090.dir\zf_driver_spi.o
#        D:\fenkuandianlu\ADS\code\kaiyuan_code\a\project\iar\Debug_m7_0\Obj\zf_driver_11922370083829174090.dir\zf_driver_timer.o
#        D:\fenkuandianlu\ADS\code\kaiyuan_code\a\project\iar\Debug_m7_0\Obj\zf_driver_11922370083829174090.dir\zf_driver_uart.o
#        --no_out_extension -o
#        D:\fenkuandianlu\ADS\code\kaiyuan_code\a\project\iar\project_config\Debug_m7_0\Exe\cyt4bb7_cm_7_0.out
#        --config_def _CORE_cm7_0_=0 --config_def _LINK_flash_=0 --map
#        D:\fenkuandianlu\ADS\code\kaiyuan_code\a\project\iar\Debug_m7_0\List\cyt4bb7_cm_7_0.map
#        --config
#        D:\fenkuandianlu\ADS\code\kaiyuan_code\a\project\iar\project_config\..\icf\linker_directives_tviibh.icf
#        --semihosting
#        D:\fenkuandianlu\ADS\code\kaiyuan_code\a\project\iar\project_config\..\..\..\libraries\sdk\tviibh4m\src\drivers\crypto\libs\libcrypto_server_cm0plus_iar.a
#        D:\fenkuandianlu\ADS\code\kaiyuan_code\a\project\iar\project_config\..\..\..\libraries\zf_device\zf_device_config.a
#        D:\fenkuandianlu\ADS\code\kaiyuan_code\a\project\iar\project_config\..\..\..\libraries\sdk\common\hdr\cmsis\dsp\iar_cortexM7lf_math.a
#        --entry __iar_program_start --vfe --text_out locale --cpu=Cortex-M7
#        --fpu=VFPv5_d16) --dependencies=n
#        D:\fenkuandianlu\ADS\code\kaiyuan_code\a\project\iar\project_config\Debug_m7_0\Exe\cyt4bb7_cm_7_0.out.iar_deps
#
###############################################################################

*******************************************************************************
*** RUNTIME MODEL ATTRIBUTES
***

CppFlavor       = *
__CPP_Runtime   = 1
__Heap_Handler  = Basic
__SystemLibrary = DLib
__dlib_version  = 6


*******************************************************************************
*** HEAP SELECTION
***

The basic heap was selected because --advanced_heap
was not specified and the application did not appear to
be primarily optimized for speed.


*******************************************************************************
*** PLACEMENT SUMMARY
***

"A0":  place at start of [from 0x1008'0000 to 0x1027'ffff] { section .intvec };
"P1":  place in [from 0x1008'0000 to 0x1027'ffff] { ro };
"P2":  place in [from 0x2802'0000 to 0x2807'ffff] { rw };
define block HEAP with size = 1K, alignment = 8 { };
define block CSTACK with size = 8K, alignment = 8 { };
define block HEAP_STACK { block HEAP, last block CSTACK };
"A1":  place at end of [from 0x2802'0000 to 0x2807'ffff] { block HEAP_STACK };
do not initialize { section .intvec_ram };
initialize by copy { rw };

No sections matched the following patterns:

  ro section .sflash_app_prot  in "P6"
  ro section .sflash_nar       in "P4"
  ro section .sflash_pkey      in "P5"
  ro section .sflash_toc2      in "P7"
  ro section .sflash_uf_rows   in "P3"
  ro section .work_flash       in "P8"
  section .global_ram_data     in "P9"


  Section            Kind         Address      Size  Object
  -------            ----         -------      ----  ------
"A0":                                          0x80
  .intvec            ro code  0x1008'0000      0x80  startup_cm7.o [31]
                            - 0x1008'0080      0x80

"P1":                                      0x1'18a8
  .rodata            const    0x1008'0080    0x2000  zf_device_config.o [54]
  .text              ro code  0x1008'2080    0x1edc  Image_processing.o [5]
  .text              ro code  0x1008'3f5c       0x8  abs.o [50]
  .text              ro code  0x1008'3f64     0x4bc  qsort.o [50]
  .text              ro code  0x1008'4420     0x17c  zf_driver_gpio.o [49]
  .text              ro code  0x1008'459c     0x204  zf_driver_flash.o [49]
  .text              ro code  0x1008'47a0      0xa6  ABImemcpy.o [52]
  .text              ro code  0x1008'4846      0x7e  lz77_init_single.o [52]
  .text              ro code  0x1008'48c4      0x66  ABImemset.o [52]
  .text              ro code  0x1008'492a       0xa  xsprout.o [50]
  .text              ro code  0x1008'4934       0x6  ABImemclr4.o [52]
  .text              ro code  0x1008'493c      0x96  ABImemmove.o [52]
  .text              ro code  0x1008'49d4     0x194  cy_gpio.o [14]
  .text              ro code  0x1008'4b68     0x444  zf_common_debug.o [46]
  .text              ro code  0x1008'4fac     0x2dc  cy_mw_flash.o [13]
  .text              ro code  0x1008'5288      0x32  ABImemset48.o [52]
  .text              ro code  0x1008'52bc     0x828  zf_driver_uart.o [49]
  .text              ro code  0x1008'5ae4      0x36  strlen.o [52]
  .text              ro code  0x1008'5b1c      0x40  sprintf.o [50]
  .text              ro code  0x1008'5b5c     0x3d4  zf_common_fifo.o [46]
  .text              ro code  0x1008'5f30      0xe2  zf_common_interrupt.o [46]
  .text              ro code  0x1008'6014     0x2ec  cy_srom.o [30]
  .text              ro code  0x1008'6300      0x70  strncpy.o [52]
  .text              ro code  0x1008'6370      0xf8  cy_syslib.o [36]
  .text              ro code  0x1008'6468     0x4ac  cy_flash.o [12]
  .text              ro code  0x1008'6914     0x230  I64DivMod.o [52]
  .text              ro code  0x1008'6b44     0x314  cy_scb_uart.o [24]
  .text              ro code  0x1008'6e58     0xeae  xprintffull_nomb.o [50]
  .text              ro code  0x1008'7d08      0x20  zf_driver_pwm.o [49]
  .text              ro code  0x1008'7d28      0xac  cy_sysint.o [35]
  .text              ro code  0x1008'7dd4      0x60  cy_ipc_drv.o [15]
  .text              ro code  0x1008'7e34       0x2  cy_syslib.o [36]
  .text              ro code  0x1008'7e38       0x2  I64DivZer.o [52]
  .text              ro code  0x1008'7e3c      0x16  strchr.o [52]
  .text              ro code  0x1008'7e54      0x40  xfail_s.o [50]
  .text              ro code  0x1008'7e94      0x58  memchr.o [52]
  .text              ro code  0x1008'7eec      0x70  frexp.o [51]
  .text              ro code  0x1008'7f5c      0x34  DblCmpLe.o [51]
  .text              ro code  0x1008'7f90      0x34  DblCmpGe.o [51]
  .text              ro code  0x1008'7fc4     0x104  ldexp.o [51]
  .text              ro code  0x1008'80c8       0xe  DblToS32.o [51]
  .text              ro code  0x1008'80d6       0xe  S32ToDbl.o [51]
  .text              ro code  0x1008'80e4      0x12  DblSub.o [51]
  .text              ro code  0x1008'80f6      0x12  DblDiv.o [51]
  .text              ro code  0x1008'8108       0xe  DblToU32.o [51]
  .text              ro code  0x1008'8116       0xe  U32ToDbl.o [51]
  .text              ro code  0x1008'8124      0x12  DblMul.o [51]
  .text              ro code  0x1008'8136       0x6  abort.o [50]
  .text              ro code  0x1008'813c      0x14  exit.o [53]
  .text              ro code  0x1008'8150    0x10f4  menu.o [5]
  .text              ro code  0x1008'9244      0xac  key.o [5]
  .text              ro code  0x1008'92f0     0xde0  zf_device_ips200.o [48]
  .text              ro code  0x1008'a0d0     0x310  quaternion.o [5]
  .text              ro code  0x1008'a3e0     0xc64  zf_driver_spi.o [49]
  .text              ro code  0x1008'b044      0x16  vla_alloc.o [50]
  .text              ro code  0x1008'b05c     0x220  zf_common_function.o [46]
  .text              ro code  0x1008'b27c     0x284  zf_driver_delay.o [49]
  .text              ro code  0x1008'b500      0x1e  sqrtf.o [51]
  .text              ro code  0x1008'b520      0x6a  atan2f.o [51]
  .text              ro code  0x1008'b58c      0x5c  asinf.o [51]
  .text              ro code  0x1008'b5e8      0xcc  fmodf.o [51]
  .text              ro code  0x1008'b6b4     0x1f0  cy_scb_spi.o [24]
  .text              ro code  0x1008'b8a4     0x13c  heap0.o [50]
  .text              ro code  0x1008'b9e0       0x4  heaptramp0.o [50]
  .text              ro code  0x1008'b9e4     0x1ae  cy_tcpwm_counter.o [43]
  .text              ro code  0x1008'bb92       0xc  cy_tcpwm.o [43]
  .text              ro code  0x1008'bba0      0xa4  xatanf.o [51]
  .text              ro code  0x1008'bc44      0x2c  xgetmemchunk.o [50]
  .text              ro code  0x1008'bc70     0xc8c  Motor.o [5]
  .text              ro code  0x1008'c8fc     0x386  small_driver_uart_control.o [5]
  .text              ro code  0x1008'cc84     0x310  trajectory.o [5]
  .text              ro code  0x1008'cf94      0xf8  Encoder.o [5]
  .text              ro code  0x1008'd08c     0x8e8  cy_sysclk.o [33]
  .text              ro code  0x1008'd974     0x858  zf_device_config_mt9v03x.o [54]
  .text              ro code  0x1008'e1cc     0x5fc  zf_driver_soft_iic.o [49]
  .rodata            const    0x1008'e7c8     0x5f0  zf_common_font.o [46]
  .text              ro code  0x1008'edb8     0x564  zf_driver_adc.o [49]
  .text              ro code  0x1008'f31c     0x2d0  cy_adc.o [1]
  .text              ro code  0x1008'f5ec     0x434  zf_device_mt9v03x.o [48]
  .text              ro code  0x1008'fa20     0x398  zf_driver_pit.o [49]
  .text              ro code  0x1008'fdb8     0x2a8  main_cm7_0.o [45]
  .text              ro code  0x1009'0060      0x1c  zf_common_clock.o [46]
  .text              ro code  0x1009'007c      0x44  params_save.o [5]
  .text              ro code  0x1009'00c0     0x210  zf_device_imu660ra.o [48]
  .text              ro code  0x1009'02d0      0x74  gyroscope.o [5]
  .text              ro code  0x1009'0344     0x150  system_tviibh4m_cm7.o [22]
  .text              ro code  0x1009'0494       0x8  startup_cm7.o [31]
  .text              ro code  0x1009'049c       0x6  startup_cm7.o [31]
  .rodata            const    0x1009'04a4     0x228  zf_common_font.o [46]
  .text              ro code  0x1009'06cc     0x204  startup.o [31]
  .text              ro code  0x1009'08d0     0x1f4  cm7_0_isr.o [45]
  .text              ro code  0x1009'0ac4      0x7c  zf_device_tsl1401.o [48]
  .text              ro code  0x1009'0b40     0x198  cy_interrupt_map.o [23]
  .text              ro code  0x1009'0cd8      0xb0  startup_cm7.o [31]
  .rodata            const    0x1009'0d88      0x64  system_tviibh4m_cm7.o [22]
  .rodata            const    0x1009'0dec      0x60  cy_sysclk.o [33]
  .rodata            const    0x1009'0e4c      0x60  cy_sysclk.o [33]
  .rodata            const    0x1009'0eac      0x5c  cy_mw_flash.o [13]
  .rodata            const    0x1009'0f08      0x5c  cy_srom.o [30]
  .rodata            const    0x1009'0f64      0x54  zf_common_function.o [46]
  .rodata            const    0x1009'0fb8      0x54  zf_device_imu660ra.o [48]
  .rodata            const    0x1009'100c      0x54  zf_driver_soft_iic.o [49]
  .rodata            const    0x1009'1060      0x50  zf_common_fifo.o [46]
  .rodata            const    0x1009'10b0      0x50  zf_device_ips200.o [48]
  .rodata            const    0x1009'1100      0x50  zf_driver_flash.o [49]
  .rodata            const    0x1009'1150      0x50  zf_driver_spi.o [49]
  .rodata            const    0x1009'11a0      0x50  zf_driver_uart.o [49]
  .text              ro code  0x1009'11f0      0x38  zero_init3.o [52]
  .rodata            const    0x1009'1228      0x28  zf_device_mt9v03x.o [48]
  .text              ro code  0x1009'1250      0x28  data_init.o [52]
  .text              ro code  0x1009'1278      0x22  fpinit_M.o [51]
  .iar.init_table    const    0x1009'129c      0x20  - Linker created -
  .text              ro code  0x1009'12bc      0x20  startup_cm7.o [31]
  .text              ro code  0x1009'12e0      0x1e  cy_syslib_iar.o [36]
  .text              ro code  0x1009'1300      0x1e  cmain.o [52]
  .text              ro code  0x1009'1320       0x4  startup_cm7.o [31]
  .text              ro code  0x1009'1324       0x4  exit.o [50]
  .text              ro code  0x1009'1328       0xa  cexit.o [52]
  .rodata            const    0x1009'1334      0x1c  main_cm7_0.o [45]
  .rodata            const    0x1009'1350      0x1c  zf_common_debug.o [46]
  .rodata            const    0x1009'136c      0x1c  zf_device_imu660ra.o [48]
  .text              ro code  0x1009'1388      0x1c  startup_cm7.o [31]
  .text              ro code  0x1009'13a4      0x1c  cstartup_M.o [52]
  .rodata            const    0x1009'13c0      0x18  startup.o [31]
  .rodata            const    0x1009'13d8      0x18  system_tviibh4m_cm7.o [22]
  .rodata            const    0x1009'13f0      0x18  zf_common_debug.o [46]
  .rodata            const    0x1009'1408      0x18  zf_device_imu660ra.o [48]
  .rodata            const    0x1009'1420      0x14  cy_flash.o [12]
  .rodata            const    0x1009'1434      0x14  menu.o [5]
  .rodata            const    0x1009'1448      0x14  menu.o [5]
  .rodata            const    0x1009'145c      0x14  menu.o [5]
  .rodata            const    0x1009'1470      0x10  menu.o [5]
  .rodata            const    0x1009'1480      0x10  menu.o [5]
  .rodata            const    0x1009'1490      0x10  menu.o [5]
  .rodata            const    0x1009'14a0      0x10  menu.o [5]
  .rodata            const    0x1009'14b0      0x10  menu.o [5]
  .rodata            const    0x1009'14c0      0x10  menu.o [5]
  .rodata            const    0x1009'14d0      0x10  zf_common_debug.o [46]
  .rodata            const    0x1009'14e0      0x10  zf_common_debug.o [46]
  .rodata            const    0x1009'14f0       0xc  menu.o [5]
  .rodata            const    0x1009'14fc       0xc  menu.o [5]
  .rodata            const    0x1009'1508       0xc  menu.o [5]
  .rodata            const    0x1009'1514       0xc  menu.o [5]
  .rodata            const    0x1009'1520       0xc  menu.o [5]
  .rodata            const    0x1009'152c       0xc  menu.o [5]
  .rodata            const    0x1009'1538       0xc  menu.o [5]
  .rodata            const    0x1009'1544       0xc  menu.o [5]
  .rodata            const    0x1009'1550       0xc  menu.o [5]
  .rodata            const    0x1009'155c       0xc  menu.o [5]
  .rodata            const    0x1009'1568       0xc  menu.o [5]
  .rodata            const    0x1009'1574       0xc  menu.o [5]
  .rodata            const    0x1009'1580       0xc  menu.o [5]
  .rodata            const    0x1009'158c       0xc  menu.o [5]
  .rodata            const    0x1009'1598       0xc  menu.o [5]
  .rodata            const    0x1009'15a4       0xc  menu.o [5]
  .rodata            const    0x1009'15b0       0xc  menu.o [5]
  .rodata            const    0x1009'15bc       0xc  menu.o [5]
  .rodata            const    0x1009'15c8       0xc  menu.o [5]
  .rodata            const    0x1009'15d4       0xc  zf_common_debug.o [46]
  .rodata            const    0x1009'15e0       0xc  zf_common_debug.o [46]
  .rodata            const    0x1009'15ec       0xc  zf_common_debug.o [46]
  .text              ro code  0x1009'15f8       0xc  cy_syslib.o [36]
  .rodata            const    0x1009'1604       0x8  cy_mw_flash.o [13]
  .rodata            const    0x1009'160c       0x8  cy_srom.o [30]
  .rodata            const    0x1009'1614       0x8  cy_sysclk.o [33]
  .rodata            const    0x1009'161c       0x8  Image_processing.o [5]
  .rodata            const    0x1009'1624       0x8  Image_processing.o [5]
  .rodata            const    0x1009'162c       0x8  Image_processing.o [5]
  .rodata            const    0x1009'1634       0x8  Image_processing.o [5]
  .rodata            const    0x1009'163c       0x8  menu.o [5]
  .rodata            const    0x1009'1644       0x8  menu.o [5]
  .rodata            const    0x1009'164c       0x8  menu.o [5]
  .rodata            const    0x1009'1654       0x8  menu.o [5]
  .rodata            const    0x1009'165c       0x8  menu.o [5]
  .rodata            const    0x1009'1664       0x8  menu.o [5]
  .rodata            const    0x1009'166c       0x8  menu.o [5]
  .rodata            const    0x1009'1674       0x8  menu.o [5]
  .rodata            const    0x1009'167c       0x4  cy_adc.o [1]
  .rodata            const    0x1009'1680       0x4  cy_adc.o [1]
  .rodata            const    0x1009'1684       0x4  cy_adc.o [1]
  .rodata            const    0x1009'1688       0x4  cy_adc.o [1]
  .rodata            const    0x1009'168c       0x4  cy_adc.o [1]
  .rodata            const    0x1009'1690       0x4  cy_adc.o [1]
  .rodata            const    0x1009'1694       0x4  cy_adc.o [1]
  .rodata            const    0x1009'1698       0x4  cy_adc.o [1]
  .rodata            const    0x1009'169c       0x4  cy_interrupt_map.o [23]
  .rodata            const    0x1009'16a0       0x4  cy_interrupt_map.o [23]
  .rodata            const    0x1009'16a4       0x4  cy_interrupt_map.o [23]
  .rodata            const    0x1009'16a8       0x4  cy_interrupt_map.o [23]
  .rodata            const    0x1009'16ac       0x4  cy_interrupt_map.o [23]
  .rodata            const    0x1009'16b0       0x4  cy_interrupt_map.o [23]
  .rodata            const    0x1009'16b4       0x4  cy_interrupt_map.o [23]
  .rodata            const    0x1009'16b8       0x4  cy_interrupt_map.o [23]
  .rodata            const    0x1009'16bc       0x4  cy_ipc_drv.o [15]
  .rodata            const    0x1009'16c0       0x4  cy_scb_spi.o [24]
  .rodata            const    0x1009'16c4       0x4  cy_scb_spi.o [24]
  .rodata            const    0x1009'16c8       0x4  cy_scb_spi.o [24]
  .rodata            const    0x1009'16cc       0x4  cy_scb_spi.o [24]
  .rodata            const    0x1009'16d0       0x4  cy_scb_uart.o [24]
  .rodata            const    0x1009'16d4       0x4  cy_scb_uart.o [24]
  .rodata            const    0x1009'16d8       0x4  cy_scb_uart.o [24]
  .rodata            const    0x1009'16dc       0x4  cy_scb_uart.o [24]
  .rodata            const    0x1009'16e0       0x4  cy_scb_uart.o [24]
  .rodata            const    0x1009'16e4       0x4  cy_scb_uart.o [24]
  .rodata            const    0x1009'16e8       0x4  cy_scb_uart.o [24]
  .rodata            const    0x1009'16ec       0x4  cy_scb_uart.o [24]
  .rodata            const    0x1009'16f0       0x4  cy_scb_uart.o [24]
  .rodata            const    0x1009'16f4       0x4  cy_scb_uart.o [24]
  .rodata            const    0x1009'16f8       0x4  cy_srom.o [30]
  .rodata            const    0x1009'16fc       0x4  cy_srom.o [30]
  .rodata            const    0x1009'1700       0x4  cy_sysint.o [35]
  .rodata            const    0x1009'1704       0x4  cy_sysint.o [35]
  .rodata            const    0x1009'1708       0x4  cy_tcpwm_counter.o [43]
  .rodata            const    0x1009'170c       0x4  cy_tcpwm_counter.o [43]
  .rodata            const    0x1009'1710       0x4  cy_tcpwm_counter.o [43]
  .rodata            const    0x1009'1714       0x4  cy_tcpwm_counter.o [43]
  .rodata            const    0x1009'1718       0x4  cy_tcpwm_counter.o [43]
  .text              ro code  0x1009'171c       0x4  startup_cm7.o [31]
  .text              ro code  0x1009'1720       0x4  startup_cm7.o [31]
  .text              ro code  0x1009'1724       0x4  startup_cm7.o [31]
  .text              ro code  0x1009'1728       0x4  startup_cm7.o [31]
  .text              ro code  0x1009'172c       0x4  startup_cm7.o [31]
  .text              ro code  0x1009'1730       0x4  startup_cm7.o [31]
  .text              ro code  0x1009'1734       0x4  startup_cm7.o [31]
  .text              ro code  0x1009'1738       0x4  startup_cm7.o [31]
  .text              ro code  0x1009'173c       0x4  startup_cm7.o [31]
  .text              ro code  0x1009'1740       0x4  startup_cm7.o [31]
  .text              ro code  0x1009'1744       0x4  startup_cm7.o [31]
  .text              ro code  0x1009'1748       0x4  startup_cm7.o [31]
  .text              ro code  0x1009'174c       0x4  startup_cm7.o [31]
  .text              ro code  0x1009'1750       0x4  startup_cm7.o [31]
  .text              ro code  0x1009'1754       0x4  startup_cm7.o [31]
  .text              ro code  0x1009'1758       0x2  zf_device_type.o [48]
  .rodata            const    0x1009'175a       0x0  zero_init3.o [52]
  .rodata            const    0x1009'175a       0x0  lz77_init_single.o [52]
  Initializer bytes  const    0x1009'175a     0x125  <for P2-1>
                            - 0x1009'187f  0x1'17ff

Absolute sections, part 1 of 2:                 0x4
  .noinit            uninit   0x2800'6bf0       0x2  zf_device_mt9v03x.o [48]
  .noinit            uninit   0x2800'6bf2       0x2  zf_device_mt9v03x.o [48]
                            - 0x2800'6bf4       0x4

Absolute sections, part 2 of 2:              0x41a0
  .noinit            uninit   0x2802'6024    0x41a0  zf_device_mt9v03x.o [48]
                            - 0x2802'a1c4    0x41a0

"P2", part 1 of 3:                            0x84b
  P2-1                        0x2802'a1c4     0x84b  <Init block>
    .data            inited   0x2802'a1c4     0x6ec  cy_interrupt_map.o [23]
    .data            inited   0x2802'a8b0       0x4  cy_interrupt_map.o [23]
    .data            inited   0x2802'a8b4       0x4  Image_processing.o [5]
    .data            inited   0x2802'a8b8       0x4  Motor.o [5]
    .data            inited   0x2802'a8bc       0x4  Motor.o [5]
    .data            inited   0x2802'a8c0       0x4  Motor.o [5]
    .data            inited   0x2802'a8c4       0x4  Motor.o [5]
    .data            inited   0x2802'a8c8       0x4  Motor.o [5]
    .data            inited   0x2802'a8cc       0x4  Motor.o [5]
    .data            inited   0x2802'a8d0       0x4  Motor.o [5]
    .data            inited   0x2802'a8d4       0x4  Motor.o [5]
    .data            inited   0x2802'a8d8       0x4  Motor.o [5]
    .data            inited   0x2802'a8dc       0x4  Motor.o [5]
    .data            inited   0x2802'a8e0       0x4  Motor.o [5]
    .data            inited   0x2802'a8e4       0x4  Motor.o [5]
    .data            inited   0x2802'a8e8       0x4  Motor.o [5]
    .data            inited   0x2802'a8ec       0x4  Motor.o [5]
    .data            inited   0x2802'a8f0       0x4  Motor.o [5]
    .data            inited   0x2802'a8f4       0x4  Motor.o [5]
    .data            inited   0x2802'a8f8       0x4  Motor.o [5]
    .data            inited   0x2802'a8fc       0x4  Motor.o [5]
    .data            inited   0x2802'a900       0x4  Motor.o [5]
    .data            inited   0x2802'a904       0x4  Motor.o [5]
    .data            inited   0x2802'a908       0x4  Motor.o [5]
    .data            inited   0x2802'a90c       0x4  Motor.o [5]
    .data            inited   0x2802'a910       0x4  Motor.o [5]
    .data            inited   0x2802'a914       0x4  Motor.o [5]
    .data            inited   0x2802'a918       0x4  Motor.o [5]
    .data            inited   0x2802'a91c       0x4  Motor.o [5]
    .data            inited   0x2802'a920      0x2c  quaternion.o [5]
    .data            inited   0x2802'a94c       0x8  zf_device_imu660ra.o [48]
    .data            inited   0x2802'a954       0x4  zf_device_type.o [48]
    .data            inited   0x2802'a958       0xc  zf_driver_adc.o [49]
    .data            inited   0x2802'a964      0x3c  zf_driver_pit.o [49]
    .data            inited   0x2802'a9a0      0x10  zf_driver_spi.o [49]
    .data            inited   0x2802'a9b0      0x14  zf_driver_uart.o [49]
    .data            inited   0x2802'a9c4      0x14  zf_driver_uart.o [49]
    .data            inited   0x2802'a9d8       0x2  Image_processing.o [5]
    .data            inited   0x2802'a9da       0x2  Image_processing.o [5]
    .data            inited   0x2802'a9dc       0x2  Image_processing.o [5]
    .data            inited   0x2802'a9de       0x2  Image_processing.o [5]
    .data            inited   0x2802'a9e0       0x2  Image_processing.o [5]
    .data            inited   0x2802'a9e2       0x2  Motor.o [5]
    .data            inited   0x2802'a9e4       0x2  Motor.o [5]
    .data            inited   0x2802'a9e6       0x2  Motor.o [5]
    .data            inited   0x2802'a9e8       0x2  Motor.o [5]
    .data            inited   0x2802'a9ea       0x2  Motor.o [5]
    .data            inited   0x2802'a9ec       0x2  Motor.o [5]
    .data            inited   0x2802'a9ee       0x2  Motor.o [5]
    .data            inited   0x2802'a9f0       0x2  Motor.o [5]
    .data            inited   0x2802'a9f2       0x2  Motor.o [5]
    .data            inited   0x2802'a9f4       0x2  zf_device_ips200.o [48]
    .data            inited   0x2802'a9f6       0x2  zf_device_ips200.o [48]
    .data            inited   0x2802'a9f8       0x2  zf_device_ips200.o [48]
    .data            inited   0x2802'a9fa       0x2  zf_device_ips200.o [48]
    .data            inited   0x2802'a9fc       0x2  zf_driver_delay.o [49]
    .data            inited   0x2802'a9fe       0x1  Image_processing.o [5]
    .data            inited   0x2802'a9ff       0x1  Image_processing.o [5]
    .data            inited   0x2802'aa00       0x1  Image_processing.o [5]
    .data            inited   0x2802'aa01       0x1  Image_processing.o [5]
    .data            inited   0x2802'aa02       0x1  Image_processing.o [5]
    .data            inited   0x2802'aa03       0x1  Image_processing.o [5]
    .data            inited   0x2802'aa04       0x1  Image_processing.o [5]
    .data            inited   0x2802'aa05       0x1  Image_processing.o [5]
    .data            inited   0x2802'aa06       0x1  menu.o [5]
    .data            inited   0x2802'aa07       0x1  Motor.o [5]
    .data            inited   0x2802'aa08       0x1  trajectory.o [5]
    .data            inited   0x2802'aa09       0x1  zf_common_debug.o [46]
    .data            inited   0x2802'aa0a       0x1  zf_device_ips200.o [48]
    .data            inited   0x2802'aa0b       0x1  zf_device_ips200.o [48]
    .data            inited   0x2802'aa0c       0x1  zf_device_ips200.o [48]
    .data            inited   0x2802'aa0d       0x1  zf_device_ips200.o [48]
    .data            inited   0x2802'aa0e       0x1  zf_driver_delay.o [49]
                            - 0x2802'aa0f     0x84b

"P2", part 2 of 3:                           0x9fec
  .bss               zero     0x2802'aa10    0x41a0  zf_device_mt9v03x.o [48]
  .bss               zero     0x2802'ebb0    0x2bc0  Image_processing.o [5]
  .bss               zero     0x2803'1770     0x800  zf_driver_flash.o [49]
  .bss               zero     0x2803'1f70     0x7f8  trajectory.o [5]
  .bss               zero     0x2803'2768     0x7f8  trajectory.o [5]
  .bss               zero     0x2803'2f60     0x7f8  trajectory.o [5]
  .bss               zero     0x2803'3758     0x7f8  trajectory.o [5]
  .bss               zero     0x2803'3f50     0x200  zf_device_tsl1401.o [48]
  .bss               zero     0x2803'4150     0x118  zf_driver_uart.o [49]
  .bss               zero     0x2803'4268      0xa0  Image_processing.o [5]
  .bss               zero     0x2803'4308      0xa0  Image_processing.o [5]
  .bss               zero     0x2803'43a8      0xa0  Image_processing.o [5]
  .bss               zero     0x2803'4448      0xa0  Image_processing.o [5]
  .bss               zero     0x2803'44e8      0xa0  Image_processing.o [5]
  .bss               zero     0x2803'4588      0xa0  Image_processing.o [5]
  .bss               zero     0x2803'4628      0x70  cy_syslib.o [36]
  .bss               zero     0x2803'4698      0x50  Image_processing.o [5]
  .bss               zero     0x2803'46e8      0x50  Image_processing.o [5]
  .bss               zero     0x2803'4738      0x48  zf_driver_adc.o [49]
  .bss               zero     0x2803'4780      0x40  main_cm7_0.o [45]
  .bss               zero     0x2803'47c0      0x40  zf_common_debug.o [46]
  .bss               zero     0x2803'4800      0x18  cy_sysclk.o [33]
  .bss               zero     0x2803'4818      0x18  cy_syslib.o [36]
  .bss               zero     0x2803'4830      0x18  zf_common_debug.o [46]
  .bss               zero     0x2803'4848      0x14  small_driver_uart_control.o [5]
  .bss               zero     0x2803'485c      0x14  small_driver_uart_control.o [5]
  .bss               zero     0x2803'4870      0x14  small_driver_uart_control.o [5]
  .bss               zero     0x2803'4884      0x14  zf_common_debug.o [46]
  .bss               zero     0x2803'48a0      0x10  cy_srom.o [30]
  .bss               zero     0x2803'48b0      0x10  zf_device_config_mt9v03x.o [54]
  .bss               zero     0x2803'48c0       0x8  trajectory.o [5]
  .bss               zero     0x2803'48c8       0x8  heap0.o [50]
  .bss               zero     0x2803'48d0       0x4  cy_srom.o [30]
  .bss               zero     0x2803'48d4       0x4  cy_srom.o [30]
  .bss               zero     0x2803'48d8       0x4  cy_syslib.o [36]
  .bss               zero     0x2803'48dc       0x4  gyroscope.o [5]
  .bss               zero     0x2803'48e0       0x4  gyroscope.o [5]
  .bss               zero     0x2803'48e4       0x4  gyroscope.o [5]
  .bss               zero     0x2803'48e8       0x4  Motor.o [5]
  .bss               zero     0x2803'48ec       0x4  Motor.o [5]
  .bss               zero     0x2803'48f0       0x4  Motor.o [5]
  .bss               zero     0x2803'48f4       0x4  Motor.o [5]
  .bss               zero     0x2803'48f8       0x4  Motor.o [5]
  .bss               zero     0x2803'48fc       0x4  Motor.o [5]
  .bss               zero     0x2803'4900       0x4  system_tviibh4m_cm7.o [22]
  .bss               zero     0x2803'4904       0x4  system_tviibh4m_cm7.o [22]
  .bss               zero     0x2803'4908       0x4  system_tviibh4m_cm7.o [22]
  .bss               zero     0x2803'490c       0x4  system_tviibh4m_cm7.o [22]
  .bss               zero     0x2803'4910       0x4  system_tviibh4m_cm7.o [22]
  .bss               zero     0x2803'4914       0x4  trajectory.o [5]
  .bss               zero     0x2803'4918       0x4  trajectory.o [5]
  .bss               zero     0x2803'491c       0x4  zf_common_clock.o [46]
  .bss               zero     0x2803'4920       0x4  zf_common_interrupt.o [46]
  .bss               zero     0x2803'4924       0x4  zf_driver_spi.o [49]
  .bss               zero     0x2803'4928       0x4  zf_device_config_mt9v03x.o [54]
  .bss               zero     0x2803'492c       0x4  zf_device_config_mt9v03x.o [54]
  .bss               zero     0x2803'4930       0x4  zf_device_config_mt9v03x.o [54]
  .bss               zero     0x2803'4934       0x4  zf_device_config_mt9v03x.o [54]
  .bss               zero     0x2803'4938       0x4  zf_device_config_mt9v03x.o [54]
  .bss               zero     0x2803'493c       0x4  xgetmemchunk.o [50]
  .bss               zero     0x2803'4940       0x4  xfail_s.o [50]
  .bss               zero     0x2803'4944       0x2  Encoder.o [5]
  .bss               zero     0x2803'4946       0x2  Encoder.o [5]
  .bss               zero     0x2803'4948       0x2  Image_processing.o [5]
  .bss               zero     0x2803'494a       0x2  Image_processing.o [5]
  .bss               zero     0x2803'494c       0x2  Image_processing.o [5]
  .bss               zero     0x2803'494e       0x2  Image_processing.o [5]
  .bss               zero     0x2803'4950       0x2  Image_processing.o [5]
  .bss               zero     0x2803'4952       0x2  Image_processing.o [5]
  .bss               zero     0x2803'4954       0x2  Image_processing.o [5]
  .bss               zero     0x2803'4956       0x2  Image_processing.o [5]
  .bss               zero     0x2803'4958       0x2  Image_processing.o [5]
  .bss               zero     0x2803'495a       0x2  Image_processing.o [5]
  .bss               zero     0x2803'495c       0x2  Image_processing.o [5]
  .bss               zero     0x2803'495e       0x2  Image_processing.o [5]
  .bss               zero     0x2803'4960       0x2  Image_processing.o [5]
  .bss               zero     0x2803'4962       0x2  Image_processing.o [5]
  .bss               zero     0x2803'4964       0x2  Image_processing.o [5]
  .bss               zero     0x2803'4966       0x2  Image_processing.o [5]
  .bss               zero     0x2803'4968       0x2  Image_processing.o [5]
  .bss               zero     0x2803'496a       0x2  Image_processing.o [5]
  .bss               zero     0x2803'496c       0x2  main_cm7_0.o [45]
  .bss               zero     0x2803'496e       0x2  menu.o [5]
  .bss               zero     0x2803'4970       0x2  menu.o [5]
  .bss               zero     0x2803'4972       0x2  menu.o [5]
  .bss               zero     0x2803'4974       0x2  menu.o [5]
  .bss               zero     0x2803'4976       0x2  menu.o [5]
  .bss               zero     0x2803'4978       0x2  menu.o [5]
  .bss               zero     0x2803'497a       0x2  Motor.o [5]
  .bss               zero     0x2803'497c       0x2  Motor.o [5]
  .bss               zero     0x2803'497e       0x2  Motor.o [5]
  .bss               zero     0x2803'4980       0x2  Motor.o [5]
  .bss               zero     0x2803'4982       0x2  Motor.o [5]
  .bss               zero     0x2803'4984       0x2  Motor.o [5]
  .bss               zero     0x2803'4986       0x2  Motor.o [5]
  .bss               zero     0x2803'4988       0x2  Motor.o [5]
  .bss               zero     0x2803'498a       0x2  Motor.o [5]
  .bss               zero     0x2803'498c       0x2  Motor.o [5]
  .bss               zero     0x2803'498e       0x2  Motor.o [5]
  .bss               zero     0x2803'4990       0x2  Motor.o [5]
  .bss               zero     0x2803'4992       0x2  Motor.o [5]
  .bss               zero     0x2803'4994       0x2  Motor.o [5]
  .bss               zero     0x2803'4996       0x2  Motor.o [5]
  .bss               zero     0x2803'4998       0x2  Motor.o [5]
  .bss               zero     0x2803'499a       0x2  Motor.o [5]
  .bss               zero     0x2803'499c       0x2  Motor.o [5]
  .bss               zero     0x2803'499e       0x2  Motor.o [5]
  .bss               zero     0x2803'49a0       0x2  Motor.o [5]
  .bss               zero     0x2803'49a2       0x2  Motor.o [5]
  .bss               zero     0x2803'49a4       0x2  Motor.o [5]
  .bss               zero     0x2803'49a6       0x2  Motor.o [5]
  .bss               zero     0x2803'49a8       0x2  Motor.o [5]
  .bss               zero     0x2803'49aa       0x2  Motor.o [5]
  .bss               zero     0x2803'49ac       0x2  Motor.o [5]
  .bss               zero     0x2803'49ae       0x2  Motor.o [5]
  .bss               zero     0x2803'49b0       0x2  Motor.o [5]
  .bss               zero     0x2803'49b2       0x2  Motor.o [5]
  .bss               zero     0x2803'49b4       0x2  Motor.o [5]
  .bss               zero     0x2803'49b6       0x2  trajectory.o [5]
  .bss               zero     0x2803'49b8       0x2  trajectory.o [5]
  .bss               zero     0x2803'49ba       0x2  zf_device_imu660ra.o [48]
  .bss               zero     0x2803'49bc       0x2  zf_device_imu660ra.o [48]
  .bss               zero     0x2803'49be       0x2  zf_device_imu660ra.o [48]
  .bss               zero     0x2803'49c0       0x1  cy_mw_flash.o [13]
  .bss               zero     0x2803'49c1       0x1  cy_mw_flash.o [13]
  .bss               zero     0x2803'49c2       0x1  cy_sysclk.o [33]
  .bss               zero     0x2803'49c3       0x1  Image_processing.o [5]
  .bss               zero     0x2803'49c4       0x1  Image_processing.o [5]
  .bss               zero     0x2803'49c5       0x1  Image_processing.o [5]
  .bss               zero     0x2803'49c6       0x1  Image_processing.o [5]
  .bss               zero     0x2803'49c7       0x1  Image_processing.o [5]
  .bss               zero     0x2803'49c8       0x1  Image_processing.o [5]
  .bss               zero     0x2803'49c9       0x1  Image_processing.o [5]
  .bss               zero     0x2803'49ca       0x1  Image_processing.o [5]
  .bss               zero     0x2803'49cb       0x1  Image_processing.o [5]
  .bss               zero     0x2803'49cc       0x1  Image_processing.o [5]
  .bss               zero     0x2803'49cd       0x1  Image_processing.o [5]
  .bss               zero     0x2803'49ce       0x1  Image_processing.o [5]
  .bss               zero     0x2803'49cf       0x1  Image_processing.o [5]
  .bss               zero     0x2803'49d0       0x1  Image_processing.o [5]
  .bss               zero     0x2803'49d1       0x1  Image_processing.o [5]
  .bss               zero     0x2803'49d2       0x1  Image_processing.o [5]
  .bss               zero     0x2803'49d3       0x1  Image_processing.o [5]
  .bss               zero     0x2803'49d4       0x1  Image_processing.o [5]
  .bss               zero     0x2803'49d5       0x1  Image_processing.o [5]
  .bss               zero     0x2803'49d6       0x1  Image_processing.o [5]
  .bss               zero     0x2803'49d7       0x1  Image_processing.o [5]
  .bss               zero     0x2803'49d8       0x1  Image_processing.o [5]
  .bss               zero     0x2803'49d9       0x1  key.o [5]
  .bss               zero     0x2803'49da       0x1  key.o [5]
  .bss               zero     0x2803'49db       0x1  main_cm7_0.o [45]
  .bss               zero     0x2803'49dc       0x1  main_cm7_0.o [45]
  .bss               zero     0x2803'49dd       0x1  menu.o [5]
  .bss               zero     0x2803'49de       0x1  menu.o [5]
  .bss               zero     0x2803'49df       0x1  menu.o [5]
  .bss               zero     0x2803'49e0       0x1  menu.o [5]
  .bss               zero     0x2803'49e1       0x1  menu.o [5]
  .bss               zero     0x2803'49e2       0x1  menu.o [5]
  .bss               zero     0x2803'49e3       0x1  menu.o [5]
  .bss               zero     0x2803'49e4       0x1  menu.o [5]
  .bss               zero     0x2803'49e5       0x1  menu.o [5]
  .bss               zero     0x2803'49e6       0x1  menu.o [5]
  .bss               zero     0x2803'49e7       0x1  menu.o [5]
  .bss               zero     0x2803'49e8       0x1  Motor.o [5]
  .bss               zero     0x2803'49e9       0x1  trajectory.o [5]
  .bss               zero     0x2803'49ea       0x1  trajectory.o [5]
  .bss               zero     0x2803'49eb       0x1  trajectory.o [5]
  .bss               zero     0x2803'49ec       0x1  trajectory.o [5]
  .bss               zero     0x2803'49ed       0x1  trajectory.o [5]
  .bss               zero     0x2803'49ee       0x1  trajectory.o [5]
  .bss               zero     0x2803'49ef       0x1  zf_common_debug.o [46]
  .bss               zero     0x2803'49f0       0x1  zf_common_debug.o [46]
  .bss               zero     0x2803'49f1       0x1  zf_common_debug.o [46]
  .bss               zero     0x2803'49f2       0x1  zf_device_ips200.o [48]
  .bss               zero     0x2803'49f3       0x1  zf_device_ips200.o [48]
  .bss               zero     0x2803'49f4       0x1  zf_device_mt9v03x.o [48]
  .bss               zero     0x2803'49f5       0x1  zf_device_mt9v03x.o [48]
  .bss               zero     0x2803'49f6       0x1  zf_device_tsl1401.o [48]
  .bss               zero     0x2803'49f7       0x1  zf_device_tsl1401.o [48]
  .bss               zero     0x2803'49f8       0x1  zf_driver_flash.o [49]
                            - 0x2803'49f9    0x9fe9

"P2", part 3 of 3:                             0x80
  .intvec_ram        uninit   0x2803'4a00      0x80  startup_cm7.o [31]
                            - 0x2803'4a80      0x80

"A1":                                        0x2400
  HEAP_STACK                  0x2807'dc00    0x2400  <Block>
    HEAP                      0x2807'dc00     0x400  <Block>
      HEAP           uninit   0x2807'dc00     0x400  <Block tail>
    CSTACK                    0x2807'e000    0x2000  <Block>
      CSTACK         uninit   0x2807'e000    0x2000  <Block tail>
                            - 0x2808'0000    0x2400

Unused ranges:

         From           To       Size
         ----           --       ----
  0x1009'1928  0x1027'ffff  0x1e'e6d8
  0x2802'0000  0x2802'6023     0x6024
  0x2802'aa0f  0x2802'aa0f        0x1
  0x2803'49fc  0x2803'49ff        0x4
  0x2803'4a80  0x2807'dbff   0x4'9180


*******************************************************************************
*** INIT TABLE
***

          Address      Size
          -------      ----
Zero (__iar_zero_init3)
    1 destination range, total size 0x9fe9:
          0x2802'aa10  0x9fe9

Copy/lz77 (__iar_lz77_init_single3)
    1 source range, total size 0x125 (13% of destination):
          0x1009'175a   0x125
    1 destination range, total size 0x84b:
          0x2802'a1c4   0x84b



*******************************************************************************
*** MODULE SUMMARY
***

    Module                       ro code  ro data  rw data  rw data
                                                             (abs)
    ------                       -------  -------  -------  -------
command line/config:
    ---------------------------------------------------------------
    Total:

D:\fenkuandianlu\ADS\code\kaiyuan_code\a\project\iar\Debug_m7_0\Obj\adc_11722776235721520015.dir: [1]
    cy_adc.o                         720       32
    ---------------------------------------------------------------
    Total:                           720       32

D:\fenkuandianlu\ADS\code\kaiyuan_code\a\project\iar\Debug_m7_0\Obj\audioss_1346650047966882938.dir: [2]
    ---------------------------------------------------------------
    Total:

D:\fenkuandianlu\ADS\code\kaiyuan_code\a\project\iar\Debug_m7_0\Obj\button_4990804375159372270.dir: [3]
    ---------------------------------------------------------------
    Total:

D:\fenkuandianlu\ADS\code\kaiyuan_code\a\project\iar\Debug_m7_0\Obj\canfd_1800690984773873875.dir: [4]
    ---------------------------------------------------------------
    Total:

D:\fenkuandianlu\ADS\code\kaiyuan_code\a\project\iar\Debug_m7_0\Obj\code_17896468042025673432.dir: [5]
    Encoder.o                        248                 4
    Image_processing.o             7'900       34   12'400
    Motor.o                        3'212       19      208
    gyroscope.o                      116                12
    key.o                            172                 2
    menu.o                         4'340      448       24
    params_save.o                     68
    quaternion.o                     784        6       44
    small_driver_uart_control.o      902                60
    trajectory.o                     784             8'187
    ---------------------------------------------------------------
    Total:                        18'526      507   20'941

D:\fenkuandianlu\ADS\code\kaiyuan_code\a\project\iar\Debug_m7_0\Obj\cpu_15938736945165268644.dir: [6]
    ---------------------------------------------------------------
    Total:

D:\fenkuandianlu\ADS\code\kaiyuan_code\a\project\iar\Debug_m7_0\Obj\crypto_1190170608956581615.dir: [7]
    ---------------------------------------------------------------
    Total:

D:\fenkuandianlu\ADS\code\kaiyuan_code\a\project\iar\Debug_m7_0\Obj\dma_12106025507578611576.dir: [8]
    ---------------------------------------------------------------
    Total:

D:\fenkuandianlu\ADS\code\kaiyuan_code\a\project\iar\Debug_m7_0\Obj\eth_phy_18133017486186456677.dir: [9]
    ---------------------------------------------------------------
    Total:

D:\fenkuandianlu\ADS\code\kaiyuan_code\a\project\iar\Debug_m7_0\Obj\ethernet_6029839089178797009.dir: [10]
    ---------------------------------------------------------------
    Total:

D:\fenkuandianlu\ADS\code\kaiyuan_code\a\project\iar\Debug_m7_0\Obj\evtgen_3404189088603873129.dir: [11]
    ---------------------------------------------------------------
    Total:

D:\fenkuandianlu\ADS\code\kaiyuan_code\a\project\iar\Debug_m7_0\Obj\flash_8529866181315662935.dir: [12]
    cy_flash.o                     1'196       20
    ---------------------------------------------------------------
    Total:                         1'196       20

D:\fenkuandianlu\ADS\code\kaiyuan_code\a\project\iar\Debug_m7_0\Obj\flash_864493325053435817.dir: [13]
    cy_mw_flash.o                    732      100        2
    ---------------------------------------------------------------
    Total:                           732      100        2

D:\fenkuandianlu\ADS\code\kaiyuan_code\a\project\iar\Debug_m7_0\Obj\gpio_3999404635324069351.dir: [14]
    cy_gpio.o                        404
    ---------------------------------------------------------------
    Total:                           404

D:\fenkuandianlu\ADS\code\kaiyuan_code\a\project\iar\Debug_m7_0\Obj\ipc_10145506163450686023.dir: [15]
    cy_ipc_drv.o                      96        4
    ---------------------------------------------------------------
    Total:                            96        4

D:\fenkuandianlu\ADS\code\kaiyuan_code\a\project\iar\Debug_m7_0\Obj\lin_18429031207028094880.dir: [16]
    ---------------------------------------------------------------
    Total:

D:\fenkuandianlu\ADS\code\kaiyuan_code\a\project\iar\Debug_m7_0\Obj\lvd_6353935867039560245.dir: [17]
    ---------------------------------------------------------------
    Total:

D:\fenkuandianlu\ADS\code\kaiyuan_code\a\project\iar\Debug_m7_0\Obj\mcwdt_4052485907822033969.dir: [18]
    ---------------------------------------------------------------
    Total:

D:\fenkuandianlu\ADS\code\kaiyuan_code\a\project\iar\Debug_m7_0\Obj\mpu_5663187252346826382.dir: [19]
    ---------------------------------------------------------------
    Total:

D:\fenkuandianlu\ADS\code\kaiyuan_code\a\project\iar\Debug_m7_0\Obj\power_14453085144426420577.dir: [20]
    ---------------------------------------------------------------
    Total:

D:\fenkuandianlu\ADS\code\kaiyuan_code\a\project\iar\Debug_m7_0\Obj\prot_10722960861768657883.dir: [21]
    ---------------------------------------------------------------
    Total:

D:\fenkuandianlu\ADS\code\kaiyuan_code\a\project\iar\Debug_m7_0\Obj\rev_b_4986922561640112550.dir: [22]
    system_tviibh4m_cm7.o            336      124       20
    ---------------------------------------------------------------
    Total:                           336      124       20

D:\fenkuandianlu\ADS\code\kaiyuan_code\a\project\iar\Debug_m7_0\Obj\rev_b_6162237342861132223.dir: [23]
    cy_interrupt_map.o               408      277    1'776
    ---------------------------------------------------------------
    Total:                           408      277    1'776

D:\fenkuandianlu\ADS\code\kaiyuan_code\a\project\iar\Debug_m7_0\Obj\scb_15490842639181808494.dir: [24]
    cy_scb_spi.o                     496       16
    cy_scb_uart.o                    788       40
    ---------------------------------------------------------------
    Total:                         1'284       56

D:\fenkuandianlu\ADS\code\kaiyuan_code\a\project\iar\Debug_m7_0\Obj\sd_host_2982766354293506895.dir: [25]
    ---------------------------------------------------------------
    Total:

D:\fenkuandianlu\ADS\code\kaiyuan_code\a\project\iar\Debug_m7_0\Obj\semihosting_143864889731838620.dir: [26]
    ---------------------------------------------------------------
    Total:

D:\fenkuandianlu\ADS\code\kaiyuan_code\a\project\iar\Debug_m7_0\Obj\smartio_5451710003740070188.dir: [27]
    ---------------------------------------------------------------
    Total:

D:\fenkuandianlu\ADS\code\kaiyuan_code\a\project\iar\Debug_m7_0\Obj\smif_427648126384146252.dir: [28]
    ---------------------------------------------------------------
    Total:

D:\fenkuandianlu\ADS\code\kaiyuan_code\a\project\iar\Debug_m7_0\Obj\smif_mem_6470536964353725183.dir: [29]
    ---------------------------------------------------------------
    Total:

D:\fenkuandianlu\ADS\code\kaiyuan_code\a\project\iar\Debug_m7_0\Obj\srom_13018798572330080582.dir: [30]
    cy_srom.o                        748      108       24
    ---------------------------------------------------------------
    Total:                           748      108       24

D:\fenkuandianlu\ADS\code\kaiyuan_code\a\project\iar\Debug_m7_0\Obj\startup_479057977785470282.dir: [31]
    startup.o                        516       24
    startup_cm7.o                    442               128
    ---------------------------------------------------------------
    Total:                           958       24      128

D:\fenkuandianlu\ADS\code\kaiyuan_code\a\project\iar\Debug_m7_0\Obj\sw_timer_4215635015939382130.dir: [32]
    ---------------------------------------------------------------
    Total:

D:\fenkuandianlu\ADS\code\kaiyuan_code\a\project\iar\Debug_m7_0\Obj\sysclk_16149231235676103872.dir: [33]
    cy_sysclk.o                    2'280      200       25
    ---------------------------------------------------------------
    Total:                         2'280      200       25

D:\fenkuandianlu\ADS\code\kaiyuan_code\a\project\iar\Debug_m7_0\Obj\sysflt_12293435975120599261.dir: [34]
    ---------------------------------------------------------------
    Total:

D:\fenkuandianlu\ADS\code\kaiyuan_code\a\project\iar\Debug_m7_0\Obj\sysint_7435970359207984181.dir: [35]
    cy_sysint.o                      172        8
    ---------------------------------------------------------------
    Total:                           172        8

D:\fenkuandianlu\ADS\code\kaiyuan_code\a\project\iar\Debug_m7_0\Obj\syslib_16330585751512546975.dir: [36]
    cy_syslib.o                      262               140
    cy_syslib_iar.o                   30
    ---------------------------------------------------------------
    Total:                           292               140

D:\fenkuandianlu\ADS\code\kaiyuan_code\a\project\iar\Debug_m7_0\Obj\syspm_10887939769544754770.dir: [37]
    ---------------------------------------------------------------
    Total:

D:\fenkuandianlu\ADS\code\kaiyuan_code\a\project\iar\Debug_m7_0\Obj\sysreghc_17676636058511625587.dir: [38]
    ---------------------------------------------------------------
    Total:

D:\fenkuandianlu\ADS\code\kaiyuan_code\a\project\iar\Debug_m7_0\Obj\sysreset_14586141425677365288.dir: [39]
    ---------------------------------------------------------------
    Total:

D:\fenkuandianlu\ADS\code\kaiyuan_code\a\project\iar\Debug_m7_0\Obj\sysrtc_10747768817563771611.dir: [40]
    ---------------------------------------------------------------
    Total:

D:\fenkuandianlu\ADS\code\kaiyuan_code\a\project\iar\Debug_m7_0\Obj\systick_16016591671695740695.dir: [41]
    ---------------------------------------------------------------
    Total:

D:\fenkuandianlu\ADS\code\kaiyuan_code\a\project\iar\Debug_m7_0\Obj\syswdt_9118657615806274156.dir: [42]
    ---------------------------------------------------------------
    Total:

D:\fenkuandianlu\ADS\code\kaiyuan_code\a\project\iar\Debug_m7_0\Obj\tcpwm_422923530147891246.dir: [43]
    cy_tcpwm.o                        12
    cy_tcpwm_counter.o               430       20
    ---------------------------------------------------------------
    Total:                           442       20

D:\fenkuandianlu\ADS\code\kaiyuan_code\a\project\iar\Debug_m7_0\Obj\trigmux_9729677290734583340.dir: [44]
    ---------------------------------------------------------------
    Total:

D:\fenkuandianlu\ADS\code\kaiyuan_code\a\project\iar\Debug_m7_0\Obj\user_8514941877209965082.dir: [45]
    cm7_0_isr.o                      500
    main_cm7_0.o                     680       28       68
    ---------------------------------------------------------------
    Total:                         1'180       28       68

D:\fenkuandianlu\ADS\code\kaiyuan_code\a\project\iar\Debug_m7_0\Obj\zf_common_1201165462030747823.dir: [46]
    zf_common_clock.o                 28                 4
    zf_common_debug.o              1'092      120      112
    zf_common_fifo.o                 980       80
    zf_common_font.o                        2'072
    zf_common_function.o             544       84
    zf_common_interrupt.o            226                 4
    ---------------------------------------------------------------
    Total:                         2'870    2'356      120

D:\fenkuandianlu\ADS\code\kaiyuan_code\a\project\iar\Debug_m7_0\Obj\zf_components_14936052685886095442.dir: [47]
    ---------------------------------------------------------------
    Total:

D:\fenkuandianlu\ADS\code\kaiyuan_code\a\project\iar\Debug_m7_0\Obj\zf_device_6570275422786408770.dir: [48]
    zf_device_imu660ra.o             528      137       14
    zf_device_ips200.o             3'552       81       14
    zf_device_mt9v03x.o            1'076       40   16'802   16'804
    zf_device_tsl1401.o              124               514
    zf_device_type.o                   2                 4
    ---------------------------------------------------------------
    Total:                         5'282      258   17'348   16'804

D:\fenkuandianlu\ADS\code\kaiyuan_code\a\project\iar\Debug_m7_0\Obj\zf_driver_11922370083829174090.dir: [49]
    zf_driver_adc.o                1'380        2       84
    zf_driver_delay.o                644        1        3
    zf_driver_flash.o                516       80    2'049
    zf_driver_gpio.o                 380
    zf_driver_pit.o                  920        8       60
    zf_driver_pwm.o                   32
    zf_driver_soft_iic.o           1'532       84
    zf_driver_spi.o                3'172       82       20
    zf_driver_uart.o               2'088       86      320
    ---------------------------------------------------------------
    Total:                        10'664      343    2'536

dl7M_tln.a: [50]
    abort.o                            6
    abs.o                              8
    exit.o                             4
    heap0.o                          316                 8
    heaptramp0.o                       4
    qsort.o                        1'212
    sprintf.o                         64
    vla_alloc.o                       22
    xfail_s.o                         64                 4
    xgetmemchunk.o                    44                 4
    xprintffull_nomb.o             3'758
    xsprout.o                         10
    ---------------------------------------------------------------
    Total:                         5'512                16

m7M_tlv.a: [51]
    DblCmpGe.o                        52
    DblCmpLe.o                        52
    DblDiv.o                          18
    DblMul.o                          18
    DblSub.o                          18
    DblToS32.o                        14
    DblToU32.o                        14
    S32ToDbl.o                        14
    U32ToDbl.o                        14
    asinf.o                           92
    atan2f.o                         106
    fmodf.o                          204
    fpinit_M.o                        34
    frexp.o                          112
    ldexp.o                          260
    sqrtf.o                           30
    xatanf.o                         164
    ---------------------------------------------------------------
    Total:                         1'216

rt7M_tl.a: [52]
    ABImemclr4.o                       6
    ABImemcpy.o                      166
    ABImemmove.o                     150
    ABImemset.o                      102
    ABImemset48.o                     50
    I64DivMod.o                      560
    I64DivZer.o                        2
    cexit.o                           10
    cmain.o                           30
    cstartup_M.o                      28
    data_init.o                       40
    lz77_init_single.o               126
    memchr.o                          88
    strchr.o                          22
    strlen.o                          54
    strncpy.o                        112
    zero_init3.o                      56
    ---------------------------------------------------------------
    Total:                         1'602

shb_l.a: [53]
    exit.o                            20
    ---------------------------------------------------------------
    Total:                            20

zf_device_config.a: [54]
    zf_device_config.o                      8'192
    zf_device_config_mt9v03x.o     2'136                36
    ---------------------------------------------------------------
    Total:                         2'136    8'192       36

    Gaps                              36        6        8
    Linker created                             32    9'216
-------------------------------------------------------------------
    Grand Total:                  59'112   12'695   52'404   16'804


*******************************************************************************
*** ENTRY LIST
***

Entry                       Address    Size  Type      Object
-----                       -------    ----  ----      ------
.iar.init_table$$Base   0x1009'129c           --   Gb  - Linker created -
.iar.init_table$$Limit  0x1009'12bc           --   Gb  - Linker created -
?main                   0x1009'1301          Code  Gb  cmain.o [52]
Aldata                  0x2803'48c8     0x8  Data  Lc  heap0.o [50]
BusFault_Handler        0x1009'1725          Code  Wk  startup_cm7.o [31]
CSTACK$$Base            0x2807'e000           --   Gb  - Linker created -
CSTACK$$Limit           0x2808'0000           --   Gb  - Linker created -
Choice                  0x2803'49dd     0x1  Data  Gb  menu.o [5]
Choice_MAX              0x2803'49df     0x1  Data  Gb  menu.o [5]
CopyVectorTable         0x1009'086d    0x34  Code  Lc  startup.o [31]
CpuUserInt0_Handler     0x1009'0b5f    0x26  Code  Gb  cy_interrupt_map.o [23]
CpuUserInt10_Handler    0x1009'1741          Code  Wk  startup_cm7.o [31]
CpuUserInt11_Handler    0x1009'1745          Code  Wk  startup_cm7.o [31]
CpuUserInt12_Handler    0x1009'1749          Code  Wk  startup_cm7.o [31]
CpuUserInt13_Handler    0x1009'174d          Code  Wk  startup_cm7.o [31]
CpuUserInt14_Handler    0x1009'1751          Code  Wk  startup_cm7.o [31]
CpuUserInt15_Handler    0x1009'1755          Code  Wk  startup_cm7.o [31]
CpuUserInt1_Handler     0x1009'0b85    0x26  Code  Gb  cy_interrupt_map.o [23]
CpuUserInt2_Handler     0x1009'0bab    0x26  Code  Gb  cy_interrupt_map.o [23]
CpuUserInt3_Handler     0x1009'0bd1    0x26  Code  Gb  cy_interrupt_map.o [23]
CpuUserInt4_Handler     0x1009'0bf7    0x26  Code  Gb  cy_interrupt_map.o [23]
CpuUserInt5_Handler     0x1009'0c1d    0x26  Code  Gb  cy_interrupt_map.o [23]
CpuUserInt6_Handler     0x1009'0c43    0x26  Code  Gb  cy_interrupt_map.o [23]
CpuUserInt7_Handler     0x1009'0c69    0x26  Code  Gb  cy_interrupt_map.o [23]
CpuUserInt8_Handler     0x1009'1739          Code  Wk  startup_cm7.o [31]
CpuUserInt9_Handler     0x1009'173d          Code  Wk  startup_cm7.o [31]
Cy_Adc_Channel_DeInit   0x1008'f4fd    0x2c  Code  Gb  cy_adc.o [1]
Cy_Adc_Channel_Disable  0x1008'f535     0xc  Code  Gb  cy_adc.o [1]
Cy_Adc_Channel_Enable   0x1008'f529     0xc  Code  Gb  cy_adc.o [1]
Cy_Adc_Channel_Init     0x1008'f3a9   0x154  Code  Gb  cy_adc.o [1]
Cy_Adc_Channel_SetInterruptMask
                        0x1008'f54d    0x7c  Code  Gb  cy_adc.o [1]
Cy_Adc_Channel_SoftwareTrigger
                        0x1008'f541     0xc  Code  Gb  cy_adc.o [1]
Cy_Adc_Init             0x1008'f31d    0x8c  Code  Gb  cy_adc.o [1]
Cy_DefaultUserHandler   0x1009'0b5d     0x2  Code  Gb  cy_interrupt_map.o [23]
Cy_FlashHandler         0x1008'501f    0x34  Code  Lc  cy_mw_flash.o [13]
Cy_FlashInit            0x1008'5053    0x3c  Code  Gb  cy_mw_flash.o [13]
Cy_FlashSectorErase     0x1008'508f    0x7e  Code  Gb  cy_mw_flash.o [13]
Cy_FlashWriteWork       0x1008'5199    0xbc  Code  Gb  cy_mw_flash.o [13]
Cy_Flash_BlankCheck     0x1008'67f3    0xb4  Code  Gb  cy_flash.o [12]
Cy_Flash_BoundsCheck    0x1008'66a9    0x24  Code  Gb  cy_flash.o [12]
Cy_Flash_CallSromApiForFlashWrite
                        0x1008'6499    0x6a  Code  Lc  cy_flash.o [12]
Cy_Flash_EraseSector    0x1008'678b    0x68  Code  Gb  cy_flash.o [12]
Cy_Flash_IsWorkSmallSector
                        0x1008'65ff    0x40  Code  Gb  cy_flash.o [12]
Cy_Flash_MainBoundsCheck
                        0x1008'663f    0x6a  Code  Gb  cy_flash.o [12]
Cy_Flash_ProcessOpcode  0x1008'66cd    0xbe  Code  Gb  cy_flash.o [12]
Cy_Flash_ProgramRow     0x1008'6503    0x92  Code  Gb  cy_flash.o [12]
Cy_Flash_WorkBoundsCheck
                        0x1008'6595    0x6a  Code  Gb  cy_flash.o [12]
Cy_Flashc_GetMainBankMode
                        0x1008'6477     0xe  Code  Lc  cy_flash.o [12]
Cy_Flashc_GetWorkBankMode
                        0x1008'6469     0xe  Code  Lc  cy_flash.o [12]
Cy_Flashc_InvalidateFlashCacheBuffer
                        0x1008'6485    0x14  Code  Lc  cy_flash.o [12]
Cy_Flashc_InvalidateFlashCacheBuffer
                        0x1008'4ff3    0x14  Code  Lc  cy_mw_flash.o [13]
Cy_Flashc_MainWriteEnable
                        0x1008'5007     0xc  Code  Lc  cy_mw_flash.o [13]
Cy_Flashc_WorkWriteEnable
                        0x1008'5013     0xc  Code  Lc  cy_mw_flash.o [13]
Cy_GPIO_ClearInterrupt  0x1008'4aa7     0xe  Code  Lc  cy_gpio.o [14]
Cy_GPIO_Clr             0x1008'4435     0xa  Code  Lc  zf_driver_gpio.o [49]
Cy_GPIO_Pin_Init        0x1008'4aeb    0x72  Code  Gb  cy_gpio.o [14]
Cy_GPIO_Read            0x1008'4421     0xa  Code  Lc  zf_driver_gpio.o [49]
Cy_GPIO_Set             0x1008'442b     0xa  Code  Lc  zf_driver_gpio.o [49]
Cy_GPIO_SetDriveSel     0x1008'4a89    0x1e  Code  Lc  cy_gpio.o [14]
Cy_GPIO_SetDrivemode    0x1008'4a39    0x1c  Code  Lc  cy_gpio.o [14]
Cy_GPIO_SetDrivemode    0x1008'443f    0x1c  Code  Lc  zf_driver_gpio.o [49]
Cy_GPIO_SetHSIOM        0x1008'49d5    0x4c  Code  Lc  cy_gpio.o [14]
Cy_GPIO_SetInterruptEdge
                        0x1008'4acf    0x1c  Code  Lc  cy_gpio.o [14]
Cy_GPIO_SetInterruptMask
                        0x1008'4ab5    0x1a  Code  Lc  cy_gpio.o [14]
Cy_GPIO_SetSlewRate     0x1008'4a6f    0x1a  Code  Lc  cy_gpio.o [14]
Cy_GPIO_SetVtrip        0x1008'4a55    0x1a  Code  Lc  cy_gpio.o [14]
Cy_GPIO_Write           0x1008'4a21    0x18  Code  Lc  cy_gpio.o [14]
Cy_IPC_Drv_AcquireNotify
                        0x1008'7dd5     0xc  Code  Lc  cy_ipc_drv.o [15]
Cy_IPC_Drv_ClearInterrupt
                        0x1008'605f    0x14  Code  Lc  cy_srom.o [30]
Cy_IPC_Drv_GetInterruptStatusMasked
                        0x1008'605b     0x4  Code  Lc  cy_srom.o [30]
Cy_IPC_Drv_GetIntrBaseAddr
                        0x1008'6015    0x34  Code  Lc  cy_srom.o [30]
Cy_IPC_Drv_IsLockAcquired
                        0x1008'6073     0x8  Code  Lc  cy_srom.o [30]
Cy_IPC_Drv_LockAcquire  0x1008'7de9    0x10  Code  Gb  cy_ipc_drv.o [15]
Cy_IPC_Drv_SendMsgWord_2
                        0x1008'7df9    0x34  Code  Gb  cy_ipc_drv.o [15]
Cy_IPC_Drv_SetInterruptMask
                        0x1008'6049    0x12  Code  Lc  cy_srom.o [30]
Cy_IPC_Drv_WriteData1Value
                        0x1008'7de5     0x4  Code  Lc  cy_ipc_drv.o [15]
Cy_IPC_Drv_WriteDataValue
                        0x1008'7de1     0x4  Code  Lc  cy_ipc_drv.o [15]
Cy_RestoreIRQ           0x1009'049d          Code  Gb  startup_cm7.o [31]
Cy_SCB_ClearRxFifo      0x1008'a3eb    0x1e  Code  Lc  zf_driver_spi.o [49]
Cy_SCB_ClearRxInterrupt
                        0x1009'08d7     0xa  Code  Lc  cm7_0_isr.o [45]
Cy_SCB_ClearTxInterrupt
                        0x1009'08e7     0xa  Code  Lc  cm7_0_isr.o [45]
Cy_SCB_GetFifoSize      0x1008'a445    0x12  Code  Lc  zf_driver_spi.o [49]
Cy_SCB_GetNumInRxFifo   0x1008'a3e1     0xa  Code  Lc  zf_driver_spi.o [49]
Cy_SCB_GetNumInRxFifo   0x1008'5467     0xa  Code  Lc  zf_driver_uart.o [49]
Cy_SCB_GetNumInTxFifo   0x1008'a40f     0xa  Code  Lc  zf_driver_spi.o [49]
Cy_SCB_GetNumInTxFifo   0x1008'5477     0xa  Code  Lc  zf_driver_uart.o [49]
Cy_SCB_GetRxInterruptMask
                        0x1009'08d1     0x6  Code  Lc  cm7_0_isr.o [45]
Cy_SCB_GetRxInterruptMask
                        0x1008'54b3     0x6  Code  Lc  zf_driver_uart.o [49]
Cy_SCB_GetTxInterruptMask
                        0x1009'08e1     0x6  Code  Lc  cm7_0_isr.o [45]
Cy_SCB_GetTxInterruptMask
                        0x1008'54bf     0x6  Code  Lc  zf_driver_uart.o [49]
Cy_SCB_GetTxSrValid     0x1008'a419     0xa  Code  Lc  zf_driver_spi.o [49]
Cy_SCB_GetTxSrValid     0x1008'5481     0xa  Code  Lc  zf_driver_uart.o [49]
Cy_SCB_IsTxComplete     0x1008'a423    0x22  Code  Lc  zf_driver_spi.o [49]
Cy_SCB_IsTxComplete     0x1008'548b    0x22  Code  Lc  zf_driver_uart.o [49]
Cy_SCB_ReadRxFifo       0x1008'5461     0x6  Code  Lc  zf_driver_uart.o [49]
Cy_SCB_SPI_ClearRxFifo  0x1008'a475     0x8  Code  Lc  zf_driver_spi.o [49]
Cy_SCB_SPI_Enable       0x1008'a457     0xa  Code  Lc  zf_driver_spi.o [49]
Cy_SCB_SPI_GetNumInRxFifo
                        0x1008'a46d     0x8  Code  Lc  zf_driver_spi.o [49]
Cy_SCB_SPI_Init         0x1008'b6b5   0x1d8  Code  Gb  cy_scb_spi.o [24]
Cy_SCB_SPI_SetActiveSlaveSelect
                        0x1008'a461     0xc  Code  Lc  zf_driver_spi.o [49]
Cy_SCB_SetRxInterruptMask
[...]
posi_KP_NORMAL          0x2802'a918     0x4  Data  Gb  Motor.o [5]
posi_KP_RIGHT           0x2802'a900     0x4  Data  Gb  Motor.o [5]
posi_KP_RING            0x2802'a908     0x4  Data  Gb  Motor.o [5]
posi_KP_STRAIGHT        0x2802'a910     0x4  Data  Gb  Motor.o [5]
position_pid            0x1008'bc71    0xaa  Code  Gb  Motor.o [5]
post_island_distance    0x2803'4950     0x2  Data  Gb  Image_processing.o [5]
power_turn_l            0x2803'49b2     0x2  Data  Gb  Motor.o [5]
power_turn_r            0x2803'49b4     0x2  Data  Gb  Motor.o [5]
powerl_left_down        0x2803'49a8     0x2  Data  Gb  Motor.o [5]
powerl_left_up          0x2803'49a6     0x2  Data  Gb  Motor.o [5]
powerl_right_down       0x2803'49ac     0x2  Data  Gb  Motor.o [5]
powerl_right_up         0x2803'49aa     0x2  Data  Gb  Motor.o [5]
press_flag              0x2803'49da     0x1  Data  Gb  key.o [5]
programSizeBytesLut     0x1009'1420    0x14  Data  Lc  cy_flash.o [12]
pwm_all_channel_close   0x1008'7d09    0x1a  Code  Gb  zf_driver_pwm.o [49]
qsort                   0x1008'4409    0x18  Code  Gb  qsort.o [50]
quat                    0x2802'a920    0x2c  Data  Lc  quaternion.o [5]
quaternion_calibrate    0x1008'a0fd    0x1c  Code  Gb  quaternion.o [5]
quaternion_init         0x1008'a0d1    0x2c  Code  Gb  quaternion.o [5]
quaternion_reset        0x1008'a3a3    0x22  Code  Gb  quaternion.o [5]
quaternion_update       0x1008'a119   0x28a  Code  Gb  quaternion.o [5]
r_border                0x2803'4308    0xa0  Data  Gb  Image_processing.o [5]
r_diff                  0x2803'494e     0x2  Data  Gb  Image_processing.o [5]
r_status                0x2803'46e8    0x50  Data  Gb  Image_processing.o [5]
record_index            0x2803'49b6     0x2  Data  Gb  trajectory.o [5]
record_mode             0x2803'49e2     0x1  Data  Gb  menu.o [5]
recover_search_line     0x1008'368d    0x48  Code  Gb  Image_processing.o [5]
replay_index            0x2803'49b8     0x2  Data  Gb  trajectory.o [5]
replay_mode             0x2803'49e3     0x1  Data  Gb  menu.o [5]
rest_count              0x2803'49d1     0x1  Data  Gb  Image_processing.o [5]
right_angle_deal        0x1008'3171   0x3f0  Code  Gb  Image_processing.o [5]
right_angle_deal::last_rightangle_row
                        0x2802'a9e0     0x2  Data  Lc  Image_processing.o [5]
right_angle_deal::rightangle_laline_enable
                        0x2803'49cb     0x1  Data  Lc  Image_processing.o [5]
right_qianzhan_base     0x2802'aa02     0x1  Data  Gb  Image_processing.o [5]
right_rightangle_flag   0x2803'49c4     0x1  Data  Gb  Image_processing.o [5]
right_white_found_threshold
                        0x2802'aa01     0x1  Data  Gb  Image_processing.o [5]
rightangle_row          0x2803'49c3     0x1  Data  Gb  Image_processing.o [5]
ringCount               0x2802'a9fe     0x1  Data  Gb  Image_processing.o [5]
ringSequence            0x2802'a8b4     0x4  Data  Gb  Image_processing.o [5]
rot3                    0x1008'3fbb    0x68  Code  Lc  qsort.o [50]
rotate                  0x1008'4029    0x4a  Code  Lc  qsort.o [50]
run_flag                0x2803'49e1     0x1  Data  Gb  menu.o [5]
run_test                0x1008'c535    0x36  Code  Gb  Motor.o [5]
run_test_distance       0x2803'48fc     0x4  Data  Gb  Motor.o [5]
run_test_distance_limit
                        0x2802'a8fc     0x4  Data  Gb  Motor.o [5]
run_test_enable         0x2803'49e8     0x1  Data  Gb  Motor.o [5]
sar_adc                 0x2802'a958     0xc  Data  Lc  zf_driver_adc.o [49]
save_camera_params_to_flash
                        0x1008'3849    0x56  Code  Gb  Image_processing.o [5]
save_current_white_values
                        0x1008'3823    0x20  Code  Gb  Image_processing.o [5]
save_white_values_to_flash
                        0x1008'3791    0x46  Code  Gb  Image_processing.o [5]
scalbln                 0x1008'7fd9          Code  Gb  ldexp.o [51]
scalblnl                0x1008'7fd9          Code  Gb  ldexp.o [51]
scalbn                  0x1008'7fd9          Code  Gb  ldexp.o [51]
scalbnl                 0x1008'7fd9          Code  Gb  ldexp.o [51]
scale                   0x1008'7c39    0x46  Code  Lc  xprintffull_nomb.o [50]
scanf_key               0x1008'9279    0x6e  Code  Gb  key.o [5]
scb_module              0x2802'a9c4    0x14  Data  Gb  zf_driver_uart.o [49]
search_border           0x1008'20b3   0x532  Code  Gb  Image_processing.o [5]
search_border::last_valid_l_col
                        0x2803'4948     0x2  Data  Lc  Image_processing.o [5]
search_border::last_valid_l_row
                        0x2802'a9da     0x2  Data  Lc  Image_processing.o [5]
search_border::last_valid_r_col
                        0x2803'494a     0x2  Data  Lc  Image_processing.o [5]
search_border::last_valid_r_row
                        0x2802'a9dc     0x2  Data  Lc  Image_processing.o [5]
sec_hand                0x2803'4940     0x4  Data  Lc  xfail_s.o [50]
small_driver_get_speed_left
                        0x1008'cb27    0x2a  Code  Gb  small_driver_uart_control.o [5]
small_driver_get_speed_right
                        0x1008'cb51    0x2a  Code  Gb  small_driver_uart_control.o [5]
small_driver_init_fan   0x1008'cbd7    0x2e  Code  Gb  small_driver_uart_control.o [5]
small_driver_init_left  0x1008'cb7b    0x2e  Code  Gb  small_driver_uart_control.o [5]
small_driver_init_right
                        0x1008'cba9    0x2e  Code  Gb  small_driver_uart_control.o [5]
small_driver_set_duty_fan
                        0x1008'cae5    0x42  Code  Gb  small_driver_uart_control.o [5]
small_driver_set_duty_left
                        0x1008'ca61    0x42  Code  Gb  small_driver_uart_control.o [5]
small_driver_set_duty_right
                        0x1008'caa3    0x42  Code  Gb  small_driver_uart_control.o [5]
small_driver_uart_init_fan
                        0x1008'cc65    0x1e  Code  Gb  small_driver_uart_control.o [5]
small_driver_uart_init_left
                        0x1008'cc11    0x2a  Code  Gb  small_driver_uart_control.o [5]
small_driver_uart_init_right
                        0x1008'cc3b    0x2a  Code  Gb  small_driver_uart_control.o [5]
soft_iic_init           0x1008'e74d    0x78  Code  Gb  zf_driver_soft_iic.o [49]
soft_iic_read_data      0x1008'e577   0x10e  Code  Lc  zf_driver_soft_iic.o [49]
soft_iic_sccb_read_register
                        0x1008'e6e1    0x6c  Code  Gb  zf_driver_soft_iic.o [49]
soft_iic_sccb_write_register
                        0x1008'e691    0x4c  Code  Gb  zf_driver_soft_iic.o [49]
soft_iic_send_ack       0x1008'e309    0xc6  Code  Lc  zf_driver_soft_iic.o [49]
soft_iic_send_data      0x1008'e49f    0xd8  Code  Lc  zf_driver_soft_iic.o [49]
soft_iic_start          0x1008'e1cd    0x9e  Code  Lc  zf_driver_soft_iic.o [49]
soft_iic_stop           0x1008'e26b    0x9e  Code  Lc  zf_driver_soft_iic.o [49]
soft_iic_wait_ack       0x1008'e3cf    0xd0  Code  Lc  zf_driver_soft_iic.o [49]
speed                   0x2803'4946     0x2  Data  Gb  Encoder.o [5]
speed_out_lb            0x2803'49a0     0x2  Data  Gb  Motor.o [5]
speed_out_lf            0x2803'499e     0x2  Data  Gb  Motor.o [5]
speed_out_rb            0x2803'49a4     0x2  Data  Gb  Motor.o [5]
speed_out_rf            0x2803'49a2     0x2  Data  Gb  Motor.o [5]
speed_pid               0x1008'be39   0x5fc  Code  Gb  Motor.o [5]
speed_ring              0x2802'a9f0     0x2  Data  Gb  Motor.o [5]
speed_update            0x1008'd00d    0x6a  Code  Gb  Encoder.o [5]
spi_get_clk_hsiom       0x1008'a6dd    0x28  Code  Lc  zf_driver_spi.o [49]
spi_get_clk_pin         0x1008'a621    0x28  Code  Lc  zf_driver_spi.o [49]
spi_get_cs_hsiom        0x1008'a755    0x44  Code  Lc  zf_driver_spi.o [49]
spi_get_cs_pin          0x1008'a699    0x44  Code  Lc  zf_driver_spi.o [49]
spi_get_miso_hsiom      0x1008'a72d    0x28  Code  Lc  zf_driver_spi.o [49]
spi_get_miso_pin        0x1008'a671    0x28  Code  Lc  zf_driver_spi.o [49]
spi_get_mosi_hsiom      0x1008'a705    0x28  Code  Lc  zf_driver_spi.o [49]
spi_get_mosi_pin        0x1008'a649    0x28  Code  Lc  zf_driver_spi.o [49]
spi_init                0x1008'ada1   0x28e  Code  Gb  zf_driver_spi.o [49]
spi_module              0x2802'a9a0    0x10  Data  Gb  zf_driver_spi.o [49]
spi_read_8bit_registers
                        0x1008'acad    0xe2  Code  Gb  zf_driver_spi.o [49]
spi_write_16bit         0x1008'a97f    0xaa  Code  Gb  zf_driver_spi.o [49]
spi_write_16bit_array   0x1008'aa29    0xb6  Code  Gb  zf_driver_spi.o [49]
spi_write_8bit          0x1008'a8d5    0xaa  Code  Gb  zf_driver_spi.o [49]
spi_write_8bit_register
                        0x1008'aadf    0xde  Code  Gb  zf_driver_spi.o [49]
spi_write_8bit_registers
                        0x1008'abbd    0xe8  Code  Gb  zf_driver_spi.o [49]
sprintf                 0x1008'5b1d    0x40  Code  Gb  sprintf.o [50]
sqrtf                   0x1008'b501          Code  Gb  sqrtf.o [51]
start_angle_flag        0x2803'49c6     0x1  Data  Gb  Image_processing.o [5]
start_h                 0x2802'a9d8     0x2  Data  Gb  Image_processing.o [5]
step                    0x2802'a9ee     0x2  Data  Gb  Motor.o [5]
stop_confirm_cnt        0x2803'49d2     0x1  Data  Gb  Image_processing.o [5]
stop_match_state        0x2803'49dc     0x1  Data  Lc  main_cm7_0.o [45]
stop_record_flag        0x2803'49eb     0x1  Data  Gb  trajectory.o [5]
stop_replay_flag        0x2803'49ec     0x1  Data  Gb  trajectory.o [5]
straight_detection_check
                        0x1008'3aa1    0x80  Code  Gb  Image_processing.o [5]
straight_detection_check::straight_cnt
                        0x2803'49d5     0x1  Data  Lc  Image_processing.o [5]
straight_flag           0x2803'49d4     0x1  Data  Gb  Image_processing.o [5]
strchr                  0x1008'7e3d          Code  Gb  strchr.o [52]
strlen                  0x1008'5ae5          Code  Gb  strlen.o [52]
strncpy                 0x1008'6301          Code  Gb  strncpy.o [52]
swap                    0x1008'3f65    0x56  Code  Lc  qsort.o [50]
switch_transition_length
                        0x1008'a799   0x13c  Code  Lc  zf_driver_spi.o [49]
system_clock            0x2803'491c     0x4  Data  Gb  zf_common_clock.o [46]
system_delay_init       0x1008'b43f    0xa6  Code  Gb  zf_driver_delay.o [49]
system_delay_ms         0x1008'b3e1    0x5e  Code  Gb  zf_driver_delay.o [49]
target_yaw              0x2803'4914     0x4  Data  Gb  trajectory.o [5]
td_lb                   0x2802'a8d8     0x4  Data  Gb  Motor.o [5]
td_lf                   0x2802'a8d0     0x4  Data  Gb  Motor.o [5]
td_rb                   0x2802'a8e8     0x4  Data  Gb  Motor.o [5]
td_rf                   0x2802'a8e0     0x4  Data  Gb  Motor.o [5]
test1                   0x2803'49ae     0x2  Data  Gb  Motor.o [5]
test2                   0x2803'49b0     0x2  Data  Gb  Motor.o [5]
theta_total             0x2803'48e4     0x4  Data  Gb  gyroscope.o [5]
ti_lb                   0x2802'a8d4     0x4  Data  Gb  Motor.o [5]
ti_lf                   0x2802'a8cc     0x4  Data  Gb  Motor.o [5]
ti_rb                   0x2802'a8e4     0x4  Data  Gb  Motor.o [5]
ti_rf                   0x2802'a8dc     0x4  Data  Gb  Motor.o [5]
timer_ch                0x2802'aa0e     0x1  Data  Lc  zf_driver_delay.o [49]
ting                    0x2803'4968     0x2  Data  Gb  Image_processing.o [5]
ting_check_break        0x2803'4964     0x2  Data  Gb  Image_processing.o [5]
ting_circle             0x2803'496a     0x2  Data  Gb  Image_processing.o [5]
tings                   0x2803'4966     0x2  Data  Gb  Image_processing.o [5]
total_pulses            0x2803'4918     0x4  Data  Gb  trajectory.o [5]
trajectory_init         0x1008'ce27    0x76  Code  Gb  trajectory.o [5]
trajectory_processing   0x1008'cc85   0x1a2  Code  Gb  trajectory.o [5]
trajectory_processing::break_count
                        0x2803'49ee     0x1  Data  Lc  trajectory.o [5]
trajectory_replay_control
                        0x1008'cebd    0x74  Code  Gb  trajectory.o [5]
tsl1401_collect_pit_handler
                        0x1009'0ac5    0x68  Code  Gb  zf_device_tsl1401.o [48]
tsl1401_data            0x2803'3f50   0x200  Data  Gb  zf_device_tsl1401.o [48]
tsl1401_finish_flag     0x2803'49f7     0x1  Data  Gb  zf_device_tsl1401.o [48]
tsl1401_init_state      0x2803'49f6     0x1  Data  Lc  zf_device_tsl1401.o [48]
type_default_callback   0x1009'1759     0x2  Code  Lc  zf_device_type.o [48]
uart0_isr               0x1009'0981    0x40  Code  Gb  cm7_0_isr.o [45]
uart1_isr               0x1009'09c1    0x42  Code  Gb  cm7_0_isr.o [45]
uart2_isr               0x1009'0a09    0x40  Code  Gb  cm7_0_isr.o [45]
uart3_isr               0x1009'0a49    0x3c  Code  Gb  cm7_0_isr.o [45]
uart4_isr               0x1009'0a85    0x40  Code  Gb  cm7_0_isr.o [45]
uart_context            0x2803'4150   0x118  Data  Gb  zf_driver_uart.o [49]
uart_control_callback_left
                        0x1008'c8fd    0xb2  Code  Gb  small_driver_uart_control.o [5]
uart_control_callback_right
                        0x1008'c9af    0xb2  Code  Gb  small_driver_uart_control.o [5]
uart_init               0x1008'590d   0x190  Code  Gb  zf_driver_uart.o [49]
uart_isr_func           0x2802'a9b0    0x14  Data  Gb  zf_driver_uart.o [49]
uart_query_byte         0x1008'56c1    0x32  Code  Gb  zf_driver_uart.o [49]
uart_rx_interrupt       0x1008'580f    0xfe  Code  Gb  zf_driver_uart.o [49]
uart_tx_interrupt       0x1008'56f3   0x11c  Code  Gb  zf_driver_uart.o [49]
uart_write_buffer       0x1008'5687    0x1e  Code  Gb  zf_driver_uart.o [49]
uart_write_byte         0x1008'565f    0x28  Code  Gb  zf_driver_uart.o [49]
uart_write_string       0x1008'56a5    0x1c  Code  Gb  zf_driver_uart.o [49]
update_angle            0x1009'02d1    0x74  Code  Gb  gyroscope.o [5]
valid_rows              0x2803'495c     0x2  Data  Gb  Image_processing.o [5]
validate_border         0x1008'25e5   0x158  Code  Gb  Image_processing.o [5]
white_per_row           0x2803'44e8    0xa0  Data  Gb  Image_processing.o [5]
wireless_module_uart_handler
                        0x2802'a954     0x4  Data  Gb  zf_device_type.o [48]
yaw_record              0x2803'1f70   0x7f8  Data  Gb  trajectory.o [5]
yaw_record1             0x2803'2768   0x7f8  Data  Gb  trajectory.o [5]
yaw_record2             0x2803'2f60   0x7f8  Data  Gb  trajectory.o [5]
yaw_record3             0x2803'3758   0x7f8  Data  Gb  trajectory.o [5]
yaw_record_count        0x2803'48c0     0x8  Data  Gb  trajectory.o [5]
zf_debug_assert_enable  0x2802'aa09     0x1  Data  Lc  zf_common_debug.o [46]
zf_debug_init_flag      0x2803'49ef     0x1  Data  Lc  zf_common_debug.o [46]


[1] = D:\fenkuandianlu\ADS\code\kaiyuan_code\a\project\iar\Debug_m7_0\Obj\adc_11722776235721520015.dir
[2] = D:\fenkuandianlu\ADS\code\kaiyuan_code\a\project\iar\Debug_m7_0\Obj\audioss_1346650047966882938.dir
[3] = D:\fenkuandianlu\ADS\code\kaiyuan_code\a\project\iar\Debug_m7_0\Obj\button_4990804375159372270.dir
[4] = D:\fenkuandianlu\ADS\code\kaiyuan_code\a\project\iar\Debug_m7_0\Obj\canfd_1800690984773873875.dir
[5] = D:\fenkuandianlu\ADS\code\kaiyuan_code\a\project\iar\Debug_m7_0\Obj\code_17896468042025673432.dir
[6] = D:\fenkuandianlu\ADS\code\kaiyuan_code\a\project\iar\Debug_m7_0\Obj\cpu_15938736945165268644.dir
[7] = D:\fenkuandianlu\ADS\code\kaiyuan_code\a\project\iar\Debug_m7_0\Obj\crypto_1190170608956581615.dir
[8] = D:\fenkuandianlu\ADS\code\kaiyuan_code\a\project\iar\Debug_m7_0\Obj\dma_12106025507578611576.dir
[9] = D:\fenkuandianlu\ADS\code\kaiyuan_code\a\project\iar\Debug_m7_0\Obj\eth_phy_18133017486186456677.dir
[10] = D:\fenkuandianlu\ADS\code\kaiyuan_code\a\project\iar\Debug_m7_0\Obj\ethernet_6029839089178797009.dir
[11] = D:\fenkuandianlu\ADS\code\kaiyuan_code\a\project\iar\Debug_m7_0\Obj\evtgen_3404189088603873129.dir
[12] = D:\fenkuandianlu\ADS\code\kaiyuan_code\a\project\iar\Debug_m7_0\Obj\flash_8529866181315662935.dir
[13] = D:\fenkuandianlu\ADS\code\kaiyuan_code\a\project\iar\Debug_m7_0\Obj\flash_864493325053435817.dir
[14] = D:\fenkuandianlu\ADS\code\kaiyuan_code\a\project\iar\Debug_m7_0\Obj\gpio_3999404635324069351.dir
[15] = D:\fenkuandianlu\ADS\code\kaiyuan_code\a\project\iar\Debug_m7_0\Obj\ipc_10145506163450686023.dir
[16] = D:\fenkuandianlu\ADS\code\kaiyuan_code\a\project\iar\Debug_m7_0\Obj\lin_18429031207028094880.dir
[17] = D:\fenkuandianlu\ADS\code\kaiyuan_code\a\project\iar\Debug_m7_0\Obj\lvd_6353935867039560245.dir
[18] = D:\fenkuandianlu\ADS\code\kaiyuan_code\a\project\iar\Debug_m7_0\Obj\mcwdt_4052485907822033969.dir
[19] = D:\fenkuandianlu\ADS\code\kaiyuan_code\a\project\iar\Debug_m7_0\Obj\mpu_5663187252346826382.dir
[20] = D:\fenkuandianlu\ADS\code\kaiyuan_code\a\project\iar\Debug_m7_0\Obj\power_14453085144426420577.dir
[21] = D:\fenkuandianlu\ADS\code\kaiyuan_code\a\project\iar\Debug_m7_0\Obj\prot_10722960861768657883.dir
[22] = D:\fenkuandianlu\ADS\code\kaiyuan_code\a\project\iar\Debug_m7_0\Obj\rev_b_4986922561640112550.dir
[23] = D:\fenkuandianlu\ADS\code\kaiyuan_code\a\project\iar\Debug_m7_0\Obj\rev_b_6162237342861132223.dir
[24] = D:\fenkuandianlu\ADS\code\kaiyuan_code\a\project\iar\Debug_m7_0\Obj\scb_15490842639181808494.dir
[25] = D:\fenkuandianlu\ADS\code\kaiyuan_code\a\project\iar\Debug_m7_0\Obj\sd_host_2982766354293506895.dir
[26] = D:\fenkuandianlu\ADS\code\kaiyuan_code\a\project\iar\Debug_m7_0\Obj\semihosting_143864889731838620.dir
[27] = D:\fenkuandianlu\ADS\code\kaiyuan_code\a\project\iar\Debug_m7_0\Obj\smartio_5451710003740070188.dir
[28] = D:\fenkuandianlu\ADS\code\kaiyuan_code\a\project\iar\Debug_m7_0\Obj\smif_427648126384146252.dir
[29] = D:\fenkuandianlu\ADS\code\kaiyuan_code\a\project\iar\Debug_m7_0\Obj\smif_mem_6470536964353725183.dir
[30] = D:\fenkuandianlu\ADS\code\kaiyuan_code\a\project\iar\Debug_m7_0\Obj\srom_13018798572330080582.dir
[31] = D:\fenkuandianlu\ADS\code\kaiyuan_code\a\project\iar\Debug_m7_0\Obj\startup_479057977785470282.dir
[32] = D:\fenkuandianlu\ADS\code\kaiyuan_code\a\project\iar\Debug_m7_0\Obj\sw_timer_4215635015939382130.dir
[33] = D:\fenkuandianlu\ADS\code\kaiyuan_code\a\project\iar\Debug_m7_0\Obj\sysclk_16149231235676103872.dir
[34] = D:\fenkuandianlu\ADS\code\kaiyuan_code\a\project\iar\Debug_m7_0\Obj\sysflt_12293435975120599261.dir
[35] = D:\fenkuandianlu\ADS\code\kaiyuan_code\a\project\iar\Debug_m7_0\Obj\sysint_7435970359207984181.dir
[36] = D:\fenkuandianlu\ADS\code\kaiyuan_code\a\project\iar\Debug_m7_0\Obj\syslib_16330585751512546975.dir
[37] = D:\fenkuandianlu\ADS\code\kaiyuan_code\a\project\iar\Debug_m7_0\Obj\syspm_10887939769544754770.dir
[38] = D:\fenkuandianlu\ADS\code\kaiyuan_code\a\project\iar\Debug_m7_0\Obj\sysreghc_17676636058511625587.dir
[39] = D:\fenkuandianlu\ADS\code\kaiyuan_code\a\project\iar\Debug_m7_0\Obj\sysreset_14586141425677365288.dir
[40] = D:\fenkuandianlu\ADS\code\kaiyuan_code\a\project\iar\Debug_m7_0\Obj\sysrtc_10747768817563771611.dir
[41] = D:\fenkuandianlu\ADS\code\kaiyuan_code\a\project\iar\Debug_m7_0\Obj\systick_16016591671695740695.dir
[42] = D:\fenkuandianlu\ADS\code\kaiyuan_code\a\project\iar\Debug_m7_0\Obj\syswdt_9118657615806274156.dir
[43] = D:\fenkuandianlu\ADS\code\kaiyuan_code\a\project\iar\Debug_m7_0\Obj\tcpwm_422923530147891246.dir
[44] = D:\fenkuandianlu\ADS\code\kaiyuan_code\a\project\iar\Debug_m7_0\Obj\trigmux_9729677290734583340.dir
[45] = D:\fenkuandianlu\ADS\code\kaiyuan_code\a\project\iar\Debug_m7_0\Obj\user_8514941877209965082.dir
[46] = D:\fenkuandianlu\ADS\code\kaiyuan_code\a\project\iar\Debug_m7_0\Obj\zf_common_1201165462030747823.dir
[47] = D:\fenkuandianlu\ADS\code\kaiyuan_code\a\project\iar\Debug_m7_0\Obj\zf_components_14936052685886095442.dir
[48] = D:\fenkuandianlu\ADS\code\kaiyuan_code\a\project\iar\Debug_m7_0\Obj\zf_device_6570275422786408770.dir
[49] = D:\fenkuandianlu\ADS\code\kaiyuan_code\a\project\iar\Debug_m7_0\Obj\zf_driver_11922370083829174090.dir
[50] = dl7M_tln.a
[51] = m7M_tlv.a
[52] = rt7M_tl.a
[53] = shb_l.a
[54] = zf_device_config.a

  59'112 bytes of readonly  code memory
  12'695 bytes of readonly  data memory
  52'404 bytes of readwrite data memory (+ 16'804 absolute)

Errors: none
Warnings: none
