###############################################################################
#
# IAR ELF Linker V9.40.1.364/W64 for ARM                  11/Feb/2026  17:25:03
# Copyright 2007-2023 IAR Systems AB.
#
#    Output file  =
#        D:\fenkuandianlu\ADS\code\kaiyuan_code\wangyou\project\iar\Debug_m4\Exe\cyt2bl3.out
#    Map file     =
#        D:\fenkuandianlu\ADS\code\kaiyuan_code\wangyou\project\iar\Debug_m4\List\cyt2bl3.map
#    Command line =
#        -f
#        D:\fenkuandianlu\ADS\code\kaiyuan_code\wangyou\project\iar\Debug_m4\Exe\cyt2bl3.out.rsp
#        (D:\fenkuandianlu\ADS\code\kaiyuan_code\wangyou\project\iar\Debug_m4\Obj\code_17896468042025673432.dir\break_road.o
#        D:\fenkuandianlu\ADS\code\kaiyuan_code\wangyou\project\iar\Debug_m4\Obj\user_8514941877209965082.dir\cm4_isr.o
#        D:\fenkuandianlu\ADS\code\kaiyuan_code\wangyou\project\iar\Debug_m4\Obj\adc_11722776235721520015.dir\cy_adc.o
#        D:\fenkuandianlu\ADS\code\kaiyuan_code\wangyou\project\iar\Debug_m4\Obj\button_4990804375159372270.dir\cy_button.o
#        D:\fenkuandianlu\ADS\code\kaiyuan_code\wangyou\project\iar\Debug_m4\Obj\canfd_1800690984773873875.dir\cy_canfd.o
#        D:\fenkuandianlu\ADS\code\kaiyuan_code\wangyou\project\iar\Debug_m4\Obj\cpu_15938736945165268644.dir\cy_cpu.o
#        D:\fenkuandianlu\ADS\code\kaiyuan_code\wangyou\project\iar\Debug_m4\Obj\crypto_1190170608956581615.dir\cy_crypto_config.o
#        D:\fenkuandianlu\ADS\code\kaiyuan_code\wangyou\project\iar\Debug_m4\Obj\evtgen_3404189088603873129.dir\cy_evtgen.o
#        D:\fenkuandianlu\ADS\code\kaiyuan_code\wangyou\project\iar\Debug_m4\Obj\flash_8529866181315662935.dir\cy_flash.o
#        D:\fenkuandianlu\ADS\code\kaiyuan_code\wangyou\project\iar\Debug_m4\Obj\gpio_3999404635324069351.dir\cy_gpio.o
#        D:\fenkuandianlu\ADS\code\kaiyuan_code\wangyou\project\iar\Debug_m4\Obj\rev_b_6162237342861132223.dir\cy_interrupt_map.o
#        D:\fenkuandianlu\ADS\code\kaiyuan_code\wangyou\project\iar\Debug_m4\Obj\ipc_10145506163450686023.dir\cy_ipc_drv.o
#        D:\fenkuandianlu\ADS\code\kaiyuan_code\wangyou\project\iar\Debug_m4\Obj\ipc_10145506163450686023.dir\cy_ipc_pipe.o
#        D:\fenkuandianlu\ADS\code\kaiyuan_code\wangyou\project\iar\Debug_m4\Obj\ipc_10145506163450686023.dir\cy_ipc_sema.o
#        D:\fenkuandianlu\ADS\code\kaiyuan_code\wangyou\project\iar\Debug_m4\Obj\lin_18429031207028094880.dir\cy_lin.o
#        D:\fenkuandianlu\ADS\code\kaiyuan_code\wangyou\project\iar\Debug_m4\Obj\lvd_6353935867039560245.dir\cy_lvd.o
#        D:\fenkuandianlu\ADS\code\kaiyuan_code\wangyou\project\iar\Debug_m4\Obj\mcwdt_4052485907822033969.dir\cy_mcwdt.o
#        D:\fenkuandianlu\ADS\code\kaiyuan_code\wangyou\project\iar\Debug_m4\Obj\dma_12106025507578611576.dir\cy_mdma.o
#        D:\fenkuandianlu\ADS\code\kaiyuan_code\wangyou\project\iar\Debug_m4\Obj\mpu_5663187252346826382.dir\cy_mpu.o
#        D:\fenkuandianlu\ADS\code\kaiyuan_code\wangyou\project\iar\Debug_m4\Obj\flash_864493325053435817.dir\cy_mw_flash.o
#        D:\fenkuandianlu\ADS\code\kaiyuan_code\wangyou\project\iar\Debug_m4\Obj\dma_12106025507578611576.dir\cy_pdma.o
#        D:\fenkuandianlu\ADS\code\kaiyuan_code\wangyou\project\iar\Debug_m4\Obj\prot_10722960861768657883.dir\cy_prot.o
#        D:\fenkuandianlu\ADS\code\kaiyuan_code\wangyou\project\iar\Debug_m4\Obj\scb_15490842639181808494.dir\cy_scb_common.o
#        D:\fenkuandianlu\ADS\code\kaiyuan_code\wangyou\project\iar\Debug_m4\Obj\scb_15490842639181808494.dir\cy_scb_ezi2c.o
#        D:\fenkuandianlu\ADS\code\kaiyuan_code\wangyou\project\iar\Debug_m4\Obj\scb_15490842639181808494.dir\cy_scb_i2c.o
#        D:\fenkuandianlu\ADS\code\kaiyuan_code\wangyou\project\iar\Debug_m4\Obj\scb_15490842639181808494.dir\cy_scb_spi.o
#        D:\fenkuandianlu\ADS\code\kaiyuan_code\wangyou\project\iar\Debug_m4\Obj\scb_15490842639181808494.dir\cy_scb_uart.o
#        D:\fenkuandianlu\ADS\code\kaiyuan_code\wangyou\project\iar\Debug_m4\Obj\semihosting_143864889731838620.dir\cy_semihosting.o
#        D:\fenkuandianlu\ADS\code\kaiyuan_code\wangyou\project\iar\Debug_m4\Obj\smartio_5451710003740070188.dir\cy_smartio.o
#        D:\fenkuandianlu\ADS\code\kaiyuan_code\wangyou\project\iar\Debug_m4\Obj\smif_427648126384146252.dir\cy_smif.o
#        D:\fenkuandianlu\ADS\code\kaiyuan_code\wangyou\project\iar\Debug_m4\Obj\smif_427648126384146252.dir\cy_smif_memslot.o
#        D:\fenkuandianlu\ADS\code\kaiyuan_code\wangyou\project\iar\Debug_m4\Obj\smif_427648126384146252.dir\cy_smif_ver_specific.o
#        D:\fenkuandianlu\ADS\code\kaiyuan_code\wangyou\project\iar\Debug_m4\Obj\srom_13018798572330080582.dir\cy_srom.o
#        D:\fenkuandianlu\ADS\code\kaiyuan_code\wangyou\project\iar\Debug_m4\Obj\sw_timer_4215635015939382130.dir\cy_sw_tmr.o
#        D:\fenkuandianlu\ADS\code\kaiyuan_code\wangyou\project\iar\Debug_m4\Obj\sysclk_16149231235676103872.dir\cy_sysclk.o
#        D:\fenkuandianlu\ADS\code\kaiyuan_code\wangyou\project\iar\Debug_m4\Obj\sysflt_12293435975120599261.dir\cy_sysflt.o
#        D:\fenkuandianlu\ADS\code\kaiyuan_code\wangyou\project\iar\Debug_m4\Obj\sysint_7435970359207984181.dir\cy_sysint.o
#        D:\fenkuandianlu\ADS\code\kaiyuan_code\wangyou\project\iar\Debug_m4\Obj\syslib_16330585751512546975.dir\cy_syslib.o
#        D:\fenkuandianlu\ADS\code\kaiyuan_code\wangyou\project\iar\Debug_m4\Obj\syslib_16330585751512546975.dir\cy_syslib_iar.o
#        D:\fenkuandianlu\ADS\code\kaiyuan_code\wangyou\project\iar\Debug_m4\Obj\syspm_10887939769544754770.dir\cy_syspm.o
#        D:\fenkuandianlu\ADS\code\kaiyuan_code\wangyou\project\iar\Debug_m4\Obj\sysreset_14586141425677365288.dir\cy_sysreset.o
#        D:\fenkuandianlu\ADS\code\kaiyuan_code\wangyou\project\iar\Debug_m4\Obj\sysrtc_10747768817563771611.dir\cy_sysrtc.o
#        D:\fenkuandianlu\ADS\code\kaiyuan_code\wangyou\project\iar\Debug_m4\Obj\systick_16016591671695740695.dir\cy_systick.o
#        D:\fenkuandianlu\ADS\code\kaiyuan_code\wangyou\project\iar\Debug_m4\Obj\syswdt_9118657615806274156.dir\cy_syswdt.o
#        D:\fenkuandianlu\ADS\code\kaiyuan_code\wangyou\project\iar\Debug_m4\Obj\tcpwm_422923530147891246.dir\cy_tcpwm.o
#        D:\fenkuandianlu\ADS\code\kaiyuan_code\wangyou\project\iar\Debug_m4\Obj\tcpwm_422923530147891246.dir\cy_tcpwm_counter.o
#        D:\fenkuandianlu\ADS\code\kaiyuan_code\wangyou\project\iar\Debug_m4\Obj\tcpwm_422923530147891246.dir\cy_tcpwm_pwm.o
#        D:\fenkuandianlu\ADS\code\kaiyuan_code\wangyou\project\iar\Debug_m4\Obj\tcpwm_422923530147891246.dir\cy_tcpwm_quaddec.o
#        D:\fenkuandianlu\ADS\code\kaiyuan_code\wangyou\project\iar\Debug_m4\Obj\tcpwm_422923530147891246.dir\cy_tcpwm_sr.o
#        D:\fenkuandianlu\ADS\code\kaiyuan_code\wangyou\project\iar\Debug_m4\Obj\trigmux_9729677290734583340.dir\cy_trigmux.o
#        D:\fenkuandianlu\ADS\code\kaiyuan_code\wangyou\project\iar\Debug_m4\Obj\code_17896468042025673432.dir\funcation.o
#        D:\fenkuandianlu\ADS\code\kaiyuan_code\wangyou\project\iar\Debug_m4\Obj\code_17896468042025673432.dir\fusion.o
#        D:\fenkuandianlu\ADS\code\kaiyuan_code\wangyou\project\iar\Debug_m4\Obj\code_17896468042025673432.dir\huandao.o
#        D:\fenkuandianlu\ADS\code\kaiyuan_code\wangyou\project\iar\Debug_m4\Obj\code_17896468042025673432.dir\image.o
#        D:\fenkuandianlu\ADS\code\kaiyuan_code\wangyou\project\iar\Debug_m4\Obj\code_17896468042025673432.dir\imu.o
#        D:\fenkuandianlu\ADS\code\kaiyuan_code\wangyou\project\iar\Debug_m4\Obj\code_17896468042025673432.dir\imu660.o
#        D:\fenkuandianlu\ADS\code\kaiyuan_code\wangyou\project\iar\Debug_m4\Obj\code_17896468042025673432.dir\judge.o
#        D:\fenkuandianlu\ADS\code\kaiyuan_code\wangyou\project\iar\Debug_m4\Obj\code_17896468042025673432.dir\kalman_filter.o
#        D:\fenkuandianlu\ADS\code\kaiyuan_code\wangyou\project\iar\Debug_m4\Obj\code_17896468042025673432.dir\key.o
#        D:\fenkuandianlu\ADS\code\kaiyuan_code\wangyou\project\iar\Debug_m4\Obj\user_8514941877209965082.dir\main_cm4.o
#        D:\fenkuandianlu\ADS\code\kaiyuan_code\wangyou\project\iar\Debug_m4\Obj\code_17896468042025673432.dir\motor_control.o
#        D:\fenkuandianlu\ADS\code\kaiyuan_code\wangyou\project\iar\Debug_m4\Obj\code_17896468042025673432.dir\my_flash.o
#        D:\fenkuandianlu\ADS\code\kaiyuan_code\wangyou\project\iar\Debug_m4\Obj\code_17896468042025673432.dir\myMath.o
#        D:\fenkuandianlu\ADS\code\kaiyuan_code\wangyou\project\iar\Debug_m4\Obj\code_17896468042025673432.dir\pid.o
#        D:\fenkuandianlu\ADS\code\kaiyuan_code\wangyou\project\iar\Debug_m4\Obj\zf_components_14936052685886095442.dir\seekfree_assistant.o
#        D:\fenkuandianlu\ADS\code\kaiyuan_code\wangyou\project\iar\Debug_m4\Obj\zf_components_14936052685886095442.dir\seekfree_assistant_interface.o
#        D:\fenkuandianlu\ADS\code\kaiyuan_code\wangyou\project\iar\Debug_m4\Obj\startup_479057977785470282.dir\startup.o
#        D:\fenkuandianlu\ADS\code\kaiyuan_code\wangyou\project\iar\Debug_m4\Obj\startup_479057977785470282.dir\startup_cm4.o
#        D:\fenkuandianlu\ADS\code\kaiyuan_code\wangyou\project\iar\Debug_m4\Obj\rev_b_4986922561640112550.dir\system_tviibe4m_cm4.o
#        D:\fenkuandianlu\ADS\code\kaiyuan_code\wangyou\project\iar\Debug_m4\Obj\zf_common_1201165462030747823.dir\zf_common_clock.o
#        D:\fenkuandianlu\ADS\code\kaiyuan_code\wangyou\project\iar\Debug_m4\Obj\zf_common_1201165462030747823.dir\zf_common_debug.o
#        D:\fenkuandianlu\ADS\code\kaiyuan_code\wangyou\project\iar\Debug_m4\Obj\zf_common_1201165462030747823.dir\zf_common_fifo.o
#        D:\fenkuandianlu\ADS\code\kaiyuan_code\wangyou\project\iar\Debug_m4\Obj\zf_common_1201165462030747823.dir\zf_common_font.o
#        D:\fenkuandianlu\ADS\code\kaiyuan_code\wangyou\project\iar\Debug_m4\Obj\zf_common_1201165462030747823.dir\zf_common_function.o
#        D:\fenkuandianlu\ADS\code\kaiyuan_code\wangyou\project\iar\Debug_m4\Obj\zf_common_1201165462030747823.dir\zf_common_interrupt.o
#        D:\fenkuandianlu\ADS\code\kaiyuan_code\wangyou\project\iar\Debug_m4\Obj\zf_device_6570275422786408770.dir\zf_device_ble6a20.o
#        D:\fenkuandianlu\ADS\code\kaiyuan_code\wangyou\project\iar\Debug_m4\Obj\zf_device_6570275422786408770.dir\zf_device_dl1a.o
#        D:\fenkuandianlu\ADS\code\kaiyuan_code\wangyou\project\iar\Debug_m4\Obj\zf_device_6570275422786408770.dir\zf_device_dl1b.o
#        D:\fenkuandianlu\ADS\code\kaiyuan_code\wangyou\project\iar\Debug_m4\Obj\zf_device_6570275422786408770.dir\zf_device_gnss.o
#        D:\fenkuandianlu\ADS\code\kaiyuan_code\wangyou\project\iar\Debug_m4\Obj\zf_device_6570275422786408770.dir\zf_device_icm20602.o
#        D:\fenkuandianlu\ADS\code\kaiyuan_code\wangyou\project\iar\Debug_m4\Obj\zf_device_6570275422786408770.dir\zf_device_imu660ra.o
#        D:\fenkuandianlu\ADS\code\kaiyuan_code\wangyou\project\iar\Debug_m4\Obj\zf_device_6570275422786408770.dir\zf_device_imu963ra.o
#        D:\fenkuandianlu\ADS\code\kaiyuan_code\wangyou\project\iar\Debug_m4\Obj\zf_device_6570275422786408770.dir\zf_device_ips114.o
#        D:\fenkuandianlu\ADS\code\kaiyuan_code\wangyou\project\iar\Debug_m4\Obj\zf_device_6570275422786408770.dir\zf_device_ips200.o
#        D:\fenkuandianlu\ADS\code\kaiyuan_code\wangyou\project\iar\Debug_m4\Obj\zf_device_6570275422786408770.dir\zf_device_key.o
#        D:\fenkuandianlu\ADS\code\kaiyuan_code\wangyou\project\iar\Debug_m4\Obj\zf_device_6570275422786408770.dir\zf_device_menc15a.o
#        D:\fenkuandianlu\ADS\code\kaiyuan_code\wangyou\project\iar\Debug_m4\Obj\zf_device_6570275422786408770.dir\zf_device_mt9v03x.o
#        D:\fenkuandianlu\ADS\code\kaiyuan_code\wangyou\project\iar\Debug_m4\Obj\zf_device_6570275422786408770.dir\zf_device_oled.o
#        D:\fenkuandianlu\ADS\code\kaiyuan_code\wangyou\project\iar\Debug_m4\Obj\zf_device_6570275422786408770.dir\zf_device_tft180.o
#        D:\fenkuandianlu\ADS\code\kaiyuan_code\wangyou\project\iar\Debug_m4\Obj\zf_device_6570275422786408770.dir\zf_device_tsl1401.o
#        D:\fenkuandianlu\ADS\code\kaiyuan_code\wangyou\project\iar\Debug_m4\Obj\zf_device_6570275422786408770.dir\zf_device_type.o
#        D:\fenkuandianlu\ADS\code\kaiyuan_code\wangyou\project\iar\Debug_m4\Obj\zf_device_6570275422786408770.dir\zf_device_uart_receiver.o
#        D:\fenkuandianlu\ADS\code\kaiyuan_code\wangyou\project\iar\Debug_m4\Obj\zf_device_6570275422786408770.dir\zf_device_wifi_uart.o
#        D:\fenkuandianlu\ADS\code\kaiyuan_code\wangyou\project\iar\Debug_m4\Obj\zf_device_6570275422786408770.dir\zf_device_wireless_uart.o
#        D:\fenkuandianlu\ADS\code\kaiyuan_code\wangyou\project\iar\Debug_m4\Obj\zf_driver_11922370083829174090.dir\zf_driver_adc.o
#        D:\fenkuandianlu\ADS\code\kaiyuan_code\wangyou\project\iar\Debug_m4\Obj\zf_driver_11922370083829174090.dir\zf_driver_delay.o
#        D:\fenkuandianlu\ADS\code\kaiyuan_code\wangyou\project\iar\Debug_m4\Obj\zf_driver_11922370083829174090.dir\zf_driver_encoder.o
#        D:\fenkuandianlu\ADS\code\kaiyuan_code\wangyou\project\iar\Debug_m4\Obj\zf_driver_11922370083829174090.dir\zf_driver_exti.o
#        D:\fenkuandianlu\ADS\code\kaiyuan_code\wangyou\project\iar\Debug_m4\Obj\zf_driver_11922370083829174090.dir\zf_driver_flash.o
#        D:\fenkuandianlu\ADS\code\kaiyuan_code\wangyou\project\iar\Debug_m4\Obj\zf_driver_11922370083829174090.dir\zf_driver_gpio.o
#        D:\fenkuandianlu\ADS\code\kaiyuan_code\wangyou\project\iar\Debug_m4\Obj\zf_driver_11922370083829174090.dir\zf_driver_pit.o
#        D:\fenkuandianlu\ADS\code\kaiyuan_code\wangyou\project\iar\Debug_m4\Obj\zf_driver_11922370083829174090.dir\zf_driver_pwm.o
#        D:\fenkuandianlu\ADS\code\kaiyuan_code\wangyou\project\iar\Debug_m4\Obj\zf_driver_11922370083829174090.dir\zf_driver_soft_iic.o
#        D:\fenkuandianlu\ADS\code\kaiyuan_code\wangyou\project\iar\Debug_m4\Obj\zf_driver_11922370083829174090.dir\zf_driver_soft_spi.o
#        D:\fenkuandianlu\ADS\code\kaiyuan_code\wangyou\project\iar\Debug_m4\Obj\zf_driver_11922370083829174090.dir\zf_driver_spi.o
#        D:\fenkuandianlu\ADS\code\kaiyuan_code\wangyou\project\iar\Debug_m4\Obj\zf_driver_11922370083829174090.dir\zf_driver_timer.o
#        D:\fenkuandianlu\ADS\code\kaiyuan_code\wangyou\project\iar\Debug_m4\Obj\zf_driver_11922370083829174090.dir\zf_driver_uart.o
#        --no_out_extension -o
#        D:\fenkuandianlu\ADS\code\kaiyuan_code\wangyou\project\iar\Debug_m4\Exe\cyt2bl3.out
#        --config_def _CORE_cm4_=0 --config_def _LINK_flash_=0 --map
#        D:\fenkuandianlu\ADS\code\kaiyuan_code\wangyou\project\iar\Debug_m4\List\cyt2bl3.map
#        --config
#        D:\fenkuandianlu\ADS\code\kaiyuan_code\wangyou\project\iar\project_config\..\icf\linker_directives_tviibe4m.icf
#        --semihosting
#        D:\fenkuandianlu\ADS\code\kaiyuan_code\wangyou\project\iar\project_config\..\..\..\libraries\zf_device\zf_device_config.a
#        --entry __iar_program_start --vfe --text_out locale --cpu=Cortex-M4
#        --fpu=VFPv4_sp) --dependencies=n
#        D:\fenkuandianlu\ADS\code\kaiyuan_code\wangyou\project\iar\Debug_m4\Exe\cyt2bl3.out.iar_deps
#
###############################################################################

*******************************************************************************
*** RUNTIME MODEL ATTRIBUTES
***

CppFlavor       = *
__CPP_Runtime   = 1
__SystemLibrary = DLib
__dlib_version  = 6


*******************************************************************************
*** HEAP SELECTION
***

The basic heap was selected because --advanced_heap
was not specified and the application did not appear to
be primarily optimized for speed.


*******************************************************************************
*** PLACEMENT SUMMARY
***

"A0":  place at start of [from 0x1008'0000 to 0x1040'ffff] { section .intvec };
"P1":  place in [from 0x1008'0000 to 0x1040'ffff] { ro };
"P2":  place in [from 0x802'0000 to 0x807'ffff] { rw };
define block HEAP with size = 1K, alignment = 8 { };
define block CSTACK with size = 8K, alignment = 8 { };
define block HEAP_STACK { block HEAP, last block CSTACK };
"A1":  place at end of [from 0x802'0000 to 0x807'ffff] { block HEAP_STACK };
do not initialize { section .intvec_ram };
initialize by copy { rw };

No sections matched the following patterns:

  ro section .sflash_app_prot  in "P6"
  ro section .sflash_nar       in "P4"
  ro section .sflash_pkey      in "P5"
  ro section .sflash_toc2      in "P7"
  ro section .sflash_uf_rows   in "P3"
  ro section .work_flash       in "P8"
  section .global_ram_data     in "P9"


  Section            Kind         Address      Size  Object
  -------            ----         -------      ----  ------
Absolute sections, part 1 of 2:                 0x4
  .noinit            uninit    0x800'6918       0x2  zf_device_mt9v03x.o [41]
  .noinit            uninit    0x800'691a       0x2  zf_device_mt9v03x.o [41]
                             - 0x800'691c       0x4

Absolute sections, part 2 of 2:              0x5820
  .noinit            uninit    0x802'0658    0x5820  zf_device_mt9v03x.o [41]
                             - 0x802'5e78    0x5820

"P2", part 1 of 3:                            0x757
  P2-1                         0x802'5e78     0x757  <Init block>
    .data            inited    0x802'5e78      0x24  break_road.o [4]
    .data            inited    0x802'5e9c     0x5fc  cy_interrupt_map.o [19]
    .data            inited    0x802'6498       0x4  cy_interrupt_map.o [19]
    .data            inited    0x802'649c       0x4  imu.o [4]
    .data            inited    0x802'64a0       0x4  imu.o [4]
    .data            inited    0x802'64a4       0x4  imu.o [4]
    .data            inited    0x802'64a8      0x48  kalman_filter.o [4]
    .data            inited    0x802'64f0       0x4  key.o [4]
    .data            inited    0x802'64f4       0x4  key.o [4]
    .data            inited    0x802'64f8       0x4  key.o [4]
    .data            inited    0x802'64fc       0x4  key.o [4]
    .data            inited    0x802'6500       0x4  key.o [4]
    .data            inited    0x802'6504       0x4  key.o [4]
    .data            inited    0x802'6508       0x4  key.o [4]
    .data            inited    0x802'650c       0x4  key.o [4]
    .data            inited    0x802'6510       0x8  zf_device_imu660ra.o [41]
    .data            inited    0x802'6518       0x4  zf_device_type.o [41]
    .data            inited    0x802'651c       0xc  zf_driver_adc.o [42]
    .data            inited    0x802'6528       0x4  zf_driver_encoder.o [42]
    .data            inited    0x802'652c      0x10  zf_driver_encoder.o [42]
    .data            inited    0x802'653c      0x3c  zf_driver_pit.o [42]
    .data            inited    0x802'6578      0x10  zf_driver_spi.o [42]
    .data            inited    0x802'6588      0x14  zf_driver_uart.o [42]
    .data            inited    0x802'659c      0x14  zf_driver_uart.o [42]
    .data            inited    0x802'65b0       0x2  image.o [4]
    .data            inited    0x802'65b2       0x2  key.o [4]
    .data            inited    0x802'65b4       0x2  key.o [4]
    .data            inited    0x802'65b6       0x2  key.o [4]
    .data            inited    0x802'65b8       0x2  key.o [4]
    .data            inited    0x802'65ba       0x2  key.o [4]
    .data            inited    0x802'65bc       0x2  zf_device_tft180.o [41]
    .data            inited    0x802'65be       0x2  zf_device_tft180.o [41]
    .data            inited    0x802'65c0       0x2  zf_device_tft180.o [41]
    .data            inited    0x802'65c2       0x2  zf_device_tft180.o [41]
    .data            inited    0x802'65c4       0x1  break_road.o [4]
    .data            inited    0x802'65c5       0x1  image.o [4]
    .data            inited    0x802'65c6       0x1  key.o [4]
    .data            inited    0x802'65c7       0x1  key.o [4]
    .data            inited    0x802'65c8       0x1  key.o [4]
    .data            inited    0x802'65c9       0x1  key.o [4]
    .data            inited    0x802'65ca       0x1  zf_common_debug.o [39]
    .data            inited    0x802'65cb       0x1  zf_device_tft180.o [41]
    .data            inited    0x802'65cc       0x1  zf_device_tft180.o [41]
    .data            inited    0x802'65cd       0x1  zf_driver_delay.o [42]
    .data            inited    0x802'65ce       0x1  zf_driver_delay.o [42]
                             - 0x802'65cf     0x757

"P2", part 2 of 3:                           0xb618
  .bss               zero      0x802'65d0    0x5820  zf_device_mt9v03x.o [41]
  .bss               zero      0x802'bdf0    0x20d0  image.o [4]
  .bss               zero      0x802'dec0    0x20d0  image.o [4]
  .bss               zero      0x802'ff90     0x800  zf_driver_flash.o [42]
  .bss               zero      0x803'0790     0x384  image.o [4]
  .bss               zero      0x803'0b14     0x384  image.o [4]
  .bss               zero      0x803'0e98     0x358  break_road.o [4]
  .bss               zero      0x803'11f0     0x200  zf_device_tsl1401.o [41]
  .bss               zero      0x803'13f0     0x1c4  image.o [4]
  .bss               zero      0x803'15b4     0x118  zf_driver_uart.o [42]
  .bss               zero      0x803'16cc      0xd4  break_road.o [4]
  .bss               zero      0x803'17a0      0x70  cy_syslib.o [30]
  .bss               zero      0x803'1810      0x48  image.o [4]
  .bss               zero      0x803'1858      0x48  zf_driver_adc.o [42]
  .bss               zero      0x803'18a0      0x40  zf_device_wireless_uart.o [41]
  .bss               zero      0x803'18e0      0x3c  my_flash.o [4]
  .bss               zero      0x803'191c      0x2c  huandao.o [4]
  .bss               zero      0x803'1948      0x24  imu.o [4]
  .bss               zero      0x803'196c      0x24  pid.o [4]
  .bss               zero      0x803'1990      0x24  pid.o [4]
  .bss               zero      0x803'19b4      0x18  cy_sysclk.o [27]
  .bss               zero      0x803'19cc      0x18  cy_syslib.o [30]
  .bss               zero      0x803'19e4      0x18  zf_common_debug.o [39]
  .bss               zero      0x803'19fc      0x18  zf_device_wireless_uart.o [41]
  .bss               zero      0x803'1a14      0x14  zf_common_debug.o [39]
  .bss               zero      0x803'1a40      0x10  cy_srom.o [24]
  .bss               zero      0x803'1a50      0x10  judge.o [4]
  .bss               zero      0x803'1a60      0x10  zf_device_config_mt9v03x.o [47]
  .bss               zero      0x803'1a70       0xc  fusion.o [4]
  .bss               zero      0x803'1a7c       0xc  fusion.o [4]
  .bss               zero      0x803'1a88       0xc  image.o [4]
  .bss               zero      0x803'1a94       0xc  kalman_filter.o [4]
  .bss               zero      0x803'1aa0       0x8  imu660.o [4]
  .bss               zero      0x803'1aa8       0x8  imu660.o [4]
  .bss               zero      0x803'1ab0       0x8  motor_control.o [4]
  .bss               zero      0x803'1ab8       0x8  zf_driver_uart.o [42]
  .bss               zero      0x803'1ac0       0x8  zf_driver_uart.o [42]
  .bss               zero      0x803'1ac8       0x4  break_road.o [4]
  .bss               zero      0x803'1acc       0x4  break_road.o [4]
  .bss               zero      0x803'1ad0       0x4  break_road.o [4]
  .bss               zero      0x803'1ad4       0x4  break_road.o [4]
  .bss               zero      0x803'1ad8       0x4  break_road.o [4]
  .bss               zero      0x803'1adc       0x4  break_road.o [4]
  .bss               zero      0x803'1ae0       0x4  break_road.o [4]
  .bss               zero      0x803'1ae4       0x4  break_road.o [4]
  .bss               zero      0x803'1ae8       0x4  cy_srom.o [24]
  .bss               zero      0x803'1aec       0x4  cy_srom.o [24]
  .bss               zero      0x803'1af0       0x4  cy_syslib.o [30]
  .bss               zero      0x803'1af4       0x4  fusion.o [4]
  .bss               zero      0x803'1af8       0x4  fusion.o [4]
  .bss               zero      0x803'1afc       0x4  image.o [4]
  .bss               zero      0x803'1b00       0x4  imu.o [4]
  .bss               zero      0x803'1b04       0x4  imu.o [4]
  .bss               zero      0x803'1b08       0x4  imu.o [4]
  .bss               zero      0x803'1b0c       0x4  key.o [4]
  .bss               zero      0x803'1b10       0x4  key.o [4]
  .bss               zero      0x803'1b14       0x4  key.o [4]
  .bss               zero      0x803'1b18       0x4  key.o [4]
  .bss               zero      0x803'1b1c       0x4  motor_control.o [4]
  .bss               zero      0x803'1b20       0x4  motor_control.o [4]
  .bss               zero      0x803'1b24       0x4  motor_control.o [4]
  .bss               zero      0x803'1b28       0x4  motor_control.o [4]
  .bss               zero      0x803'1b2c       0x4  motor_control.o [4]
  .bss               zero      0x803'1b30       0x4  pid.o [4]
  .bss               zero      0x803'1b34       0x4  pid.o [4]
  .bss               zero      0x803'1b38       0x4  pid.o [4]
  .bss               zero      0x803'1b3c       0x4  pid.o [4]
  .bss               zero      0x803'1b40       0x4  pid.o [4]
  .bss               zero      0x803'1b44       0x4  pid.o [4]
  .bss               zero      0x803'1b48       0x4  pid.o [4]
  .bss               zero      0x803'1b4c       0x4  pid.o [4]
  .bss               zero      0x803'1b50       0x4  pid.o [4]
  .bss               zero      0x803'1b54       0x4  pid.o [4]
  .bss               zero      0x803'1b58       0x4  system_tviibe4m_cm4.o [18]
  .bss               zero      0x803'1b5c       0x4  system_tviibe4m_cm4.o [18]
  .bss               zero      0x803'1b60       0x4  system_tviibe4m_cm4.o [18]
  .bss               zero      0x803'1b64       0x4  system_tviibe4m_cm4.o [18]
  .bss               zero      0x803'1b68       0x4  system_tviibe4m_cm4.o [18]
  .bss               zero      0x803'1b6c       0x4  zf_common_clock.o [39]
  .bss               zero      0x803'1b70       0x4  zf_common_interrupt.o [39]
  .bss               zero      0x803'1b74       0x4  zf_driver_encoder.o [42]
  .bss               zero      0x803'1b78       0x4  zf_driver_spi.o [42]
  .bss               zero      0x803'1b7c       0x4  zf_driver_spi.o [42]
  .bss               zero      0x803'1b80       0x4  zf_driver_timer.o [42]
  .bss               zero      0x803'1b84       0x4  zf_device_config_mt9v03x.o [47]
  .bss               zero      0x803'1b88       0x4  zf_device_config_mt9v03x.o [47]
  .bss               zero      0x803'1b8c       0x4  zf_device_config_mt9v03x.o [47]
  .bss               zero      0x803'1b90       0x4  zf_device_config_mt9v03x.o [47]
  .bss               zero      0x803'1b94       0x4  zf_device_config_mt9v03x.o [47]
  .bss               zero      0x803'1b98       0x4  xfail_s.o [43]
  .bss               zero      0x803'1b9c       0x2  image.o [4]
  .bss               zero      0x803'1b9e       0x2  image.o [4]
  .bss               zero      0x803'1ba0       0x2  image.o [4]
  .bss               zero      0x803'1ba2       0x2  zf_device_imu660ra.o [41]
  .bss               zero      0x803'1ba4       0x2  zf_device_imu660ra.o [41]
  .bss               zero      0x803'1ba6       0x2  zf_device_imu660ra.o [41]
  .bss               zero      0x803'1ba8       0x2  zf_device_imu660ra.o [41]
  .bss               zero      0x803'1baa       0x2  zf_device_imu660ra.o [41]
  .bss               zero      0x803'1bac       0x2  zf_device_imu660ra.o [41]
  .bss               zero      0x803'1bae       0x1  break_road.o [4]
  .bss               zero      0x803'1baf       0x1  cy_mw_flash.o [10]
  .bss               zero      0x803'1bb0       0x1  cy_mw_flash.o [10]
  .bss               zero      0x803'1bb1       0x1  cy_sysclk.o [27]
  .bss               zero      0x803'1bb2       0x1  huandao.o [4]
  .bss               zero      0x803'1bb3       0x1  image.o [4]
  .bss               zero      0x803'1bb4       0x1  image.o [4]
  .bss               zero      0x803'1bb5       0x1  image.o [4]
  .bss               zero      0x803'1bb6       0x1  image.o [4]
  .bss               zero      0x803'1bb7       0x1  image.o [4]
  .bss               zero      0x803'1bb8       0x1  image.o [4]
  .bss               zero      0x803'1bb9       0x1  image.o [4]
  .bss               zero      0x803'1bba       0x1  image.o [4]
  .bss               zero      0x803'1bbb       0x1  image.o [4]
  .bss               zero      0x803'1bbc       0x1  image.o [4]
  .bss               zero      0x803'1bbd       0x1  image.o [4]
  .bss               zero      0x803'1bbe       0x1  image.o [4]
  .bss               zero      0x803'1bbf       0x1  image.o [4]
  .bss               zero      0x803'1bc0       0x1  image.o [4]
  .bss               zero      0x803'1bc1       0x1  image.o [4]
  .bss               zero      0x803'1bc2       0x1  image.o [4]
  .bss               zero      0x803'1bc3       0x1  image.o [4]
  .bss               zero      0x803'1bc4       0x1  image.o [4]
  .bss               zero      0x803'1bc5       0x1  image.o [4]
  .bss               zero      0x803'1bc6       0x1  image.o [4]
  .bss               zero      0x803'1bc7       0x1  image.o [4]
  .bss               zero      0x803'1bc8       0x1  image.o [4]
  .bss               zero      0x803'1bc9       0x1  key.o [4]
  .bss               zero      0x803'1bca       0x1  key.o [4]
  .bss               zero      0x803'1bcb       0x1  key.o [4]
  .bss               zero      0x803'1bcc       0x1  key.o [4]
  .bss               zero      0x803'1bcd       0x1  key.o [4]
  .bss               zero      0x803'1bce       0x1  key.o [4]
  .bss               zero      0x803'1bcf       0x1  key.o [4]
  .bss               zero      0x803'1bd0       0x1  key.o [4]
  .bss               zero      0x803'1bd1       0x1  key.o [4]
  .bss               zero      0x803'1bd2       0x1  key.o [4]
  .bss               zero      0x803'1bd3       0x1  key.o [4]
  .bss               zero      0x803'1bd4       0x1  key.o [4]
  .bss               zero      0x803'1bd5       0x1  key.o [4]
  .bss               zero      0x803'1bd6       0x1  key.o [4]
  .bss               zero      0x803'1bd7       0x1  key.o [4]
  .bss               zero      0x803'1bd8       0x1  key.o [4]
  .bss               zero      0x803'1bd9       0x1  key.o [4]
  .bss               zero      0x803'1bda       0x1  key.o [4]
  .bss               zero      0x803'1bdb       0x1  motor_control.o [4]
  .bss               zero      0x803'1bdc       0x1  my_flash.o [4]
  .bss               zero      0x803'1bdd       0x1  my_flash.o [4]
  .bss               zero      0x803'1bde       0x1  zf_common_debug.o [39]
  .bss               zero      0x803'1bdf       0x1  zf_common_debug.o [39]
  .bss               zero      0x803'1be0       0x1  zf_common_debug.o [39]
  .bss               zero      0x803'1be1       0x1  zf_device_mt9v03x.o [41]
  .bss               zero      0x803'1be2       0x1  zf_device_mt9v03x.o [41]
  .bss               zero      0x803'1be3       0x1  zf_device_tsl1401.o [41]
  .bss               zero      0x803'1be4       0x1  zf_device_tsl1401.o [41]
  .bss               zero      0x803'1be5       0x1  zf_device_type.o [41]
  .bss               zero      0x803'1be6       0x1  zf_device_wireless_uart.o [41]
  .bss               zero      0x803'1be7       0x1  zf_driver_flash.o [42]
                             - 0x803'1be8    0xb618

"P2", part 3 of 3:                             0x80
  .intvec_ram        uninit    0x803'1c00      0x80  startup_cm4.o [25]
                             - 0x803'1c80      0x80

"A1":                                        0x2000
  HEAP_STACK                   0x807'e000    0x2000  <Block>
    CSTACK                     0x807'e000    0x2000  <Block>
      CSTACK         uninit    0x807'e000    0x2000  <Block tail>
                             - 0x808'0000    0x2000

"A0":                                          0x80
  .intvec            ro code  0x1008'0000      0x80  startup_cm4.o [25]
                            - 0x1008'0080      0x80

"P1":                                      0x1'2dd3
  .rodata            const    0x1008'0080    0x2000  zf_device_config.o [47]
  .text              ro code  0x1008'2080    0x1e7c  key.o [4]
  .text              ro code  0x1008'3efc     0x17c  zf_driver_gpio.o [42]
  .text              ro code  0x1008'4078     0xd24  zf_device_tft180.o [41]
  .text              ro code  0x1008'4d9c     0x220  zf_driver_delay.o [42]
  .text              ro code  0x1008'4fbc      0x48  FltToDbl.o [44]
  .text              ro code  0x1008'5004     0x328  pid.o [4]
  .text              ro code  0x1008'532c     0xcb0  break_road.o [4]
  .text              ro code  0x1008'5fdc     0x23c  motor_control.o [4]
  .text              ro code  0x1008'6218      0x40  sprintf.o [43]
  .text              ro code  0x1008'6258      0x66  ABImemset.o [45]
  .text              ro code  0x1008'62be      0x7e  lz77_init_single.o [45]
  .text              ro code  0x1008'633c     0x198  cy_gpio.o [11]
  .text              ro code  0x1008'64d4     0xc28  zf_driver_spi.o [42]
  .text              ro code  0x1008'70fc     0x42c  zf_common_debug.o [39]
  .text              ro code  0x1008'7528     0x21c  zf_common_function.o [39]
  .text              ro code  0x1008'7744     0x1aa  DblMul.o [44]
  .text              ro code  0x1008'78ee       0xa  xsprout.o [43]
  .text              ro code  0x1008'78f8      0x36  DblToS32.o [44]
  .text              ro code  0x1008'7930      0x22  S32ToDbl.o [44]
  .text              ro code  0x1008'7954     0x24e  DblAddSub.o [44]
  .text              ro code  0x1008'7ba4     0x1c8  cy_tcpwm_counter.o [36]
  .text              ro code  0x1008'7d6c       0xc  cy_tcpwm.o [36]
  .text              ro code  0x1008'7d78     0x140  funcation.o [4]
  .text              ro code  0x1008'7eb8      0x28  printf.o [43]
  .text              ro code  0x1008'7ee0      0xa6  ABImemcpy.o [45]
  .text              ro code  0x1008'7f88     0x1d8  zf_driver_flash.o [42]
  .text              ro code  0x1008'8160     0x3a4  zf_driver_encoder.o [42]
  .text              ro code  0x1008'8504     0x66c  zf_driver_pwm.o [42]
  .text              ro code  0x1008'8b70     0xd12  xprintflarge_nomb.o [43]
  .text              ro code  0x1008'9884     0x230  I64DivMod.o [45]
  .text              ro code  0x1008'9ab4     0x1f0  cy_scb_spi.o [20]
  .text              ro code  0x1008'9ca4     0x7f4  zf_driver_uart.o [42]
  .text              ro code  0x1008'a498      0x36  strlen.o [45]
  .text              ro code  0x1008'a4d0     0x200  zf_common_fifo.o [39]
  .text              ro code  0x1008'a6d0      0xe2  zf_common_interrupt.o [39]
  .text              ro code  0x1008'a7b4      0x34  DblCmpLe.o [44]
  .text              ro code  0x1008'a7e8      0x20  DblCmpEq.o [44]
  .text              ro code  0x1008'a808       0x8  abs.o [43]
  .text              ro code  0x1008'a810     0x2dc  cy_mw_flash.o [10]
  .text              ro code  0x1008'aaec       0x8  cy_tcpwm_quaddec.o [36]
  .text              ro code  0x1008'aaf4     0x20e  cy_tcpwm_pwm.o [36]
  .text              ro code  0x1008'ad04      0x16  strchr.o [45]
  .text              ro code  0x1008'ad1c      0x40  xfail_s.o [43]
  .text              ro code  0x1008'ad5c      0x58  memchr.o [45]
  .text              ro code  0x1008'adb4      0x70  frexp.o [44]
  .text              ro code  0x1008'ae24     0x246  DblDiv.o [44]
  .text              ro code  0x1008'b06c      0x22  DblToU32.o [44]
  .text              ro code  0x1008'b090      0x1c  U32ToDbl.o [44]
  .text              ro code  0x1008'b0ac       0x2  I64DivZer.o [45]
  .text              ro code  0x1008'b0b0       0x6  ABImemclr4.o [45]
  .text              ro code  0x1008'b0b8     0x314  cy_scb_uart.o [20]
  .text              ro code  0x1008'b3cc      0x5c  cy_sysint.o [29]
  .text              ro code  0x1008'b428     0x2ec  cy_srom.o [24]
  .text              ro code  0x1008'b714      0x70  strncpy.o [45]
  .text              ro code  0x1008'b784      0xac  cy_syslib.o [30]
  .text              ro code  0x1008'b830     0x4d0  cy_flash.o [9]
  .text              ro code  0x1008'bd00       0x6  abort.o [43]
  .text              ro code  0x1008'bd08      0x32  ABImemset48.o [45]
  .text              ro code  0x1008'bd3c      0x60  cy_ipc_drv.o [12]
  .text              ro code  0x1008'bd9c       0x2  cy_syslib.o [30]
  .text              ro code  0x1008'bda0      0x14  exit.o [46]
  .text              ro code  0x1008'bdb4     0xcac  image.o [4]
  .text              ro code  0x1008'ca60     0x248  zf_driver_timer.o [42]
  .text              ro code  0x1008'cca8     0xa5c  huandao.o [4]
  .text              ro code  0x1008'd704     0x798  judge.o [4]
  .text              ro code  0x1008'de9c      0xd8  fusion.o [4]
  .text              ro code  0x1008'df74     0x250  imu660.o [4]
  .text              ro code  0x1008'e1c4     0x184  kalman_filter.o [4]
  .text              ro code  0x1008'e348     0x478  imu.o [4]
  .text              ro code  0x1008'e7c0     0x258  zf_device_imu660ra.o [41]
  .text              ro code  0x1008'ea18      0x34  myMath.o [4]
  .text              ro code  0x1008'ea4c      0x5c  asinf.o [44]
  .text              ro code  0x1008'eaa8      0x6a  atan2f.o [44]
  .text              ro code  0x1008'eb14      0xa4  xatanf.o [44]
  .text              ro code  0x1008'ebb8     0x860  zf_device_config_mt9v03x.o [47]
  .text              ro code  0x1008'f418     0x5fc  zf_driver_soft_iic.o [42]
  .text              ro code  0x1008'fa14     0x678  cy_sysclk.o [27]
  .rodata            const    0x1009'008c     0x5f0  zf_common_font.o [39]
  .text              ro code  0x1009'067c     0x344  my_flash.o [4]
  .text              ro code  0x1009'09c0     0x2f8  zf_driver_pit.o [42]
  .text              ro code  0x1009'0cb8     0x284  zf_device_mt9v03x.o [41]
  .rodata            const    0x1009'0f3c     0x228  zf_common_font.o [39]
  .text              ro code  0x1009'1164     0x210  main_cm4.o [38]
  .text              ro code  0x1009'1374      0x1c  zf_common_clock.o [39]
  .text              ro code  0x1009'1390      0x70  zf_device_wireless_uart.o [41]
  .text              ro code  0x1009'1400      0xec  system_tviibe4m_cm4.o [18]
  .text              ro code  0x1009'14ec      0x28  zf_device_type.o [41]
  .text              ro code  0x1009'1514       0x8  startup_cm4.o [25]
  .text              ro code  0x1009'151c       0x6  startup_cm4.o [25]
  .text              ro code  0x1009'1524     0x198  cy_interrupt_map.o [19]
  .text              ro code  0x1009'16bc     0x170  startup.o [25]
  .text              ro code  0x1009'182c     0x156  cm4_isr.o [38]
  .text              ro code  0x1009'1984      0x7c  zf_device_tsl1401.o [41]
  .text              ro code  0x1009'1a00      0x78  zf_driver_adc.o [42]
  .rodata            const    0x1009'1a78      0x68  cy_sysclk.o [27]
  .rodata            const    0x1009'1ae0      0x68  cy_sysclk.o [27]
  .rodata            const    0x1009'1b48      0x68  system_tviibe4m_cm4.o [18]
  .rodata            const    0x1009'1bb0      0x64  cy_srom.o [24]
  .rodata            const    0x1009'1c14      0x60  cy_mw_flash.o [10]
  .rodata            const    0x1009'1c74      0x58  zf_common_function.o [39]
  .rodata            const    0x1009'1ccc      0x58  zf_device_imu660ra.o [41]
  .rodata            const    0x1009'1d24      0x58  zf_device_tft180.o [41]
  .rodata            const    0x1009'1d7c      0x58  zf_driver_encoder.o [42]
  .rodata            const    0x1009'1dd4      0x58  zf_driver_flash.o [42]
  .rodata            const    0x1009'1e2c      0x58  zf_driver_soft_iic.o [42]
  .rodata            const    0x1009'1e84      0x54  zf_common_fifo.o [39]
  .rodata            const    0x1009'1ed8      0x54  zf_driver_pwm.o [42]
  .rodata            const    0x1009'1f2c      0x54  zf_driver_spi.o [42]
  .rodata            const    0x1009'1f80      0x54  zf_driver_uart.o [42]
  .rodata            const    0x1009'1fd4      0x48  image.o [4]
  .rodata            const    0x1009'201c      0x48  image.o [4]
  .text              ro code  0x1009'2064      0x44  startup_cm4.o [25]
  .rodata            const    0x1009'20a8      0x38  break_road.o [4]
  .rodata            const    0x1009'20e0      0x38  break_road.o [4]
  .text              ro code  0x1009'2118      0x38  zero_init3.o [45]
  .rodata            const    0x1009'2150      0x34  break_road.o [4]
  .rodata            const    0x1009'2184      0x34  break_road.o [4]
  .rodata            const    0x1009'21b8      0x2c  break_road.o [4]
  .rodata            const    0x1009'21e4      0x28  break_road.o [4]
  .rodata            const    0x1009'220c      0x28  break_road.o [4]
  .rodata            const    0x1009'2234      0x28  break_road.o [4]
  .rodata            const    0x1009'225c      0x28  zf_device_mt9v03x.o [41]
  .text              ro code  0x1009'2284      0x28  data_init.o [45]
  .rodata            const    0x1009'22ac      0x24  break_road.o [4]
  .text              ro code  0x1009'22d0      0x22  fpinit_M.o [44]
  .iar.init_table    const    0x1009'22f4      0x20  - Linker created -
  .rodata            const    0x1009'2314      0x20  break_road.o [4]
  .text              ro code  0x1009'2334      0x20  startup_cm4.o [25]
  .text              ro code  0x1009'2354      0x20  putchar.o [43]
  .text              ro code  0x1009'2380      0x1e  cy_syslib_iar.o [30]
  .text              ro code  0x1009'23a0      0x1e  cmain.o [45]
  .text              ro code  0x1009'23c0       0x4  startup_cm4.o [25]
  .text              ro code  0x1009'23c4       0x4  exit.o [43]
  .text              ro code  0x1009'23c8       0xa  cexit.o [45]
  .rodata            const    0x1009'23d4      0x1c  break_road.o [4]
  .rodata            const    0x1009'23f0      0x1c  zf_common_debug.o [39]
  .rodata            const    0x1009'240c      0x1c  zf_device_imu660ra.o [41]
  .text              ro code  0x1009'2428      0x1c  startup_cm4.o [25]
  .text              ro code  0x1009'2444      0x1c  cstartup_M.o [45]
  .rodata            const    0x1009'2460      0x18  break_road.o [4]
  .rodata            const    0x1009'2478      0x18  break_road.o [4]
  .rodata            const    0x1009'2490      0x18  break_road.o [4]
  .rodata            const    0x1009'24a8      0x18  key.o [4]
  .rodata            const    0x1009'24c0      0x18  key.o [4]
  .rodata            const    0x1009'24d8      0x18  key.o [4]
  .rodata            const    0x1009'24f0      0x18  key.o [4]
  .rodata            const    0x1009'2508      0x18  system_tviibe4m_cm4.o [18]
  .rodata            const    0x1009'2520      0x18  zf_common_debug.o [39]
  .rodata            const    0x1009'2538      0x18  zf_device_imu660ra.o [41]
  .text              ro code  0x1009'2550      0x16  xprout.o [43]
  .rodata            const    0x1009'2568      0x14  cy_flash.o [9]
  .rodata            const    0x1009'257c      0x14  key.o [4]
  .rodata            const    0x1009'2590      0x14  key.o [4]
  .rodata            const    0x1009'25a4      0x14  key.o [4]
  .rodata            const    0x1009'25b8      0x14  key.o [4]
  .rodata            const    0x1009'25cc      0x14  key.o [4]
  .rodata            const    0x1009'25e0      0x14  key.o [4]
  .rodata            const    0x1009'25f4      0x14  key.o [4]
  .rodata            const    0x1009'2608      0x14  key.o [4]
  .rodata            const    0x1009'261c      0x14  key.o [4]
  .rodata            const    0x1009'2630      0x14  key.o [4]
  .rodata            const    0x1009'2644      0x14  my_flash.o [4]
  .rodata            const    0x1009'2658      0x10  image.o [4]
  .rodata            const    0x1009'2668      0x10  image.o [4]
  .rodata            const    0x1009'2678      0x10  image.o [4]
  .rodata            const    0x1009'2688      0x10  key.o [4]
  .rodata            const    0x1009'2698      0x10  key.o [4]
  .rodata            const    0x1009'26a8      0x10  key.o [4]
  .rodata            const    0x1009'26b8      0x10  key.o [4]
  .rodata            const    0x1009'26c8      0x10  key.o [4]
  .rodata            const    0x1009'26d8      0x10  key.o [4]
  .rodata            const    0x1009'26e8      0x10  key.o [4]
  .rodata            const    0x1009'26f8      0x10  key.o [4]
  .rodata            const    0x1009'2708      0x10  key.o [4]
  .rodata            const    0x1009'2718      0x10  key.o [4]
  .rodata            const    0x1009'2728      0x10  key.o [4]
  .rodata            const    0x1009'2738      0x10  key.o [4]
  .rodata            const    0x1009'2748      0x10  key.o [4]
  .rodata            const    0x1009'2758      0x10  key.o [4]
  .rodata            const    0x1009'2768      0x10  key.o [4]
  .rodata            const    0x1009'2778      0x10  key.o [4]
  .rodata            const    0x1009'2788      0x10  key.o [4]
  .rodata            const    0x1009'2798      0x10  key.o [4]
  .rodata            const    0x1009'27a8      0x10  key.o [4]
  .rodata            const    0x1009'27b8      0x10  my_flash.o [4]
  .rodata            const    0x1009'27c8      0x10  my_flash.o [4]
  .rodata            const    0x1009'27d8      0x10  my_flash.o [4]
  .rodata            const    0x1009'27e8      0x10  my_flash.o [4]
  .rodata            const    0x1009'27f8      0x10  my_flash.o [4]
  .rodata            const    0x1009'2808      0x10  zf_common_debug.o [39]
  .rodata            const    0x1009'2818      0x10  zf_common_debug.o [39]
  .rodata            const    0x1009'2828       0xc  imu.o [4]
  .rodata            const    0x1009'2834       0xc  key.o [4]
  .rodata            const    0x1009'2840       0xc  key.o [4]
  .rodata            const    0x1009'284c       0xc  key.o [4]
  .rodata            const    0x1009'2858       0xc  key.o [4]
  .rodata            const    0x1009'2864       0xc  key.o [4]
  .rodata            const    0x1009'2870       0xc  key.o [4]
  .rodata            const    0x1009'287c       0xc  key.o [4]
  .rodata            const    0x1009'2888       0xc  key.o [4]
  .rodata            const    0x1009'2894       0xc  key.o [4]
  .rodata            const    0x1009'28a0       0xc  key.o [4]
  .rodata            const    0x1009'28ac       0xc  key.o [4]
  .rodata            const    0x1009'28b8       0xc  key.o [4]
  .rodata            const    0x1009'28c4       0xc  key.o [4]
  .rodata            const    0x1009'28d0       0xc  key.o [4]
  .rodata            const    0x1009'28dc       0xc  key.o [4]
  .rodata            const    0x1009'28e8       0xc  key.o [4]
  .rodata            const    0x1009'28f4       0xc  key.o [4]
  .rodata            const    0x1009'2900       0xc  key.o [4]
  .rodata            const    0x1009'290c       0xc  key.o [4]
  .rodata            const    0x1009'2918       0xc  key.o [4]
  .rodata            const    0x1009'2924       0xc  key.o [4]
  .rodata            const    0x1009'2930       0xc  key.o [4]
  .rodata            const    0x1009'293c       0xc  key.o [4]
  .rodata            const    0x1009'2948       0xc  key.o [4]
  .rodata            const    0x1009'2954       0xc  key.o [4]
  .rodata            const    0x1009'2960       0xc  key.o [4]
  .rodata            const    0x1009'296c       0xc  key.o [4]
  .rodata            const    0x1009'2978       0xc  key.o [4]
  .rodata            const    0x1009'2984       0xc  key.o [4]
  .rodata            const    0x1009'2990       0xc  key.o [4]
  .rodata            const    0x1009'299c       0xc  key.o [4]
  .rodata            const    0x1009'29a8       0xc  key.o [4]
  .rodata            const    0x1009'29b4       0xc  key.o [4]
  .rodata            const    0x1009'29c0       0xc  key.o [4]
  .rodata            const    0x1009'29cc       0xc  key.o [4]
  .rodata            const    0x1009'29d8       0xc  key.o [4]
  .rodata            const    0x1009'29e4       0xc  key.o [4]
  .rodata            const    0x1009'29f0       0xc  key.o [4]
  .rodata            const    0x1009'29fc       0xc  key.o [4]
  .rodata            const    0x1009'2a08       0xc  key.o [4]
  .rodata            const    0x1009'2a14       0xc  key.o [4]
  .rodata            const    0x1009'2a20       0xc  key.o [4]
  .rodata            const    0x1009'2a2c       0xc  key.o [4]
  .rodata            const    0x1009'2a38       0xc  key.o [4]
  .rodata            const    0x1009'2a44       0xc  key.o [4]
  .rodata            const    0x1009'2a50       0xc  my_flash.o [4]
  .rodata            const    0x1009'2a5c       0xc  my_flash.o [4]
  .rodata            const    0x1009'2a68       0xc  my_flash.o [4]
  .rodata            const    0x1009'2a74       0xc  zf_common_debug.o [39]
  .rodata            const    0x1009'2a80       0xc  zf_common_debug.o [39]
  .rodata            const    0x1009'2a8c       0xc  zf_common_debug.o [39]
  .text              ro code  0x1009'2a98       0xc  cy_syslib.o [30]
  .rodata            const    0x1009'2aa4       0x8  break_road.o [4]
  .rodata            const    0x1009'2aac       0x8  break_road.o [4]
  .rodata            const    0x1009'2ab4       0x8  cy_mw_flash.o [10]
  .rodata            const    0x1009'2abc       0x8  cy_srom.o [24]
  .rodata            const    0x1009'2ac4       0x8  key.o [4]
  .rodata            const    0x1009'2acc       0x8  key.o [4]
  .rodata            const    0x1009'2ad4       0x8  key.o [4]
  .rodata            const    0x1009'2adc       0x8  key.o [4]
  .rodata            const    0x1009'2ae4       0x8  key.o [4]
  .rodata            const    0x1009'2aec       0x8  key.o [4]
  .rodata            const    0x1009'2af4       0x8  key.o [4]
  .rodata            const    0x1009'2afc       0x8  key.o [4]
  .rodata            const    0x1009'2b04       0x8  key.o [4]
  .rodata            const    0x1009'2b0c       0x8  key.o [4]
  .rodata            const    0x1009'2b14       0x8  key.o [4]
  .rodata            const    0x1009'2b1c       0x8  key.o [4]
  .rodata            const    0x1009'2b24       0x8  key.o [4]
  .rodata            const    0x1009'2b2c       0x8  key.o [4]
  .rodata            const    0x1009'2b34       0x8  key.o [4]
  .rodata            const    0x1009'2b3c       0x8  key.o [4]
  .rodata            const    0x1009'2b44       0x8  key.o [4]
  .rodata            const    0x1009'2b4c       0x8  key.o [4]
  .rodata            const    0x1009'2b54       0x8  key.o [4]
  .rodata            const    0x1009'2b5c       0x8  key.o [4]
  .rodata            const    0x1009'2b64       0x8  key.o [4]
  .rodata            const    0x1009'2b6c       0x8  key.o [4]
  .rodata            const    0x1009'2b74       0x8  key.o [4]
  .rodata            const    0x1009'2b7c       0x8  key.o [4]
  .rodata            const    0x1009'2b84       0x8  key.o [4]
  .rodata            const    0x1009'2b8c       0x8  key.o [4]
  .rodata            const    0x1009'2b94       0x8  key.o [4]
  .rodata            const    0x1009'2b9c       0x8  key.o [4]
  .rodata            const    0x1009'2ba4       0x8  key.o [4]
  .rodata            const    0x1009'2bac       0x8  key.o [4]
  .rodata            const    0x1009'2bb4       0x8  startup.o [25]
  .rodata            const    0x1009'2bbc       0x4  cy_interrupt_map.o [19]
  .rodata            const    0x1009'2bc0       0x4  cy_interrupt_map.o [19]
  .rodata            const    0x1009'2bc4       0x4  cy_interrupt_map.o [19]
  .rodata            const    0x1009'2bc8       0x4  cy_interrupt_map.o [19]
  .rodata            const    0x1009'2bcc       0x4  cy_interrupt_map.o [19]
  .rodata            const    0x1009'2bd0       0x4  cy_interrupt_map.o [19]
  .rodata            const    0x1009'2bd4       0x4  cy_interrupt_map.o [19]
  .rodata            const    0x1009'2bd8       0x4  cy_interrupt_map.o [19]
  .rodata            const    0x1009'2bdc       0x4  cy_ipc_drv.o [12]
  .rodata            const    0x1009'2be0       0x4  cy_scb_spi.o [20]
  .rodata            const    0x1009'2be4       0x4  cy_scb_spi.o [20]
  .rodata            const    0x1009'2be8       0x4  cy_scb_spi.o [20]
  .rodata            const    0x1009'2bec       0x4  cy_scb_spi.o [20]
  .rodata            const    0x1009'2bf0       0x4  cy_scb_uart.o [20]
  .rodata            const    0x1009'2bf4       0x4  cy_scb_uart.o [20]
  .rodata            const    0x1009'2bf8       0x4  cy_scb_uart.o [20]
  .rodata            const    0x1009'2bfc       0x4  cy_scb_uart.o [20]
  .rodata            const    0x1009'2c00       0x4  cy_scb_uart.o [20]
  .rodata            const    0x1009'2c04       0x4  cy_scb_uart.o [20]
  .rodata            const    0x1009'2c08       0x4  cy_scb_uart.o [20]
  .rodata            const    0x1009'2c0c       0x4  cy_scb_uart.o [20]
  .rodata            const    0x1009'2c10       0x4  cy_scb_uart.o [20]
  .rodata            const    0x1009'2c14       0x4  cy_scb_uart.o [20]
  .rodata            const    0x1009'2c18       0x4  cy_srom.o [24]
  .rodata            const    0x1009'2c1c       0x4  cy_srom.o [24]
  .rodata            const    0x1009'2c20       0x4  cy_sysint.o [29]
  .rodata            const    0x1009'2c24       0x4  cy_tcpwm_counter.o [36]
  .rodata            const    0x1009'2c28       0x4  cy_tcpwm_counter.o [36]
  .rodata            const    0x1009'2c2c       0x4  cy_tcpwm_counter.o [36]
  .rodata            const    0x1009'2c30       0x4  cy_tcpwm_counter.o [36]
  .rodata            const    0x1009'2c34       0x4  cy_tcpwm_counter.o [36]
  .rodata            const    0x1009'2c38       0x4  cy_tcpwm_pwm.o [36]
  .rodata            const    0x1009'2c3c       0x4  cy_tcpwm_pwm.o [36]
  .rodata            const    0x1009'2c40       0x4  cy_tcpwm_pwm.o [36]
  .rodata            const    0x1009'2c44       0x4  cy_tcpwm_pwm.o [36]
  .rodata            const    0x1009'2c48       0x4  cy_tcpwm_pwm.o [36]
  .rodata            const    0x1009'2c4c       0x4  cy_tcpwm_pwm.o [36]
  .rodata            const    0x1009'2c50       0x4  cy_tcpwm_pwm.o [36]
  .rodata            const    0x1009'2c54       0x4  image.o [4]
  .rodata            const    0x1009'2c58       0x4  image.o [4]
  .rodata            const    0x1009'2c5c       0x4  image.o [4]
  .rodata            const    0x1009'2c60       0x4  image.o [4]
  .rodata            const    0x1009'2c64       0x4  image.o [4]
  .rodata            const    0x1009'2c68       0x4  kalman_filter.o [4]
  .rodata            const    0x1009'2c6c       0x4  myMath.o [4]
  .rodata            const    0x1009'2c70       0x4  myMath.o [4]
  .rodata            const    0x1009'2c74       0x4  myMath.o [4]
  .text              ro code  0x1009'2c78       0x4  startup_cm4.o [25]
  .text              ro code  0x1009'2c7c       0x4  startup_cm4.o [25]
  .text              ro code  0x1009'2c80       0x4  startup_cm4.o [25]
  .text              ro code  0x1009'2c84       0x4  startup_cm4.o [25]
  .text              ro code  0x1009'2c88       0x4  startup_cm4.o [25]
  .text              ro code  0x1009'2c8c       0x4  startup_cm4.o [25]
  .text              ro code  0x1009'2c90       0x4  startup_cm4.o [25]
  .text              ro code  0x1009'2c94       0x4  startup_cm4.o [25]
  .text              ro code  0x1009'2c98       0x4  startup_cm4.o [25]
  .text              ro code  0x1009'2c9c       0x4  startup_cm4.o [25]
  .text              ro code  0x1009'2ca0       0x4  startup_cm4.o [25]
  .text              ro code  0x1009'2ca4       0x4  startup_cm4.o [25]
  .text              ro code  0x1009'2ca8       0x4  startup_cm4.o [25]
  .text              ro code  0x1009'2cac       0x4  startup_cm4.o [25]
  .text              ro code  0x1009'2cb0       0x4  startup_cm4.o [25]
  .rodata            const    0x1009'2cb4       0x0  zero_init3.o [45]
  .rodata            const    0x1009'2cb4       0x0  lz77_init_single.o [45]
  Initializer bytes  const    0x1009'2cb4     0x10e  <for P2-1>
                            - 0x1009'2dc2  0x1'2d42

Unused ranges:

         From           To       Size
         ----           --       ----
   0x802'0000   0x802'0657      0x658
   0x802'65cf   0x802'65cf        0x1
   0x803'1be8   0x803'1bff       0x18
   0x803'1c80   0x807'dfff   0x4'c380
  0x1009'2e53  0x1040'ffff  0x37'd1ad


*******************************************************************************
*** INIT TABLE
***

          Address      Size
          -------      ----
Zero (__iar_zero_init3)
    1 destination range, total size 0xb618:
           0x802'65d0  0xb618

Copy/lz77 (__iar_lz77_init_single3)
    1 source range, total size 0x10e (14% of destination):
          0x1009'2cb4   0x10e
    1 destination range, total size 0x757:
           0x802'5e78   0x757



*******************************************************************************
*** MODULE SUMMARY
***

    Module                      ro code  ro data  rw data  rw data
                                                            (abs)
    ------                      -------  -------  -------  -------
command line/config:
    --------------------------------------------------------------
    Total:

D:\fenkuandianlu\ADS\code\kaiyuan_code\wangyou\project\iar\Debug_m4\Obj\adc_11722776235721520015.dir: [1]
    --------------------------------------------------------------
    Total:

D:\fenkuandianlu\ADS\code\kaiyuan_code\wangyou\project\iar\Debug_m4\Obj\button_4990804375159372270.dir: [2]
    --------------------------------------------------------------
    Total:

D:\fenkuandianlu\ADS\code\kaiyuan_code\wangyou\project\iar\Debug_m4\Obj\canfd_1800690984773873875.dir: [3]
    --------------------------------------------------------------
    Total:

D:\fenkuandianlu\ADS\code\kaiyuan_code\wangyou\project\iar\Debug_m4\Obj\code_17896468042025673432.dir: [4]
    break_road.o                  3'248      569    1'138
    funcation.o                     320
    fusion.o                        216                32
    huandao.o                     2'652                45
    image.o                       3'244      212   19'171
    imu.o                         1'144       14       60
    imu660.o                        592                16
    judge.o                       1'944                16
    kalman_filter.o                 388       14       84
    key.o                         7'804    1'388       80
    motor_control.o                 572                29
    myMath.o                         52       12
    my_flash.o                      836      136       62
    pid.o                           808               112
    --------------------------------------------------------------
    Total:                       23'820    2'345   20'845

D:\fenkuandianlu\ADS\code\kaiyuan_code\wangyou\project\iar\Debug_m4\Obj\cpu_15938736945165268644.dir: [5]
    --------------------------------------------------------------
    Total:

D:\fenkuandianlu\ADS\code\kaiyuan_code\wangyou\project\iar\Debug_m4\Obj\crypto_1190170608956581615.dir: [6]
    --------------------------------------------------------------
    Total:

D:\fenkuandianlu\ADS\code\kaiyuan_code\wangyou\project\iar\Debug_m4\Obj\dma_12106025507578611576.dir: [7]
    --------------------------------------------------------------
    Total:

D:\fenkuandianlu\ADS\code\kaiyuan_code\wangyou\project\iar\Debug_m4\Obj\evtgen_3404189088603873129.dir: [8]
    --------------------------------------------------------------
    Total:

D:\fenkuandianlu\ADS\code\kaiyuan_code\wangyou\project\iar\Debug_m4\Obj\flash_8529866181315662935.dir: [9]
    cy_flash.o                    1'232       20
    --------------------------------------------------------------
    Total:                        1'232       20

D:\fenkuandianlu\ADS\code\kaiyuan_code\wangyou\project\iar\Debug_m4\Obj\flash_864493325053435817.dir: [10]
    cy_mw_flash.o                   732      104        2
    --------------------------------------------------------------
    Total:                          732      104        2

D:\fenkuandianlu\ADS\code\kaiyuan_code\wangyou\project\iar\Debug_m4\Obj\gpio_3999404635324069351.dir: [11]
    cy_gpio.o                       408
    --------------------------------------------------------------
    Total:                          408

D:\fenkuandianlu\ADS\code\kaiyuan_code\wangyou\project\iar\Debug_m4\Obj\ipc_10145506163450686023.dir: [12]
    cy_ipc_drv.o                     96        4
    --------------------------------------------------------------
    Total:                           96        4

D:\fenkuandianlu\ADS\code\kaiyuan_code\wangyou\project\iar\Debug_m4\Obj\lin_18429031207028094880.dir: [13]
    --------------------------------------------------------------
    Total:

D:\fenkuandianlu\ADS\code\kaiyuan_code\wangyou\project\iar\Debug_m4\Obj\lvd_6353935867039560245.dir: [14]
    --------------------------------------------------------------
    Total:

D:\fenkuandianlu\ADS\code\kaiyuan_code\wangyou\project\iar\Debug_m4\Obj\mcwdt_4052485907822033969.dir: [15]
    --------------------------------------------------------------
    Total:

D:\fenkuandianlu\ADS\code\kaiyuan_code\wangyou\project\iar\Debug_m4\Obj\mpu_5663187252346826382.dir: [16]
    --------------------------------------------------------------
    Total:

D:\fenkuandianlu\ADS\code\kaiyuan_code\wangyou\project\iar\Debug_m4\Obj\prot_10722960861768657883.dir: [17]
    --------------------------------------------------------------
    Total:

D:\fenkuandianlu\ADS\code\kaiyuan_code\wangyou\project\iar\Debug_m4\Obj\rev_b_4986922561640112550.dir: [18]
    system_tviibe4m_cm4.o           236      128       20
    --------------------------------------------------------------
    Total:                          236      128       20

D:\fenkuandianlu\ADS\code\kaiyuan_code\wangyou\project\iar\Debug_m4\Obj\rev_b_6162237342861132223.dir: [19]
    cy_interrupt_map.o              408      252    1'536
    --------------------------------------------------------------
    Total:                          408      252    1'536

D:\fenkuandianlu\ADS\code\kaiyuan_code\wangyou\project\iar\Debug_m4\Obj\scb_15490842639181808494.dir: [20]
    cy_scb_spi.o                    496       16
    cy_scb_uart.o                   788       40
    --------------------------------------------------------------
    Total:                        1'284       56

D:\fenkuandianlu\ADS\code\kaiyuan_code\wangyou\project\iar\Debug_m4\Obj\semihosting_143864889731838620.dir: [21]
    --------------------------------------------------------------
    Total:

D:\fenkuandianlu\ADS\code\kaiyuan_code\wangyou\project\iar\Debug_m4\Obj\smartio_5451710003740070188.dir: [22]
    --------------------------------------------------------------
    Total:

D:\fenkuandianlu\ADS\code\kaiyuan_code\wangyou\project\iar\Debug_m4\Obj\smif_427648126384146252.dir: [23]
    --------------------------------------------------------------
    Total:

D:\fenkuandianlu\ADS\code\kaiyuan_code\wangyou\project\iar\Debug_m4\Obj\srom_13018798572330080582.dir: [24]
    cy_srom.o                       748      116       24
    --------------------------------------------------------------
    Total:                          748      116       24

D:\fenkuandianlu\ADS\code\kaiyuan_code\wangyou\project\iar\Debug_m4\Obj\startup_479057977785470282.dir: [25]
    startup.o                       368        8
    startup_cm4.o                   334               128
    --------------------------------------------------------------
    Total:                          702        8      128

D:\fenkuandianlu\ADS\code\kaiyuan_code\wangyou\project\iar\Debug_m4\Obj\sw_timer_4215635015939382130.dir: [26]
    --------------------------------------------------------------
    Total:

D:\fenkuandianlu\ADS\code\kaiyuan_code\wangyou\project\iar\Debug_m4\Obj\sysclk_16149231235676103872.dir: [27]
    cy_sysclk.o                   1'656      208       25
    --------------------------------------------------------------
    Total:                        1'656      208       25

D:\fenkuandianlu\ADS\code\kaiyuan_code\wangyou\project\iar\Debug_m4\Obj\sysflt_12293435975120599261.dir: [28]
    --------------------------------------------------------------
    Total:

D:\fenkuandianlu\ADS\code\kaiyuan_code\wangyou\project\iar\Debug_m4\Obj\sysint_7435970359207984181.dir: [29]
    cy_sysint.o                      92        4
    --------------------------------------------------------------
    Total:                           92        4

D:\fenkuandianlu\ADS\code\kaiyuan_code\wangyou\project\iar\Debug_m4\Obj\syslib_16330585751512546975.dir: [30]
    cy_syslib.o                     186               140
    cy_syslib_iar.o                  30
    --------------------------------------------------------------
    Total:                          216               140

D:\fenkuandianlu\ADS\code\kaiyuan_code\wangyou\project\iar\Debug_m4\Obj\syspm_10887939769544754770.dir: [31]
    --------------------------------------------------------------
    Total:

D:\fenkuandianlu\ADS\code\kaiyuan_code\wangyou\project\iar\Debug_m4\Obj\sysreset_14586141425677365288.dir: [32]
    --------------------------------------------------------------
    Total:

D:\fenkuandianlu\ADS\code\kaiyuan_code\wangyou\project\iar\Debug_m4\Obj\sysrtc_10747768817563771611.dir: [33]
    --------------------------------------------------------------
    Total:

D:\fenkuandianlu\ADS\code\kaiyuan_code\wangyou\project\iar\Debug_m4\Obj\systick_16016591671695740695.dir: [34]
    --------------------------------------------------------------
    Total:

D:\fenkuandianlu\ADS\code\kaiyuan_code\wangyou\project\iar\Debug_m4\Obj\syswdt_9118657615806274156.dir: [35]
    --------------------------------------------------------------
    Total:

D:\fenkuandianlu\ADS\code\kaiyuan_code\wangyou\project\iar\Debug_m4\Obj\tcpwm_422923530147891246.dir: [36]
    cy_tcpwm.o                       12
    cy_tcpwm_counter.o              456       20
    cy_tcpwm_pwm.o                  526       28
    cy_tcpwm_quaddec.o                8
    --------------------------------------------------------------
    Total:                        1'002       48

D:\fenkuandianlu\ADS\code\kaiyuan_code\wangyou\project\iar\Debug_m4\Obj\trigmux_9729677290734583340.dir: [37]
    --------------------------------------------------------------
    Total:

D:\fenkuandianlu\ADS\code\kaiyuan_code\wangyou\project\iar\Debug_m4\Obj\user_8514941877209965082.dir: [38]
    cm4_isr.o                       342
    main_cm4.o                      528
    --------------------------------------------------------------
    Total:                          870

D:\fenkuandianlu\ADS\code\kaiyuan_code\wangyou\project\iar\Debug_m4\Obj\zf_common_1201165462030747823.dir: [39]
    zf_common_clock.o                28                 4
    zf_common_debug.o             1'068      120       48
    zf_common_fifo.o                512       84
    zf_common_font.o                       2'072
    zf_common_function.o            540       88
    zf_common_interrupt.o           226                 4
    --------------------------------------------------------------
    Total:                        2'374    2'364       56

D:\fenkuandianlu\ADS\code\kaiyuan_code\wangyou\project\iar\Debug_m4\Obj\zf_components_14936052685886095442.dir: [40]
    --------------------------------------------------------------
    Total:

D:\fenkuandianlu\ADS\code\kaiyuan_code\wangyou\project\iar\Debug_m4\Obj\zf_device_6570275422786408770.dir: [41]
    zf_device_imu660ra.o            600      141       20
    zf_device_mt9v03x.o             644       40   22'562   22'564
    zf_device_tft180.o            3'364       89       10
    zf_device_tsl1401.o             124               514
    zf_device_type.o                 40        1        5
    zf_device_wireless_uart.o       112                89
    --------------------------------------------------------------
    Total:                        4'884      271   23'200   22'564

D:\fenkuandianlu\ADS\code\kaiyuan_code\wangyou\project\iar\Debug_m4\Obj\zf_driver_11922370083829174090.dir: [42]
    zf_driver_adc.o                 120        2       84
    zf_driver_delay.o               544        1        2
    zf_driver_encoder.o             932       90       24
    zf_driver_flash.o               472       88    2'049
    zf_driver_gpio.o                380
    zf_driver_pit.o                 760        9       60
    zf_driver_pwm.o               1'644       84
    zf_driver_soft_iic.o          1'532       88
    zf_driver_spi.o               3'112       86       24
    zf_driver_timer.o               584                 4
    zf_driver_uart.o              2'036       90      336
    --------------------------------------------------------------
    Total:                       12'116      538    2'583

dl7M_tln.a: [43]
    abort.o                           6
    abs.o                             8
    exit.o                            4
    printf.o                         40
    putchar.o                        32
    sprintf.o                        64
    xfail_s.o                        64                 4
    xprintflarge_nomb.o           3'346
    xprout.o                         22
    xsprout.o                        10
    --------------------------------------------------------------
    Total:                        3'596                 4

m7M_tls.a: [44]
    DblAddSub.o                     590
    DblCmpEq.o                       32
    DblCmpLe.o                       52
    DblDiv.o                        582
    DblMul.o                        426
    DblToS32.o                       54
    DblToU32.o                       34
    FltToDbl.o                       72
    S32ToDbl.o                       34
    U32ToDbl.o                       28
    asinf.o                          92
    atan2f.o                        106
    fpinit_M.o                       34
    frexp.o                         112
    xatanf.o                        164
    --------------------------------------------------------------
    Total:                        2'412

rt7M_tl.a: [45]
    ABImemclr4.o                      6
    ABImemcpy.o                     166
    ABImemset.o                     102
    ABImemset48.o                    50
    I64DivMod.o                     560
    I64DivZer.o                       2
    cexit.o                          10
    cmain.o                          30
    cstartup_M.o                     28
    data_init.o                      40
    lz77_init_single.o              126
    memchr.o                         88
    strchr.o                         22
    strlen.o                         54
    strncpy.o                       112
    zero_init3.o                     56
    --------------------------------------------------------------
    Total:                        1'452

shb_l.a: [46]
    exit.o                           20
    --------------------------------------------------------------
    Total:                           20

zf_device_config.a: [47]
    zf_device_config.o                     8'192
    zf_device_config_mt9v03x.o    2'144                36
    --------------------------------------------------------------
    Total:                        2'144    8'192       36

    Gaps                             54        6       24
    Linker created                            32    8'192
------------------------------------------------------------------
    Grand Total:                 62'554   14'696   56'815   22'564


*******************************************************************************
*** ENTRY LIST
***

Entry                       Address    Size  Type      Object
-----                       -------    ----  ----      ------
.iar.init_table$$Base   0x1009'22f4           --   Gb  - Linker created -
.iar.init_table$$Limit  0x1009'2314           --   Gb  - Linker created -
?main                   0x1009'23a1          Code  Gb  cmain.o [45]
AllLose                  0x803'1b9c     0x2  Data  Gb  image.o [4]
Angle_Lianxian          0x1008'd771   0x134  Code  Gb  judge.o [4]
Break                    0x803'16cc    0xd4  Data  Gb  break_road.o [4]
BusFault_Handler        0x1009'2c81          Code  Wk  startup_cm4.o [25]
CSTACK$$Base             0x807'e000           --   Gb  - Linker created -
CSTACK$$Limit            0x808'0000           --   Gb  - Linker created -
Circle                   0x803'191c    0x2c  Data  Gb  huandao.o [4]
CopyVectorTable         0x1009'17dd    0x34  Code  Lc  startup.o [25]
Count_White             0x1008'c7f9   0x11a  Code  Gb  image.o [4]
CpuUserInt0_Handler     0x1009'1543    0x26  Code  Gb  cy_interrupt_map.o [19]
CpuUserInt10_Handler    0x1009'2c9d          Code  Wk  startup_cm4.o [25]
CpuUserInt11_Handler    0x1009'2ca1          Code  Wk  startup_cm4.o [25]
CpuUserInt12_Handler    0x1009'2ca5          Code  Wk  startup_cm4.o [25]
CpuUserInt13_Handler    0x1009'2ca9          Code  Wk  startup_cm4.o [25]
CpuUserInt14_Handler    0x1009'2cad          Code  Wk  startup_cm4.o [25]
CpuUserInt15_Handler    0x1009'2cb1          Code  Wk  startup_cm4.o [25]
CpuUserInt1_Handler     0x1009'1569    0x26  Code  Gb  cy_interrupt_map.o [19]
CpuUserInt2_Handler     0x1009'158f    0x26  Code  Gb  cy_interrupt_map.o [19]
CpuUserInt3_Handler     0x1009'15b5    0x26  Code  Gb  cy_interrupt_map.o [19]
CpuUserInt4_Handler     0x1009'15db    0x26  Code  Gb  cy_interrupt_map.o [19]
CpuUserInt5_Handler     0x1009'1601    0x26  Code  Gb  cy_interrupt_map.o [19]
CpuUserInt6_Handler     0x1009'1627    0x26  Code  Gb  cy_interrupt_map.o [19]
CpuUserInt7_Handler     0x1009'164d    0x26  Code  Gb  cy_interrupt_map.o [19]
CpuUserInt8_Handler     0x1009'2c95          Code  Wk  startup_cm4.o [25]
CpuUserInt9_Handler     0x1009'2c99          Code  Wk  startup_cm4.o [25]
Cy_DefaultUserHandler   0x1009'1541     0x2  Code  Gb  cy_interrupt_map.o [19]
Cy_FlashHandler         0x1008'a883    0x34  Code  Lc  cy_mw_flash.o [10]
Cy_FlashInit            0x1008'a8b7    0x3c  Code  Gb  cy_mw_flash.o [10]
Cy_FlashSectorErase     0x1008'a8f3    0x7e  Code  Gb  cy_mw_flash.o [10]
Cy_FlashWriteWork       0x1008'a9fd    0xbc  Code  Gb  cy_mw_flash.o [10]
Cy_Flash_BlankCheck     0x1008'bbdf    0xb4  Code  Gb  cy_flash.o [9]
Cy_Flash_BoundsCheck    0x1008'ba8d    0x24  Code  Gb  cy_flash.o [9]
Cy_Flash_CallSromApiForFlashWrite
                        0x1008'b865    0x6a  Code  Lc  cy_flash.o [9]
Cy_Flash_EraseSector    0x1008'bb6f    0x70  Code  Gb  cy_flash.o [9]
Cy_Flash_IsWorkSmallSector
                        0x1008'b9e3    0x40  Code  Gb  cy_flash.o [9]
Cy_Flash_MainBoundsCheck
                        0x1008'ba23    0x6a  Code  Gb  cy_flash.o [9]
Cy_Flash_ProcessOpcode  0x1008'bab1    0xbe  Code  Gb  cy_flash.o [9]
Cy_Flash_ProgramRow     0x1008'b8cf    0xaa  Code  Gb  cy_flash.o [9]
Cy_Flash_WorkBoundsCheck
                        0x1008'b979    0x6a  Code  Gb  cy_flash.o [9]
Cy_Flashc_GetMainBankMode
                        0x1008'b841    0x10  Code  Lc  cy_flash.o [9]
Cy_Flashc_GetWorkBankMode
                        0x1008'b831    0x10  Code  Lc  cy_flash.o [9]
Cy_Flashc_InvalidateFlashCacheBuffer
                        0x1008'b851    0x14  Code  Lc  cy_flash.o [9]
Cy_Flashc_InvalidateFlashCacheBuffer
                        0x1008'a857    0x14  Code  Lc  cy_mw_flash.o [10]
Cy_Flashc_MainWriteEnable
                        0x1008'a86b     0xc  Code  Lc  cy_mw_flash.o [10]
Cy_Flashc_WorkWriteEnable
                        0x1008'a877     0xc  Code  Lc  cy_mw_flash.o [10]
Cy_GPIO_ClearInterrupt  0x1008'640f     0xe  Code  Lc  cy_gpio.o [11]
Cy_GPIO_Clr             0x1008'3f11     0xa  Code  Lc  zf_driver_gpio.o [42]
Cy_GPIO_Pin_Init        0x1008'6453    0x74  Code  Gb  cy_gpio.o [11]
Cy_GPIO_Read            0x1008'3efd     0xa  Code  Lc  zf_driver_gpio.o [42]
Cy_GPIO_Set             0x1008'3f07     0xa  Code  Lc  zf_driver_gpio.o [42]
Cy_GPIO_Set             0x1008'9ddb     0xa  Code  Lc  zf_driver_uart.o [42]
Cy_GPIO_SetDriveSel     0x1008'63f1    0x1e  Code  Lc  cy_gpio.o [11]
Cy_GPIO_SetDrivemode    0x1008'63a1    0x1c  Code  Lc  cy_gpio.o [11]
Cy_GPIO_SetDrivemode    0x1008'3f1b    0x1c  Code  Lc  zf_driver_gpio.o [42]
Cy_GPIO_SetHSIOM        0x1008'633d    0x4c  Code  Lc  cy_gpio.o [11]
Cy_GPIO_SetInterruptEdge
                        0x1008'6437    0x1c  Code  Lc  cy_gpio.o [11]
Cy_GPIO_SetInterruptMask
                        0x1008'641d    0x1a  Code  Lc  cy_gpio.o [11]
Cy_GPIO_SetSlewRate     0x1008'63d7    0x1a  Code  Lc  cy_gpio.o [11]
Cy_GPIO_SetVtrip        0x1008'63bd    0x1a  Code  Lc  cy_gpio.o [11]
Cy_GPIO_Write           0x1008'6389    0x18  Code  Lc  cy_gpio.o [11]
Cy_IPC_Drv_AcquireNotify
                        0x1008'bd3d     0xc  Code  Lc  cy_ipc_drv.o [12]
Cy_IPC_Drv_ClearInterrupt
                        0x1008'b473    0x14  Code  Lc  cy_srom.o [24]
Cy_IPC_Drv_GetInterruptStatusMasked
                        0x1008'b46f     0x4  Code  Lc  cy_srom.o [24]
Cy_IPC_Drv_GetIntrBaseAddr
                        0x1008'b429    0x34  Code  Lc  cy_srom.o [24]
Cy_IPC_Drv_IsLockAcquired
                        0x1008'b487     0x8  Code  Lc  cy_srom.o [24]
Cy_IPC_Drv_LockAcquire  0x1008'bd51    0x10  Code  Gb  cy_ipc_drv.o [12]
Cy_IPC_Drv_SendMsgWord_2
                        0x1008'bd61    0x34  Code  Gb  cy_ipc_drv.o [12]
Cy_IPC_Drv_SetInterruptMask
                        0x1008'b45d    0x12  Code  Lc  cy_srom.o [24]
Cy_IPC_Drv_WriteData1Value
                        0x1008'bd4d     0x4  Code  Lc  cy_ipc_drv.o [12]
Cy_IPC_Drv_WriteDataValue
                        0x1008'bd49     0x4  Code  Lc  cy_ipc_drv.o [12]
Cy_RestoreIRQ           0x1009'151d          Code  Gb  startup_cm4.o [25]
Cy_SCB_ClearRxFifo      0x1008'64df    0x1e  Code  Lc  zf_driver_spi.o [42]
Cy_SCB_ClearRxInterrupt
                        0x1008'9e3d     0xa  Code  Lc  zf_driver_uart.o [42]
Cy_SCB_ClearTxInterrupt
                        0x1008'9e53     0xa  Code  Lc  zf_driver_uart.o [42]
Cy_SCB_GetFifoSize      0x1008'6539    0x12  Code  Lc  zf_driver_spi.o [42]
Cy_SCB_GetNumInRxFifo   0x1008'64d5     0xa  Code  Lc  zf_driver_spi.o [42]
Cy_SCB_GetNumInRxFifo   0x1008'9deb     0xa  Code  Lc  zf_driver_uart.o [42]
Cy_SCB_GetNumInTxFifo   0x1008'6503     0xa  Code  Lc  zf_driver_spi.o [42]
Cy_SCB_GetNumInTxFifo   0x1008'9dfb     0xa  Code  Lc  zf_driver_uart.o [42]
Cy_SCB_GetRxInterruptMask
                        0x1008'9e37     0x6  Code  Lc  zf_driver_uart.o [42]
Cy_SCB_GetTxInterruptMask
                        0x1008'9e4d     0x6  Code  Lc  zf_driver_uart.o [42]
Cy_SCB_GetTxSrValid     0x1008'650d     0xa  Code  Lc  zf_driver_spi.o [42]
Cy_SCB_GetTxSrValid     0x1008'9e05     0xa  Code  Lc  zf_driver_uart.o [42]
Cy_SCB_IsTxComplete     0x1008'6517    0x22  Code  Lc  zf_driver_spi.o [42]
Cy_SCB_IsTxComplete     0x1008'9e0f    0x22  Code  Lc  zf_driver_uart.o [42]
Cy_SCB_ReadRxFifo       0x1008'9de5     0x6  Code  Lc  zf_driver_uart.o [42]
Cy_SCB_SPI_ClearRxFifo  0x1008'6569     0x8  Code  Lc  zf_driver_spi.o [42]
Cy_SCB_SPI_Enable       0x1008'654b     0xa  Code  Lc  zf_driver_spi.o [42]
Cy_SCB_SPI_GetNumInRxFifo
                        0x1008'6561     0x8  Code  Lc  zf_driver_spi.o [42]
Cy_SCB_SPI_Init         0x1008'9ab5   0x1d8  Code  Gb  cy_scb_spi.o [20]
Cy_SCB_SPI_SetActiveSlaveSelect
                        0x1008'6555     0xc  Code  Lc  zf_driver_spi.o [42]
Cy_SCB_SetRxInterruptMask
                        0x1008'9e31     0x6  Code  Lc  zf_driver_uart.o [42]
Cy_SCB_SetTxInterruptMask
                        0x1008'9e47     0x6  Code  Lc  zf_driver_uart.o [42]
Cy_SCB_UART_DeInit      0x1008'b33d    0x5c  Code  Gb  cy_scb_uart.o [20]
Cy_SCB_UART_Enable      0x1008'9e5d     0xa  Code  Lc  zf_driver_uart.o [42]
Cy_SCB_UART_Init        0x1008'b0b9   0x284  Code  Gb  cy_scb_uart.o [20]
Cy_SCB_WriteTxFifo      0x1008'64fd     0x6  Code  Lc  zf_driver_spi.o [42]
Cy_SCB_WriteTxFifo      0x1008'9df5     0x6  Code  Lc  zf_driver_uart.o [42]
[...]
mt9v03x_row              0x803'1b94     0x4  Data  Lc  zf_device_config_mt9v03x.o [47]
mt9v03x_sccb_check_id   0x1008'ec9d    0x60  Code  Gb  zf_device_config_mt9v03x.o [47]
mt9v03x_sccb_init       0x1009'0e7f    0x5a  Code  Gb  zf_device_mt9v03x.o [41]
mt9v03x_sccb_set_config
                        0x1008'ecfd   0x6fe  Code  Gb  zf_device_config_mt9v03x.o [47]
mt9v03x_trig_init       0x1009'0de3    0x9c  Code  Lc  zf_device_mt9v03x.o [41]
mt9v03x_v_blank          0x803'1b84     0x4  Data  Lc  zf_device_config_mt9v03x.o [47]
mt9v03x_w_num            0x800'691a     0x2  Data  Wk  zf_device_mt9v03x.o [41]
mt9v03x_write_and_check_word_sccb
                        0x1008'ebe3    0x92  Code  Lc  zf_device_config_mt9v03x.o [47]
mt9v03x_write_word_sccb
                        0x1008'ebb9    0x2a  Code  Lc  zf_device_config_mt9v03x.o [47]
multi_break_clear_data  0x1008'5c4b    0x70  Code  Gb  break_road.o [4]
multi_break_init        0x1008'5a41    0xf6  Code  Gb  break_road.o [4]
multi_break_is_recorded
                        0x1008'5d95    0x24  Code  Gb  break_road.o [4]
multi_break_load_data   0x1008'5cc9    0x1c  Code  Gb  break_road.o [4]
multi_break_print_data  0x1008'5d01    0x8a  Code  Gb  break_road.o [4]
multi_break_save_data   0x1008'5ce5    0x1c  Code  Gb  break_road.o [4]
multi_break_select_mode
                         0x803'1bd7     0x1  Data  Gb  key.o [4]
multi_break_set_active_segment
                        0x1008'5b37    0x4e  Code  Gb  break_road.o [4]
multi_break_set_sequence
                        0x1008'5b85    0x54  Code  Gb  break_road.o [4]
multi_break_start_recording
                        0x1008'5c2b    0x20  Code  Gb  break_road.o [4]
my_key_init             0x1008'2081    0x34  Code  Gb  key.o [4]
normal_speed             0x802'65b2     0x2  Data  Gb  key.o [4]
outer_loop_control      0x1008'50cb    0x2e  Code  Gb  pid.o [4]
outer_loop_control::last_error
                         0x803'1b50     0x4  Data  Lc  pid.o [4]
output_left              0x803'1b30     0x4  Data  Gb  pid.o [4]
output_right             0x803'1b34     0x4  Data  Gb  pid.o [4]
outsthreshold            0x803'1bb3     0x1  Data  Gb  image.o [4]
pMpu                     0x803'1a7c     0xc  Data  Gb  fusion.o [4]
param_select_index       0x803'1bd2     0x1  Data  Gb  key.o [4]
perfect_proportion       0x803'1be2     0x1  Data  Gb  zf_device_mt9v03x.o [41]
pid_left                 0x803'196c    0x24  Data  Gb  pid.o [4]
pid_right                0x803'1990    0x24  Data  Gb  pid.o [4]
pit0_ch0_isr            0x1009'182d     0xe  Code  Gb  cm4_isr.o [38]
pit0_ch10_isr           0x1009'184f    0x28  Code  Gb  cm4_isr.o [38]
pit0_ch11_isr           0x1009'1877    0x52  Code  Gb  cm4_isr.o [38]
pit0_ch12_isr           0x1009'18e5     0xa  Code  Gb  cm4_isr.o [38]
pit0_ch13_isr           0x1009'18ef     0xa  Code  Gb  cm4_isr.o [38]
pit0_ch14_isr           0x1009'18f9     0xa  Code  Gb  cm4_isr.o [38]
pit0_ch15_isr           0x1009'1903     0xa  Code  Gb  cm4_isr.o [38]
pit0_ch16_isr           0x1009'190d     0xa  Code  Gb  cm4_isr.o [38]
pit0_ch17_isr           0x1009'1917     0xa  Code  Gb  cm4_isr.o [38]
pit0_ch18_isr           0x1009'1921     0xa  Code  Gb  cm4_isr.o [38]
pit0_ch19_isr           0x1009'192b     0xa  Code  Gb  cm4_isr.o [38]
pit0_ch1_isr            0x1009'183b     0xa  Code  Gb  cm4_isr.o [38]
pit0_ch20_isr           0x1009'1935     0xa  Code  Gb  cm4_isr.o [38]
pit0_ch21_isr           0x1009'193f     0xa  Code  Gb  cm4_isr.o [38]
pit0_ch2_isr            0x1009'1845     0xa  Code  Gb  cm4_isr.o [38]
pit_init                0x1009'0af7   0x1a6  Code  Gb  zf_driver_pit.o [42]
pit_isr_flag_clear      0x1009'0acd    0x2a  Code  Gb  zf_driver_pit.o [42]
pit_isr_func             0x802'653c    0x3c  Data  Gb  zf_driver_pit.o [42]
print_loaded_yaw_records
                        0x1008'5679    0x2a  Code  Gb  break_road.o [4]
print_yaw_records       0x1008'55fb    0x22  Code  Gb  break_road.o [4]
printf                  0x1008'7eb9    0x28  Code  Gb  printf.o [43]
programSizeBytesLut     0x1009'2568    0x14  Data  Lc  cy_flash.o [9]
putchar                 0x1009'2355    0x20  Code  Gb  putchar.o [43]
pwm_all_channel_close   0x1008'8927    0x1a  Code  Gb  zf_driver_pwm.o [42]
pwm_init                0x1008'899b   0x1b4  Code  Gb  zf_driver_pwm.o [42]
pwm_set_duty            0x1008'8941    0x5a  Code  Gb  zf_driver_pwm.o [42]
q0                       0x802'64a4     0x4  Data  Gb  imu.o [4]
q1                       0x803'1b00     0x4  Data  Gb  imu.o [4]
q2                       0x803'1b04     0x4  Data  Gb  imu.o [4]
q3                       0x803'1b08     0x4  Data  Gb  imu.o [4]
rMat                     0x803'1948    0x24  Data  Gb  imu.o [4]
read_all_data           0x1009'0749    0xb8  Code  Gb  my_flash.o [4]
reset_break_control_tracking
                        0x1008'5923    0x1a  Code  Gb  break_road.o [4]
right_circle_process    0x1008'cfc9    0x6a  Code  Gb  huandao.o [4]
sar_adc                  0x802'651c     0xc  Data  Lc  zf_driver_adc.o [42]
save_all_data           0x1009'067d    0xcc  Code  Gb  my_flash.o [4]
save_params_to_flash    0x1008'3ce5    0x20  Code  Gb  key.o [4]
scale                   0x1008'978f    0x46  Code  Lc  xprintflarge_nomb.o [43]
scb_module               0x802'659c    0x14  Data  Gb  zf_driver_uart.o [42]
sec_hand                 0x803'1b98     0x4  Data  Lc  xfail_s.o [43]
selected_break_id        0x802'65c7     0x1  Data  Gb  key.o [4]
sequence_edit_index      0x803'1bd9     0x1  Data  Gb  key.o [4]
sequence_edit_mode       0x803'1bd8     0x1  Data  Gb  key.o [4]
set_image_twovalues     0x1008'bf75    0x96  Code  Gb  image.o [4]
set_wireless_type       0x1009'14ef    0x18  Code  Gb  zf_device_type.o [41]
show_menu_flag           0x802'65c6     0x1  Data  Gb  key.o [4]
simple_break_advance    0x1008'5bdd    0x4e  Code  Gb  break_road.o [4]
soft_iic_init           0x1008'f999    0x78  Code  Gb  zf_driver_soft_iic.o [42]
soft_iic_read_data      0x1008'f7c3   0x10e  Code  Lc  zf_driver_soft_iic.o [42]
soft_iic_sccb_read_register
                        0x1008'f92d    0x6c  Code  Gb  zf_driver_soft_iic.o [42]
soft_iic_sccb_write_register
                        0x1008'f8dd    0x4c  Code  Gb  zf_driver_soft_iic.o [42]
soft_iic_send_ack       0x1008'f555    0xc6  Code  Lc  zf_driver_soft_iic.o [42]
soft_iic_send_data      0x1008'f6eb    0xd8  Code  Lc  zf_driver_soft_iic.o [42]
soft_iic_start          0x1008'f419    0x9e  Code  Lc  zf_driver_soft_iic.o [42]
soft_iic_stop           0x1008'f4b7    0x9e  Code  Lc  zf_driver_soft_iic.o [42]
soft_iic_wait_ack       0x1008'f61b    0xd0  Code  Lc  zf_driver_soft_iic.o [42]
speed_difference         0x803'1b4c     0x4  Data  Gb  pid.o [4]
speed_kd                 0x803'1b14     0x4  Data  Gb  key.o [4]
speed_ki                 0x802'6504     0x4  Data  Gb  key.o [4]
speed_kp                 0x802'6500     0x4  Data  Gb  key.o [4]
spi_get_clk_hsiom       0x1008'674f    0x28  Code  Lc  zf_driver_spi.o [42]
spi_get_clk_pin         0x1008'66a7    0x28  Code  Lc  zf_driver_spi.o [42]
spi_get_cs_hsiom        0x1008'67cb    0x2c  Code  Lc  zf_driver_spi.o [42]
spi_get_cs_pin          0x1008'6723    0x2c  Code  Lc  zf_driver_spi.o [42]
spi_get_miso_hsiom      0x1008'679f    0x2c  Code  Lc  zf_driver_spi.o [42]
spi_get_miso_pin        0x1008'66f7    0x2c  Code  Lc  zf_driver_spi.o [42]
spi_get_module_clock    0x1008'67f7    0x26  Code  Lc  zf_driver_spi.o [42]
spi_get_mosi_hsiom      0x1008'6777    0x28  Code  Lc  zf_driver_spi.o [42]
spi_get_mosi_pin        0x1008'66cf    0x28  Code  Lc  zf_driver_spi.o [42]
spi_init                0x1008'6ea5   0x242  Code  Gb  zf_driver_spi.o [42]
spi_module               0x802'6578    0x10  Data  Gb  zf_driver_spi.o [42]
spi_read_8bit_registers
                        0x1008'6d9d    0xf6  Code  Gb  zf_driver_spi.o [42]
spi_write_16bit         0x1008'6a45    0xae  Code  Gb  zf_driver_spi.o [42]
spi_write_16bit_array   0x1008'6af3    0xba  Code  Gb  zf_driver_spi.o [42]
spi_write_8bit          0x1008'697b    0xca  Code  Gb  zf_driver_spi.o [42]
spi_write_8bit_register
                        0x1008'6bad    0xf0  Code  Gb  zf_driver_spi.o [42]
spi_write_8bit_registers
                        0x1008'6c9d    0xec  Code  Gb  zf_driver_spi.o [42]
sprintf                 0x1008'6219    0x40  Code  Gb  sprintf.o [43]
start_break_road_recording
                        0x1008'61d5    0x14  Code  Gb  motor_control.o [4]
start_pre_break_recording
                        0x1008'59c1    0x7a  Code  Gb  break_road.o [4]
start_ready_flag         0x803'1bd6     0x1  Data  Gb  key.o [4]
stop_break_road_recording
                        0x1008'61e9     0x8  Code  Gb  motor_control.o [4]
straight_speed           0x802'65b4     0x2  Data  Gb  key.o [4]
strchr                  0x1008'ad05          Code  Gb  strchr.o [45]
strlen                  0x1008'a499          Code  Gb  strlen.o [45]
strncpy                 0x1008'b715          Code  Gb  strncpy.o [45]
switch_transition_length
                        0x1008'681d   0x15e  Code  Lc  zf_driver_spi.o [42]
switch_transition_length::now_length
                         0x803'1b7c     0x4  Data  Lc  zf_driver_spi.o [42]
system_clock             0x803'1b6c     0x4  Data  Gb  zf_common_clock.o [39]
system_delay_init       0x1008'4f07    0x92  Code  Gb  zf_driver_delay.o [42]
system_delay_ms         0x1008'4ea9    0x5e  Code  Gb  zf_driver_delay.o [42]
system_running           0x803'1bd3     0x1  Data  Gb  key.o [4]
tBuff                    0x803'1a94     0xc  Data  Lc  kalman_filter.o [4]
target_left_speed        0x803'1b3c     0x4  Data  Gb  pid.o [4]
target_right_speed       0x803'1b40     0x4  Data  Gb  pid.o [4]
target_yaw               0x803'1ae0     0x4  Data  Gb  break_road.o [4]
tft180_bgcolor           0x802'65c2     0x2  Data  Lc  zf_device_tft180.o [41]
tft180_clear            0x1008'4265    0x72  Code  Gb  zf_device_tft180.o [41]
tft180_debug_init       0x1008'41f9    0x6a  Code  Lc  zf_device_tft180.o [41]
tft180_display_dir       0x802'65cb     0x1  Data  Lc  zf_device_tft180.o [41]
tft180_display_font      0x802'65cc     0x1  Data  Lc  zf_device_tft180.o [41]
tft180_draw_point       0x1008'4321    0x7c  Code  Gb  zf_device_tft180.o [41]
tft180_height_max        0x802'65be     0x2  Data  Gb  zf_device_tft180.o [41]
tft180_init             0x1008'4a0d   0x35e  Code  Gb  zf_device_tft180.o [41]
tft180_pencolor          0x802'65c0     0x2  Data  Lc  zf_device_tft180.o [41]
tft180_set_color        0x1008'4313     0xe  Code  Gb  zf_device_tft180.o [41]
tft180_set_dir          0x1008'42d7    0x3c  Code  Gb  zf_device_tft180.o [41]
tft180_set_region       0x1008'4097   0x162  Code  Lc  zf_device_tft180.o [41]
tft180_show_char        0x1008'439f   0x1f8  Code  Gb  zf_device_tft180.o [41]
tft180_show_float       0x1008'4725   0x158  Code  Gb  zf_device_tft180.o [41]
tft180_show_gray_image  0x1008'4895   0x150  Code  Gb  zf_device_tft180.o [41]
tft180_show_string      0x1008'4599    0xac  Code  Gb  zf_device_tft180.o [41]
tft180_show_uint        0x1008'4645    0xdc  Code  Gb  zf_device_tft180.o [41]
tft180_width_max         0x802'65bc     0x2  Data  Gb  zf_device_tft180.o [41]
tft180_write_index      0x1008'4079    0x1e  Code  Lc  zf_device_tft180.o [41]
timer_ch                 0x802'65ce     0x1  Data  Lc  zf_driver_delay.o [42]
timer_clear             0x1008'cbd7    0x16  Code  Gb  zf_driver_timer.o [42]
timer_get               0x1008'cba9    0x2e  Code  Gb  zf_driver_timer.o [42]
timer_init              0x1008'cbed    0xa4  Code  Gb  zf_driver_timer.o [42]
timer_start             0x1008'cb6d    0x28  Code  Gb  zf_driver_timer.o [42]
timer_stop              0x1008'cb95    0x14  Code  Gb  zf_driver_timer.o [42]
top_left_white           0x803'1bc4     0x1  Data  Gb  image.o [4]
top_line1_num            0x803'1bb8     0x1  Data  Gb  image.o [4]
top_line2_num            0x803'1bb9     0x1  Data  Gb  image.o [4]
top_line3_num            0x803'1bba     0x1  Data  Gb  image.o [4]
top_line4_num            0x803'1bbb     0x1  Data  Gb  image.o [4]
top_right_white          0x803'1bc5     0x1  Data  Gb  image.o [4]
tsl1401_collect_pit_handler
                        0x1009'1985    0x68  Code  Gb  zf_device_tsl1401.o [41]
tsl1401_data             0x803'11f0   0x200  Data  Gb  zf_device_tsl1401.o [41]
tsl1401_finish_flag      0x803'1be4     0x1  Data  Gb  zf_device_tsl1401.o [41]
tsl1401_init_state       0x803'1be3     0x1  Data  Lc  zf_device_tsl1401.o [41]
type_default_callback   0x1009'14ed     0x2  Code  Lc  zf_device_type.o [41]
uart0_isr               0x1009'1949    0x12  Code  Gb  cm4_isr.o [38]
uart1_isr               0x1009'195b     0xa  Code  Gb  cm4_isr.o [38]
uart2_isr               0x1009'1965     0xa  Code  Gb  cm4_isr.o [38]
uart3_isr               0x1009'196f     0xa  Code  Gb  cm4_isr.o [38]
uart4_isr               0x1009'1979     0xa  Code  Gb  cm4_isr.o [38]
uart_context             0x803'15b4   0x118  Data  Gb  zf_driver_uart.o [42]
uart_data_buffer         0x803'1ab8     0x8  Data  Lc  zf_driver_uart.o [42]
uart_data_refresh        0x803'1ac0     0x8  Data  Lc  zf_driver_uart.o [42]
uart_init               0x1008'a2d1   0x186  Code  Gb  zf_driver_uart.o [42]
uart_isr_func            0x802'6588    0x14  Data  Gb  zf_driver_uart.o [42]
uart_isr_mask           0x1008'9e67    0x80  Code  Gb  zf_driver_uart.o [42]
uart_query_byte         0x1008'a087    0x30  Code  Gb  zf_driver_uart.o [42]
uart_rx_interrupt       0x1008'a1d3    0xfe  Code  Gb  zf_driver_uart.o [42]
uart_tx_interrupt       0x1008'a0b7   0x11c  Code  Gb  zf_driver_uart.o [42]
uart_write_buffer       0x1008'a047    0x1e  Code  Gb  zf_driver_uart.o [42]
uart_write_byte         0x1008'a01f    0x28  Code  Gb  zf_driver_uart.o [42]
uart_write_string       0x1008'a065    0x22  Code  Gb  zf_driver_uart.o [42]
update_legacy_flags     0x1008'd64b    0x72  Code  Gb  huandao.o [4]
update_yaw_records      0x1008'5569    0x92  Code  Gb  break_road.o [4]
wireless_module_uart_handler
                         0x802'6518     0x4  Data  Gb  zf_device_type.o [41]
wireless_type            0x803'1be5     0x1  Data  Gb  zf_device_type.o [41]
wireless_uart_buffer     0x803'18a0    0x40  Data  Lc  zf_device_wireless_uart.o [41]
wireless_uart_callback  0x1009'1391    0x1c  Code  Gb  zf_device_wireless_uart.o [41]
wireless_uart_data       0x803'1be6     0x1  Data  Lc  zf_device_wireless_uart.o [41]
wireless_uart_fifo       0x803'19fc    0x18  Data  Lc  zf_device_wireless_uart.o [41]
wireless_uart_init      0x1009'13ad    0x40  Code  Gb  zf_device_wireless_uart.o [41]
yaw_data_load           0x1008'563f    0x3a  Code  Gb  break_road.o [4]
yaw_data_load_segment   0x1008'5ea9    0xa6  Code  Gb  break_road.o [4]
yaw_data_storage        0x1008'561d    0x22  Code  Gb  break_road.o [4]
yaw_data_storage_segment
                        0x1008'5df3    0xa2  Code  Gb  break_road.o [4]
zf_debug_assert_enable   0x802'65ca     0x1  Data  Lc  zf_common_debug.o [39]
zf_debug_init_flag       0x803'1bde     0x1  Data  Lc  zf_common_debug.o [39]


[1] = D:\fenkuandianlu\ADS\code\kaiyuan_code\wangyou\project\iar\Debug_m4\Obj\adc_11722776235721520015.dir
[2] = D:\fenkuandianlu\ADS\code\kaiyuan_code\wangyou\project\iar\Debug_m4\Obj\button_4990804375159372270.dir
[3] = D:\fenkuandianlu\ADS\code\kaiyuan_code\wangyou\project\iar\Debug_m4\Obj\canfd_1800690984773873875.dir
[4] = D:\fenkuandianlu\ADS\code\kaiyuan_code\wangyou\project\iar\Debug_m4\Obj\code_17896468042025673432.dir
[5] = D:\fenkuandianlu\ADS\code\kaiyuan_code\wangyou\project\iar\Debug_m4\Obj\cpu_15938736945165268644.dir
[6] = D:\fenkuandianlu\ADS\code\kaiyuan_code\wangyou\project\iar\Debug_m4\Obj\crypto_1190170608956581615.dir
[7] = D:\fenkuandianlu\ADS\code\kaiyuan_code\wangyou\project\iar\Debug_m4\Obj\dma_12106025507578611576.dir
[8] = D:\fenkuandianlu\ADS\code\kaiyuan_code\wangyou\project\iar\Debug_m4\Obj\evtgen_3404189088603873129.dir
[9] = D:\fenkuandianlu\ADS\code\kaiyuan_code\wangyou\project\iar\Debug_m4\Obj\flash_8529866181315662935.dir
[10] = D:\fenkuandianlu\ADS\code\kaiyuan_code\wangyou\project\iar\Debug_m4\Obj\flash_864493325053435817.dir
[11] = D:\fenkuandianlu\ADS\code\kaiyuan_code\wangyou\project\iar\Debug_m4\Obj\gpio_3999404635324069351.dir
[12] = D:\fenkuandianlu\ADS\code\kaiyuan_code\wangyou\project\iar\Debug_m4\Obj\ipc_10145506163450686023.dir
[13] = D:\fenkuandianlu\ADS\code\kaiyuan_code\wangyou\project\iar\Debug_m4\Obj\lin_18429031207028094880.dir
[14] = D:\fenkuandianlu\ADS\code\kaiyuan_code\wangyou\project\iar\Debug_m4\Obj\lvd_6353935867039560245.dir
[15] = D:\fenkuandianlu\ADS\code\kaiyuan_code\wangyou\project\iar\Debug_m4\Obj\mcwdt_4052485907822033969.dir
[16] = D:\fenkuandianlu\ADS\code\kaiyuan_code\wangyou\project\iar\Debug_m4\Obj\mpu_5663187252346826382.dir
[17] = D:\fenkuandianlu\ADS\code\kaiyuan_code\wangyou\project\iar\Debug_m4\Obj\prot_10722960861768657883.dir
[18] = D:\fenkuandianlu\ADS\code\kaiyuan_code\wangyou\project\iar\Debug_m4\Obj\rev_b_4986922561640112550.dir
[19] = D:\fenkuandianlu\ADS\code\kaiyuan_code\wangyou\project\iar\Debug_m4\Obj\rev_b_6162237342861132223.dir
[20] = D:\fenkuandianlu\ADS\code\kaiyuan_code\wangyou\project\iar\Debug_m4\Obj\scb_15490842639181808494.dir
[21] = D:\fenkuandianlu\ADS\code\kaiyuan_code\wangyou\project\iar\Debug_m4\Obj\semihosting_143864889731838620.dir
[22] = D:\fenkuandianlu\ADS\code\kaiyuan_code\wangyou\project\iar\Debug_m4\Obj\smartio_5451710003740070188.dir
[23] = D:\fenkuandianlu\ADS\code\kaiyuan_code\wangyou\project\iar\Debug_m4\Obj\smif_427648126384146252.dir
[24] = D:\fenkuandianlu\ADS\code\kaiyuan_code\wangyou\project\iar\Debug_m4\Obj\srom_13018798572330080582.dir
[25] = D:\fenkuandianlu\ADS\code\kaiyuan_code\wangyou\project\iar\Debug_m4\Obj\startup_479057977785470282.dir
[26] = D:\fenkuandianlu\ADS\code\kaiyuan_code\wangyou\project\iar\Debug_m4\Obj\sw_timer_4215635015939382130.dir
[27] = D:\fenkuandianlu\ADS\code\kaiyuan_code\wangyou\project\iar\Debug_m4\Obj\sysclk_16149231235676103872.dir
[28] = D:\fenkuandianlu\ADS\code\kaiyuan_code\wangyou\project\iar\Debug_m4\Obj\sysflt_12293435975120599261.dir
[29] = D:\fenkuandianlu\ADS\code\kaiyuan_code\wangyou\project\iar\Debug_m4\Obj\sysint_7435970359207984181.dir
[30] = D:\fenkuandianlu\ADS\code\kaiyuan_code\wangyou\project\iar\Debug_m4\Obj\syslib_16330585751512546975.dir
[31] = D:\fenkuandianlu\ADS\code\kaiyuan_code\wangyou\project\iar\Debug_m4\Obj\syspm_10887939769544754770.dir
[32] = D:\fenkuandianlu\ADS\code\kaiyuan_code\wangyou\project\iar\Debug_m4\Obj\sysreset_14586141425677365288.dir
[33] = D:\fenkuandianlu\ADS\code\kaiyuan_code\wangyou\project\iar\Debug_m4\Obj\sysrtc_10747768817563771611.dir
[34] = D:\fenkuandianlu\ADS\code\kaiyuan_code\wangyou\project\iar\Debug_m4\Obj\systick_16016591671695740695.dir
[35] = D:\fenkuandianlu\ADS\code\kaiyuan_code\wangyou\project\iar\Debug_m4\Obj\syswdt_9118657615806274156.dir
[36] = D:\fenkuandianlu\ADS\code\kaiyuan_code\wangyou\project\iar\Debug_m4\Obj\tcpwm_422923530147891246.dir
[37] = D:\fenkuandianlu\ADS\code\kaiyuan_code\wangyou\project\iar\Debug_m4\Obj\trigmux_9729677290734583340.dir
[38] = D:\fenkuandianlu\ADS\code\kaiyuan_code\wangyou\project\iar\Debug_m4\Obj\user_8514941877209965082.dir
[39] = D:\fenkuandianlu\ADS\code\kaiyuan_code\wangyou\project\iar\Debug_m4\Obj\zf_common_1201165462030747823.dir
[40] = D:\fenkuandianlu\ADS\code\kaiyuan_code\wangyou\project\iar\Debug_m4\Obj\zf_components_14936052685886095442.dir
[41] = D:\fenkuandianlu\ADS\code\kaiyuan_code\wangyou\project\iar\Debug_m4\Obj\zf_device_6570275422786408770.dir
[42] = D:\fenkuandianlu\ADS\code\kaiyuan_code\wangyou\project\iar\Debug_m4\Obj\zf_driver_11922370083829174090.dir
[43] = dl7M_tln.a
[44] = m7M_tls.a
[45] = rt7M_tl.a
[46] = shb_l.a
[47] = zf_device_config.a

  62'554 bytes of readonly  code memory
  14'696 bytes of readonly  data memory
  56'815 bytes of readwrite data memory (+ 22'564 absolute)

Errors: none
Warnings: none
